[14-09-26 03:15:16.717] LOG  : General      f:0> 14-09-2026 03:15:16.
[14-09-26 03:15:16.737] LOG  : General      f:0> SLF4J(I): Attempting to load provider "zombie.core.logger.Slf4jBridge" specified via "slf4j.provider" system property.
[14-09-26 03:15:16.908] LOG  : General      f:0> ===== System specs =====.
[14-09-26 03:15:16.908] LOG  : General      f:0> CPU: AMD Ryzen 7 7800X3D 8-Core Processor           , vendor: AuthenticAMD, cores: 8, threads: 16.
[14-09-26 03:15:16.912] LOG  : General      f:0> RAM: 31905 Mb.
[14-09-26 03:15:16.923] LOG  : General      f:0> Base board: MAG B650 TOMAHAWK WIFI (MS-7D75), vendor: Micro-Star International Co., Ltd..
[14-09-26 03:15:16.925] LOG  : General      f:0> GPU: AMD Radeon(TM) Graphics, vendor: Advanced Micro Devices, Inc., video memory: 512 Mb, driver: 31.0.24002.92.
[14-09-26 03:15:16.927] LOG  : General      f:0> GPU: NVIDIA GeForce RTX 4070, vendor: NVIDIA, video memory: 12282 Mb, driver: 32.0.15.9186.
[14-09-26 03:15:16.928] LOG  : General      f:0> Disk info: 1863.00 Gb, free space: 239.28 Gb, usable space: 239.28 Gb.
[14-09-26 03:15:17.047] LOG  : General      f:0> OS: Windows 11, version: 10.0, arch: amd64, build: 26200.
[14-09-26 03:15:17.049] LOG  : General      f:0> JVM (free: 474 Mb, max: 2048 Mb, total available: 502 Mb).
[14-09-26 03:15:17.049] LOG  : General      f:0> ========================.
[14-09-26 03:15:17.049] LOG  : General      f:0> java.specification.version=25.
[14-09-26 03:15:17.049] LOG  : General      f:0> sun.cpu.isalist=amd64.
[14-09-26 03:15:17.049] LOG  : General      f:0> sun.jnu.encoding=Cp1252.
[14-09-26 03:15:17.050] LOG  : General      f:0> java.vm.vendor=Azul Systems, Inc..
[14-09-26 03:15:17.050] LOG  : General      f:0> sun.arch.data.model=64.
[14-09-26 03:15:17.050] LOG  : General      f:0> java.vendor.url=http://www.azul.com/.
[14-09-26 03:15:17.050] LOG  : General      f:0> zomboid.steam=0.
[14-09-26 03:15:17.050] LOG  : General      f:0> java.vm.specification.version=25.
[14-09-26 03:15:17.050] LOG  : General      f:0> os.name=Windows 11.
[14-09-26 03:15:17.050] LOG  : General      f:0> sun.java.launcher=SUN_STANDARD.
[14-09-26 03:15:17.051] LOG  : General      f:0> sun.java.command=zombie.gameStates.MainScreenState -ca....
[14-09-26 03:15:17.051] LOG  : General      f:0> slf4j.provider=zombie.core.logger.Slf4jBridge.
[14-09-26 03:15:17.051] LOG  : General      f:0> jdk.debug=release.
[14-09-26 03:15:17.051] LOG  : General      f:0> sun.cpu.endian=little.
[14-09-26 03:15:17.052] LOG  : General      f:0> java.specification.vendor=Oracle Corporation.
[14-09-26 03:15:17.052] LOG  : General      f:0> java.version.date=2025-10-21.
[14-09-26 03:15:17.052] LOG  : General      f:0> java.home=E:\SteamLibrary\steamapps\common\Proj....
[14-09-26 03:15:17.052] LOG  : General      f:0> file.separator=\.
[14-09-26 03:15:17.052] LOG  : General      f:0> java.vm.compressedOopsMode=32-bit.
[14-09-26 03:15:17.052] LOG  : General      f:0> line.separator=.
[14-09-26 03:15:17.053] LOG  : General      f:0> java.vm.specification.vendor=Oracle Corporation.
[14-09-26 03:15:17.053] LOG  : General      f:0> java.specification.name=Java Platform API Specification.
[14-09-26 03:15:17.053] LOG  : General      f:0> java.awt.headless=true.
[14-09-26 03:15:17.053] LOG  : General      f:0> sun.management.compiler=HotSpot 64-Bit Tiered Compilers.
[14-09-26 03:15:17.053] LOG  : General      f:0> java.runtime.version=25.0.1+8-LTS.
[14-09-26 03:15:17.053] LOG  : General      f:0> stdout.encoding=Cp1252.
[14-09-26 03:15:17.054] LOG  : General      f:0> os.version=10.0.
[14-09-26 03:15:17.054] LOG  : General      f:0> jna.nosys=false.
[14-09-26 03:15:17.054] LOG  : General      f:0> java.runtime.name=OpenJDK Runtime Environment.
[14-09-26 03:15:17.054] LOG  : General      f:0> file.encoding=UTF-8.
[14-09-26 03:15:17.054] LOG  : General      f:0> java.vm.name=OpenJDK 64-Bit Server VM.
[14-09-26 03:15:17.054] LOG  : General      f:0> java.vendor.version=Zulu25.30+17-CA.
[14-09-26 03:15:17.055] LOG  : General      f:0> jna.loaded=true.
[14-09-26 03:15:17.055] LOG  : General      f:0> java.vendor.url.bug=http://www.azul.com/support/.
[14-09-26 03:15:17.055] LOG  : General      f:0> java.version=25.0.1.
[14-09-26 03:15:17.055] LOG  : General      f:0> os.arch=amd64.
[14-09-26 03:15:17.055] LOG  : General      f:0> java.vm.specification.name=Java Virtual Machine Specification.
[14-09-26 03:15:17.055] LOG  : General      f:0> sun.os.patch.level=.
[14-09-26 03:15:17.055] LOG  : General      f:0> native.encoding=Cp1252.
[14-09-26 03:15:17.056] LOG  : General      f:0> java.vm.info=mixed mode, sharing.
[14-09-26 03:15:17.056] LOG  : General      f:0> stderr.encoding=Cp1252.
[14-09-26 03:15:17.056] LOG  : General      f:0> java.vendor=Azul Systems, Inc..
[14-09-26 03:15:17.056] LOG  : General      f:0> java.vm.version=25.0.1+8-LTS.
[14-09-26 03:15:17.056] LOG  : General      f:0> stdin.encoding=Cp1252.
[14-09-26 03:15:17.057] LOG  : General      f:0> sun.io.unicode.encoding=UnicodeLittle.
[14-09-26 03:15:17.057] LOG  : General      f:0> java.class.version=69.0.
[14-09-26 03:15:17.057] LOG  : General      f:0> -----.
[14-09-26 03:15:17.061] LOG  : General      f:0> version=42.20.4 b0bbce05d5 demo=false.
[14-09-26 03:15:17.061] LOG  : General      f:0> revision=b0bbce05d5 pzbullet=1.0.0.28.
[14-09-26 03:15:17.109] LOG  : General      f:0> Logs configuration:.
[14-09-26 03:15:17.111] LOG  : General      f:0>      General: General.
[14-09-26 03:15:17.111] LOG  : General      f:0>      Network: General.
[14-09-26 03:15:17.111] LOG  : General      f:0>          Lua: General.
[14-09-26 03:15:17.111] LOG  : General      f:0>          Mod: General.
[14-09-26 03:15:17.112] LOG  : General      f:0>  Multiplayer: General.
[14-09-26 03:15:17.112] LOG  : General      f:0>      Default: Off.
[14-09-26 03:15:17.120] LOG  : General      f:0> LightingFPS set to 15.
[14-09-26 03:15:17.631] LOG  : General      f:0> Display mode changed to 1280x720 freq=0 fullScreen=false.
[14-09-26 03:15:17.632] LOG  : General      f:0> GraphicsCard: NVIDIA Corporation NVIDIA GeForce RTX 4070/PCIe/SSE2.
[14-09-26 03:15:17.632] LOG  : General      f:0> OpenGL version: 4.6.0 NVIDIA 591.86.
[14-09-26 03:15:17.632] LOG  : General      f:0> Desktop resolution 2560x1440.
[14-09-26 03:15:17.633] LOG  : General      f:0> Initial resolution 1280x720 fullScreen=false.
[14-09-26 03:15:17.633] LOG  : General      f:0> OpenGL 1.5 buffer objects supported.
[14-09-26 03:15:17.634] LOG  : General      f:0> VSync: OFF.
[14-09-26 03:15:20.490] LOG  : Mod          f:0> refusing to list examplemod.
[14-09-26 03:15:20.852] LOG  : General      f:0> Loading networking libraries....
[14-09-26 03:15:20.852] LOG  : General      f:0> Loading RakNet64....
[14-09-26 03:15:20.854] LOG  : General      f:0> Loading ZNetNoSteam64....
[14-09-26 03:15:20.869] LOG  : General      f:0> SteamUtils started without Steam.
[14-09-26 03:15:20.890] LOG  : General      f:0> Loading Mods.
[14-09-26 03:15:20.892] LOG  : Mod          f:0> refusing to list examplemod.
[14-09-26 03:15:20.910] LOG  : Mod          f:0> loading NeighborhoodLifeHUD.
[14-09-26 03:15:20.912] LOG  : Mod          f:0> loading NeighborhoodQA.
[14-09-26 03:15:20.914] LOG  : General      f:0> Loading Translations.
[14-09-26 03:15:22.465] LOG  : General      f:0> texturepack: loading UI.
[14-09-26 03:15:22.465] LOG  : General      f:0> Loading UI texture pack.
[14-09-26 03:15:22.487] LOG  : General      f:0> texturepack: loading UI2.
[14-09-26 03:15:22.488] LOG  : General      f:0> Loading UI2 texture pack.
[14-09-26 03:15:22.496] LOG  : General      f:0> texturepack: loading IconsMoveables.
[14-09-26 03:15:22.496] LOG  : General      f:0> Loading IconsMoveables texture pack.
[14-09-26 03:15:22.496] LOG  : General      f:0> texturepack: loading RadioIcons.
[14-09-26 03:15:22.496] LOG  : General      f:0> Loading RadioIcons texture pack.
[14-09-26 03:15:22.497] LOG  : General      f:0> texturepack: loading ApComUI.
[14-09-26 03:15:22.497] LOG  : General      f:0> Loading ApComUI texture pack.
[14-09-26 03:15:22.498] LOG  : General      f:0> texturepack: loading Mechanics.
[14-09-26 03:15:22.498] LOG  : General      f:0> Loading Mechanics texture pack.
[14-09-26 03:15:22.505] LOG  : General      f:0> texturepack: loading WeatherFx.
[14-09-26 03:15:22.507] LOG  : General      f:0> Loading WeatherFx texture pack.
[14-09-26 03:15:22.531] LOG  : General      f:0> Loading Scripts.
[14-09-26 03:15:23.979] ERROR: General      f:0 at FluidContainerScript.load           > Sanitizing container name 'Large Bucket', name may not contain whitespaces..
[14-09-26 03:15:24.407] ERROR: General      f:0 at FluidContainerScript.load           > Sanitizing container name 'Fuel Pump', name may not contain whitespaces..
[14-09-26 03:15:24.486] WARN : General      f:0 at XuiSkin$EntityUiStyle.Load          > Could not find icon: Build_AnvilStone, script = Stone Anvil.
[14-09-26 03:15:24.486] WARN : General      f:0 at XuiSkin$EntityUiStyle.LoadComponentInfo> Could not find icon: Build_AnvilStone.
[14-09-26 03:15:24.489] WARN : General      f:0 at XuiSkin$EntityUiStyle.Load          > Could not find icon: Build_AnvilStone, script = Stone Anvil.
[14-09-26 03:15:24.489] WARN : General      f:0 at XuiSkin$EntityUiStyle.LoadComponentInfo> Could not find icon: Build_AnvilStone.
[14-09-26 03:15:24.491] WARN : General      f:0 at XuiSkin$EntityUiStyle.Load          > Could not find icon: Build_AnvilStone, script = Stone Anvil.
[14-09-26 03:15:24.492] WARN : General      f:0 at XuiSkin$EntityUiStyle.LoadComponentInfo> Could not find icon: Build_AnvilStone.
[14-09-26 03:15:24.493] WARN : General      f:0 at XuiSkin$EntityUiStyle.Load          > Could not find icon: Build_AnvilStone, script = Stone Anvil.
[14-09-26 03:15:24.493] WARN : General      f:0 at XuiSkin$EntityUiStyle.LoadComponentInfo> Could not find icon: Build_AnvilStone.
[14-09-26 03:15:24.535] WARN : General      f:0 at TaggedObjectManager.createTagBits   > manager-> new tag discovered that was not preprocessed, tag: keyduplicator.
[14-09-26 03:15:24.537] WARN : General      f:0 at TaggedObjectManager.createTagBits   > manager-> new tag discovered that was not preprocessed, tag: choppingblock.
[14-09-26 03:15:24.615] LOG  : General      f:0> Loading Clothing.
[14-09-26 03:15:24.947] LOG  : General      f:0> .
[14-09-26 03:15:27.637] LOG  : General      f:0> Loading Lua.
[14-09-26 03:15:28.772] WARN : Lua          f:0 at Lua(Vanilla).corpseStorageCheck     > require("ISUI/ISInventoryPaneContextMenu") failed.
[14-09-26 03:15:28.772] WARN : Lua          f:0 at Lua(Vanilla).corpseStorageCheck     > require("ISUI/ISVehicleMenu") failed.
[14-09-26 03:15:28.773] WARN : Lua          f:0 at Lua(Vanilla).corpseStorageCheck     > require("ISUI/ISContextMenu") failed.
[14-09-26 03:15:28.788] WARN : Lua          f:0 at Lua(Vanilla).ISCampingMenu          > require("Camping/CCampfireSystem") failed.
[14-09-26 03:15:29.145] WARN : Lua          f:0 at Lua(Vanilla).ISInventoryTransferUtil> require("TimedActions/ISInventoryTransferAction") failed.
[14-09-26 03:15:29.146] WARN : Lua          f:0 at Lua(Vanilla).ISInventoryTransferUtil> require("ISUI/PlayerData/ISPlayerData") failed.
[14-09-26 03:15:30.158] WARN : Lua          f:0 at Lua(Vanilla).ISAnimalContextMenu    > require("BuildingObjects/ISAnimalPickMateCursor") failed.
[14-09-26 03:15:30.220] WARN : Lua          f:0 at Lua(Vanilla).TakeSameType           > require("ISUI/InventoryWindow/ISLootWindowControlHandler") failed.
[14-09-26 03:15:30.222] WARN : Lua          f:0 at Lua(Vanilla).FloorTakeSameType      > require("ISUI/InventoryWindow/ISLootWindowControlHandler") failed.
[14-09-26 03:15:30.542] WARN : Lua          f:0 at Lua(Vanilla).testUI                 > require("pzapi/ui/ui") failed.
[14-09-26 03:15:30.666] LOG  : Lua          f:0> OnLoadSoundbanks.
[14-09-26 03:15:30.669] LOG  : General      f:0> texturepack: loading Tiles2x.
[14-09-26 03:15:30.669] LOG  : General      f:0> Loading Tiles2x texture pack.
[14-09-26 03:15:30.711] LOG  : General      f:0> texturepack: loading Overlays2x.
[14-09-26 03:15:30.711] LOG  : General      f:0> Loading Overlays2x texture pack.
[14-09-26 03:15:30.713] LOG  : General      f:0> texturepack: loading JumboTrees2x.
[14-09-26 03:15:30.713] LOG  : General      f:0> Loading JumboTrees2x texture pack.
[14-09-26 03:15:30.839] LOG  : General      f:0> texturepack: loading JumboTreesBigs2x.
[14-09-26 03:15:30.839] LOG  : General      f:0> Loading JumboTreesBigs2x texture pack.
[14-09-26 03:15:30.841] LOG  : General      f:0> texturepack: loading Tiles2x.floor.
[14-09-26 03:15:30.841] LOG  : General      f:0> Loading Tiles2x.floor texture pack.
[14-09-26 03:15:30.842] LOG  : General      f:0> texturepack: loading B42ChunkCaching2x.
[14-09-26 03:15:30.842] LOG  : General      f:0> Loading B42ChunkCaching2x texture pack.
[14-09-26 03:15:30.844] LOG  : General      f:0> texturepack: loading B42ChunkCaching2x.floor.
[14-09-26 03:15:30.844] LOG  : General      f:0> Loading B42ChunkCaching2x.floor texture pack.
[14-09-26 03:15:30.845] LOG  : General      f:0> texturepack: loading Clock2x.
[14-09-26 03:15:30.845] LOG  : General      f:0> Loading Clock2x texture pack.
[14-09-26 03:15:30.848] LOG  : General      f:0> Loading models and animations.
[14-09-26 03:15:31.646] LOG  : General      f:0> Game booting.
[14-09-26 03:15:37.232] LOG  : General      f:0> STATE: exit zombie.gameStates.TISLogoState.
[14-09-26 03:15:37.249] LOG  : General      f:0> STATE: exit zombie.gameStates.TermsOfServiceState.
[14-09-26 03:15:37.690] LOG  : General      f:0> binkId: 1.
[14-09-26 03:15:37.854] WARN : Lua          f:0 at Lua(Vanilla).namedColorToTable      > env.lua-> namedColorToTable color not found: ProgressYellow.
[14-09-26 03:15:38.131] LOG  : Lua          f:0> NLQA MP CONNECT ARMED: 127.0.0.1:16261.
[14-09-26 03:15:38.131] LOG  : Lua          f:0> NLQA STAT HUNGER 0..1.
[14-09-26 03:15:38.132] LOG  : Lua          f:0> NLQA STAT THIRST 0..1.
[14-09-26 03:15:38.132] LOG  : Lua          f:0> NLQA STAT FATIGUE 0..1.
[14-09-26 03:15:38.132] LOG  : Lua          f:0> NLQA STAT BOREDOM 0..100.
[14-09-26 03:15:38.132] LOG  : Lua          f:0> NLQA STAT STRESS 0..1.
[14-09-26 03:15:38.132] LOG  : Lua          f:0> NLQA STAT UNHAPPINESS 0..100.
[14-09-26 03:15:38.133] LOG  : Lua          f:0> NLQA PASS: actual item/perk/stat APIs and real ISPanel journal construction.
[14-09-26 03:15:38.137] LOG  : General      f:0> binkId: 2.
[14-09-26 03:15:40.152] LOG  : Lua          f:0> NLQA MP CONNECT REQUEST: nl-guest -> 127.0.0.1:16261 accountPassword=true.
[14-09-26 03:15:40.448] LOG  : Network      f:0 st:0> Initialising RakNet....
[14-09-26 03:15:40.567] LOG  : General      f:0 st:0> LOGGED INTO : 78 millisecond.
[14-09-26 03:15:40.570] LOG  : General      f:0 st:0> ConnectToServerState: Start.
[14-09-26 03:15:40.583] LOG  : General      f:0 st:0> ConnectToServerState: TestTCP.
[14-09-26 03:15:40.616] LOG  : Lua          f:0 st:0> NLQA MP CONNECTION STATE: Connected message=nil arg=nil.
[14-09-26 03:15:42.781] LOG  : Mod          f:0 st:0> refusing to list examplemod.
[14-09-26 03:15:42.795] LOG  : Mod          f:0 st:0> loading NeighborhoodLifeHUD.
[14-09-26 03:15:42.797] LOG  : Mod          f:0 st:0> loading NeighborhoodQA.
[14-09-26 03:15:44.294] ERROR: General      f:0 st:0 at FluidContainerScript.load           > Sanitizing container name 'Large Bucket', name may not contain whitespaces..
[14-09-26 03:15:44.618] ERROR: General      f:0 st:0 at FluidContainerScript.load           > Sanitizing container name 'Fuel Pump', name may not contain whitespaces..
[14-09-26 03:15:44.670] WARN : General      f:0 st:0 at XuiSkin$EntityUiStyle.Load          > Could not find icon: Build_AnvilStone, script = Stone Anvil.
[14-09-26 03:15:44.670] WARN : General      f:0 st:0 at XuiSkin$EntityUiStyle.LoadComponentInfo> Could not find icon: Build_AnvilStone.
[14-09-26 03:15:44.671] WARN : General      f:0 st:0 at XuiSkin$EntityUiStyle.Load          > Could not find icon: Build_AnvilStone, script = Stone Anvil.
[14-09-26 03:15:44.671] WARN : General      f:0 st:0 at XuiSkin$EntityUiStyle.LoadComponentInfo> Could not find icon: Build_AnvilStone.
[14-09-26 03:15:44.672] WARN : General      f:0 st:0 at XuiSkin$EntityUiStyle.Load          > Could not find icon: Build_AnvilStone, script = Stone Anvil.
[14-09-26 03:15:44.672] WARN : General      f:0 st:0 at XuiSkin$EntityUiStyle.LoadComponentInfo> Could not find icon: Build_AnvilStone.
[14-09-26 03:15:44.673] WARN : General      f:0 st:0 at XuiSkin$EntityUiStyle.Load          > Could not find icon: Build_AnvilStone, script = Stone Anvil.
[14-09-26 03:15:44.674] WARN : General      f:0 st:0 at XuiSkin$EntityUiStyle.LoadComponentInfo> Could not find icon: Build_AnvilStone.
[14-09-26 03:15:44.689] WARN : General      f:0 st:0 at TaggedObjectManager.createTagBits   > manager-> new tag discovered that was not preprocessed, tag: keyduplicator.
[14-09-26 03:15:44.691] WARN : General      f:0 st:0 at TaggedObjectManager.createTagBits   > manager-> new tag discovered that was not preprocessed, tag: choppingblock.
[14-09-26 03:15:47.574] ERROR: General      f:0 st:0> AdvancedAnimator$1.visitFileFailed> Exception thrown
	java.nio.file.NoSuchFileException: E:\pzmod\test-profile\mp-guest\mods\NeighborhoodLife\common\media\AnimSets at WindowsException.translateToIOException(null:-1).
	Stack trace:
		java.base/sun.nio.fs.WindowsException.translateToIOException(Unknown Source)
		java.base/sun.nio.fs.WindowsException.rethrowAsIOException(Unknown Source)
		java.base/sun.nio.fs.WindowsException.rethrowAsIOException(Unknown Source)
		java.base/sun.nio.fs.WindowsFileAttributeViews$Basic.readAttributes(Unknown Source)
		java.base/sun.nio.fs.WindowsFileAttributeViews$Basic.readAttributes(Unknown Source)
		java.base/sun.nio.fs.WindowsFileSystemProvider.readAttributes(Unknown Source)
		java.base/java.nio.file.Files.readAttributes(Unknown Source)
		java.base/java.nio.file.FileTreeWalker.getAttributes(Unknown Source)
		java.base/java.nio.file.FileTreeWalker.visit(Unknown Source)
		java.base/java.nio.file.FileTreeWalker.walk(Unknown Source)
		java.base/java.nio.file.Files.walkFileTree(Unknown Source)
		java.base/java.nio.file.Files.walkFileTree(Unknown Source)
		zombie.core.skinnedmodel.advancedanimation.AdvancedAnimator.searchFolders(AdvancedAnimator.java:805)
		zombie.core.skinnedmodel.advancedanimation.AdvancedAnimator.loadModMedia(AdvancedAnimator.java:868)
		zombie.core.skinnedmodel.advancedanimation.AdvancedAnimator.collectModFiles(AdvancedAnimator.java:888)
		zombie.core.skinnedmodel.advancedanimation.AdvancedAnimator.load(AdvancedAnimator.java:928)
		zombie.core.Core.ResetLua(Core.java:4193)
		zombie.gameStates.ConnectToServerState.receiveServerOptions(ConnectToServerState.java:135)
		zombie.gameStates.ConnectToServerState.Finish(ConnectToServerState.java:696)
		zombie.gameStates.ConnectToServerState.update(ConnectToServerState.java:104)
		zombie.gameStates.MainScreenState.update(MainScreenState.java:778)
		zombie.gameStates.GameStateMachine.update(GameStateMachine.java:65)
		zombie.GameWindow.logic(GameWindow.java:390)
		zombie.GameWindow.frameStep(GameWindow.java:790)
		zombie.GameWindow.mainThreadStep(GameWindow.java:567)
		zombie.MainThread.mainLoop(MainThread.java:69)
		java.base/java.lang.Thread.run(Unknown Source).
[14-09-26 03:15:47.575] ERROR: General      f:0 st:0> AdvancedAnimator$1.visitFileFailed> Exception thrown
	java.nio.file.NoSuchFileException: E:\pzmod\test-profile\mp-guest\mods\NeighborhoodLife\common\media\actiongroups at WindowsException.translateToIOException(null:-1).
	Stack trace:
		java.base/sun.nio.fs.WindowsException.translateToIOException(Unknown Source)
		java.base/sun.nio.fs.WindowsException.rethrowAsIOException(Unknown Source)
		java.base/sun.nio.fs.WindowsException.rethrowAsIOException(Unknown Source)
		java.base/sun.nio.fs.WindowsFileAttributeViews$Basic.readAttributes(Unknown Source)
		java.base/sun.nio.fs.WindowsFileAttributeViews$Basic.readAttributes(Unknown Source)
		java.base/sun.nio.fs.WindowsFileSystemProvider.readAttributes(Unknown Source)
		java.base/java.nio.file.Files.readAttributes(Unknown Source)
		java.base/java.nio.file.FileTreeWalker.getAttributes(Unknown Source)
		java.base/java.nio.file.FileTreeWalker.visit(Unknown Source)
		java.base/java.nio.file.FileTreeWalker.walk(Unknown Source)
		java.base/java.nio.file.Files.walkFileTree(Unknown Source)
		java.base/java.nio.file.Files.walkFileTree(Unknown Source)
		zombie.core.skinnedmodel.advancedanimation.AdvancedAnimator.searchFolders(AdvancedAnimator.java:805)
		zombie.core.skinnedmodel.advancedanimation.AdvancedAnimator.loadModMedia(AdvancedAnimator.java:869)
		zombie.core.skinnedmodel.advancedanimation.AdvancedAnimator.collectModFiles(AdvancedAnimator.java:888)
		zombie.core.skinnedmodel.advancedanimation.AdvancedAnimator.load(AdvancedAnimator.java:928)
		zombie.core.Core.ResetLua(Core.java:4193)
		zombie.gameStates.ConnectToServerState.receiveServerOptions(ConnectToServerState.java:135)
		zombie.gameStates.ConnectToServerState.Finish(ConnectToServerState.java:696)
		zombie.gameStates.ConnectToServerState.update(ConnectToServerState.java:104)
		zombie.gameStates.MainScreenState.update(MainScreenState.java:778)
		zombie.gameStates.GameStateMachine.update(GameStateMachine.java:65)
		zombie.GameWindow.logic(GameWindow.java:390)
		zombie.GameWindow.frameStep(GameWindow.java:790)
		zombie.GameWindow.mainThreadStep(GameWindow.java:567)
		zombie.MainThread.mainLoop(MainThread.java:69)
		java.base/java.lang.Thread.run(Unknown Source).
[14-09-26 03:15:47.576] ERROR: General      f:0 st:0> AdvancedAnimator$1.visitFileFailed> Exception thrown
	java.nio.file.NoSuchFileException: E:\pzmod\test-profile\mp-guest\mods\NeighborhoodLife\42\media\AnimSets at WindowsException.translateToIOException(null:-1).
	Stack trace:
		java.base/sun.nio.fs.WindowsException.translateToIOException(Unknown Source)
		java.base/sun.nio.fs.WindowsException.rethrowAsIOException(Unknown Source)
		java.base/sun.nio.fs.WindowsException.rethrowAsIOException(Unknown Source)
		java.base/sun.nio.fs.WindowsFileAttributeViews$Basic.readAttributes(Unknown Source)
		java.base/sun.nio.fs.WindowsFileAttributeViews$Basic.readAttributes(Unknown Source)
		java.base/sun.nio.fs.WindowsFileSystemProvider.readAttributes(Unknown Source)
		java.base/java.nio.file.Files.readAttributes(Unknown Source)
		java.base/java.nio.file.FileTreeWalker.getAttributes(Unknown Source)
		java.base/java.nio.file.FileTreeWalker.visit(Unknown Source)
		java.base/java.nio.file.FileTreeWalker.walk(Unknown Source)
		java.base/java.nio.file.Files.walkFileTree(Unknown Source)
		java.base/java.nio.file.Files.walkFileTree(Unknown Source)
		zombie.core.skinnedmodel.advancedanimation.AdvancedAnimator.searchFolders(AdvancedAnimator.java:805)
		zombie.core.skinnedmodel.advancedanimation.AdvancedAnimator.loadModMedia(AdvancedAnimator.java:868)
		zombie.core.skinnedmodel.advancedanimation.AdvancedAnimator.collectModFiles(AdvancedAnimator.java:889)
		zombie.core.skinnedmodel.advancedanimation.AdvancedAnimator.load(AdvancedAnimator.java:928)
		zombie.core.Core.ResetLua(Core.java:4193)
		zombie.gameStates.ConnectToServerState.receiveServerOptions(ConnectToServerState.java:135)
		zombie.gameStates.ConnectToServerState.Finish(ConnectToServerState.java:696)
		zombie.gameStates.ConnectToServerState.update(ConnectToServerState.java:104)
		zombie.gameStates.MainScreenState.update(MainScreenState.java:778)
		zombie.gameStates.GameStateMachine.update(GameStateMachine.java:65)
		zombie.GameWindow.logic(GameWindow.java:390)
		zombie.GameWindow.frameStep(GameWindow.java:790)
		zombie.GameWindow.mainThreadStep(GameWindow.java:567)
		zombie.MainThread.mainLoop(MainThread.java:69)
		java.base/java.lang.Thread.run(Unknown Source).
[14-09-26 03:15:47.577] ERROR: General      f:0 st:0> AdvancedAnimator$1.visitFileFailed> Exception thrown
	java.nio.file.NoSuchFileException: E:\pzmod\test-profile\mp-guest\mods\NeighborhoodLife\42\media\actiongroups at WindowsException.translateToIOException(null:-1).
	Stack trace:
		java.base/sun.nio.fs.WindowsException.translateToIOException(Unknown Source)
		java.base/sun.nio.fs.WindowsException.rethrowAsIOException(Unknown Source)
		java.base/sun.nio.fs.WindowsException.rethrowAsIOException(Unknown Source)
		java.base/sun.nio.fs.WindowsFileAttributeViews$Basic.readAttributes(Unknown Source)
		java.base/sun.nio.fs.WindowsFileAttributeViews$Basic.readAttributes(Unknown Source)
		java.base/sun.nio.fs.WindowsFileSystemProvider.readAttributes(Unknown Source)
		java.base/java.nio.file.Files.readAttributes(Unknown Source)
		java.base/java.nio.file.FileTreeWalker.getAttributes(Unknown Source)
		java.base/java.nio.file.FileTreeWalker.visit(Unknown Source)
		java.base/java.nio.file.FileTreeWalker.walk(Unknown Source)
		java.base/java.nio.file.Files.walkFileTree(Unknown Source)
		java.base/java.nio.file.Files.walkFileTree(Unknown Source)
		zombie.core.skinnedmodel.advancedanimation.AdvancedAnimator.searchFolders(AdvancedAnimator.java:805)
		zombie.core.skinnedmodel.advancedanimation.AdvancedAnimator.loadModMedia(AdvancedAnimator.java:869)
		zombie.core.skinnedmodel.advancedanimation.AdvancedAnimator.collectModFiles(AdvancedAnimator.java:889)
		zombie.core.skinnedmodel.advancedanimation.AdvancedAnimator.load(AdvancedAnimator.java:928)
		zombie.core.Core.ResetLua(Core.java:4193)
		zombie.gameStates.ConnectToServerState.receiveServerOptions(ConnectToServerState.java:135)
		zombie.gameStates.ConnectToServerState.Finish(ConnectToServerState.java:696)
		zombie.gameStates.ConnectToServerState.update(ConnectToServerState.java:104)
		zombie.gameStates.MainScreenState.update(MainScreenState.java:778)
		zombie.gameStates.GameStateMachine.update(GameStateMachine.java:65)
		zombie.GameWindow.logic(GameWindow.java:390)
		zombie.GameWindow.frameStep(GameWindow.java:790)
		zombie.GameWindow.mainThreadStep(GameWindow.java:567)
		zombie.MainThread.mainLoop(MainThread.java:69)
		java.base/java.lang.Thread.run(Unknown Source).
[14-09-26 03:15:47.577] ERROR: General      f:0 st:0> AdvancedAnimator$1.visitFileFailed> Exception thrown
	java.nio.file.NoSuchFileException: E:\pzmod\test-profile\mp-guest\mods\NeighborhoodQA\common\media\AnimSets at WindowsException.translateToIOException(null:-1).
	Stack trace:
		java.base/sun.nio.fs.WindowsException.translateToIOException(Unknown Source)
		java.base/sun.nio.fs.WindowsException.rethrowAsIOException(Unknown Source)
		java.base/sun.nio.fs.WindowsException.rethrowAsIOException(Unknown Source)
		java.base/sun.nio.fs.WindowsFileAttributeViews$Basic.readAttributes(Unknown Source)
		java.base/sun.nio.fs.WindowsFileAttributeViews$Basic.readAttributes(Unknown Source)
		java.base/sun.nio.fs.WindowsFileSystemProvider.readAttributes(Unknown Source)
		java.base/java.nio.file.Files.readAttributes(Unknown Source)
		java.base/java.nio.file.FileTreeWalker.getAttributes(Unknown Source)
		java.base/java.nio.file.FileTreeWalker.visit(Unknown Source)
		java.base/java.nio.file.FileTreeWalker.walk(Unknown Source)
		java.base/java.nio.file.Files.walkFileTree(Unknown Source)
		java.base/java.nio.file.Files.walkFileTree(Unknown Source)
		zombie.core.skinnedmodel.advancedanimation.AdvancedAnimator.searchFolders(AdvancedAnimator.java:805)
		zombie.core.skinnedmodel.advancedanimation.AdvancedAnimator.loadModMedia(AdvancedAnimator.java:868)
		zombie.core.skinnedmodel.advancedanimation.AdvancedAnimator.collectModFiles(AdvancedAnimator.java:888)
		zombie.core.skinnedmodel.advancedanimation.AdvancedAnimator.load(AdvancedAnimator.java:928)
		zombie.core.Core.ResetLua(Core.java:4193)
		zombie.gameStates.ConnectToServerState.receiveServerOptions(ConnectToServerState.java:135)
		zombie.gameStates.ConnectToServerState.Finish(ConnectToServerState.java:696)
		zombie.gameStates.ConnectToServerState.update(ConnectToServerState.java:104)
		zombie.gameStates.MainScreenState.update(MainScreenState.java:778)
		zombie.gameStates.GameStateMachine.update(GameStateMachine.java:65)
		zombie.GameWindow.logic(GameWindow.java:390)
		zombie.GameWindow.frameStep(GameWindow.java:790)
		zombie.GameWindow.mainThreadStep(GameWindow.java:567)
		zombie.MainThread.mainLoop(MainThread.java:69)
		java.base/java.lang.Thread.run(Unknown Source).
[14-09-26 03:15:47.578] ERROR: General      f:0 st:0> AdvancedAnimator$1.visitFileFailed> Exception thrown
	java.nio.file.NoSuchFileException: E:\pzmod\test-profile\mp-guest\mods\NeighborhoodQA\common\media\actiongroups at WindowsException.translateToIOException(null:-1).
	Stack trace:
		java.base/sun.nio.fs.WindowsException.translateToIOException(Unknown Source)
		java.base/sun.nio.fs.WindowsException.rethrowAsIOException(Unknown Source)
		java.base/sun.nio.fs.WindowsException.rethrowAsIOException(Unknown Source)
		java.base/sun.nio.fs.WindowsFileAttributeViews$Basic.readAttributes(Unknown Source)
		java.base/sun.nio.fs.WindowsFileAttributeViews$Basic.readAttributes(Unknown Source)
		java.base/sun.nio.fs.WindowsFileSystemProvider.readAttributes(Unknown Source)
		java.base/java.nio.file.Files.readAttributes(Unknown Source)
		java.base/java.nio.file.FileTreeWalker.getAttributes(Unknown Source)
		java.base/java.nio.file.FileTreeWalker.visit(Unknown Source)
		java.base/java.nio.file.FileTreeWalker.walk(Unknown Source)
		java.base/java.nio.file.Files.walkFileTree(Unknown Source)
		java.base/java.nio.file.Files.walkFileTree(Unknown Source)
		zombie.core.skinnedmodel.advancedanimation.AdvancedAnimator.searchFolders(AdvancedAnimator.java:805)
		zombie.core.skinnedmodel.advancedanimation.AdvancedAnimator.loadModMedia(AdvancedAnimator.java:869)
		zombie.core.skinnedmodel.advancedanimation.AdvancedAnimator.collectModFiles(AdvancedAnimator.java:888)
		zombie.core.skinnedmodel.advancedanimation.AdvancedAnimator.load(AdvancedAnimator.java:928)
		zombie.core.Core.ResetLua(Core.java:4193)
		zombie.gameStates.ConnectToServerState.receiveServerOptions(ConnectToServerState.java:135)
		zombie.gameStates.ConnectToServerState.Finish(ConnectToServerState.java:696)
		zombie.gameStates.ConnectToServerState.update(ConnectToServerState.java:104)
		zombie.gameStates.MainScreenState.update(MainScreenState.java:778)
		zombie.gameStates.GameStateMachine.update(GameStateMachine.java:65)
		zombie.GameWindow.logic(GameWindow.java:390)
		zombie.GameWindow.frameStep(GameWindow.java:790)
		zombie.GameWindow.mainThreadStep(GameWindow.java:567)
		zombie.MainThread.mainLoop(MainThread.java:69)
		java.base/java.lang.Thread.run(Unknown Source).
[14-09-26 03:15:47.579] ERROR: General      f:0 st:0> AdvancedAnimator$1.visitFileFailed> Exception thrown
	java.nio.file.NoSuchFileException: E:\pzmod\test-profile\mp-guest\mods\NeighborhoodQA\42\media\AnimSets at WindowsException.translateToIOException(null:-1).
	Stack trace:
		java.base/sun.nio.fs.WindowsException.translateToIOException(Unknown Source)
		java.base/sun.nio.fs.WindowsException.rethrowAsIOException(Unknown Source)
		java.base/sun.nio.fs.WindowsException.rethrowAsIOException(Unknown Source)
		java.base/sun.nio.fs.WindowsFileAttributeViews$Basic.readAttributes(Unknown Source)
		java.base/sun.nio.fs.WindowsFileAttributeViews$Basic.readAttributes(Unknown Source)
		java.base/sun.nio.fs.WindowsFileSystemProvider.readAttributes(Unknown Source)
		java.base/java.nio.file.Files.readAttributes(Unknown Source)
		java.base/java.nio.file.FileTreeWalker.getAttributes(Unknown Source)
		java.base/java.nio.file.FileTreeWalker.visit(Unknown Source)
		java.base/java.nio.file.FileTreeWalker.walk(Unknown Source)
		java.base/java.nio.file.Files.walkFileTree(Unknown Source)
		java.base/java.nio.file.Files.walkFileTree(Unknown Source)
		zombie.core.skinnedmodel.advancedanimation.AdvancedAnimator.searchFolders(AdvancedAnimator.java:805)
		zombie.core.skinnedmodel.advancedanimation.AdvancedAnimator.loadModMedia(AdvancedAnimator.java:868)
		zombie.core.skinnedmodel.advancedanimation.AdvancedAnimator.collectModFiles(AdvancedAnimator.java:889)
		zombie.core.skinnedmodel.advancedanimation.AdvancedAnimator.load(AdvancedAnimator.java:928)
		zombie.core.Core.ResetLua(Core.java:4193)
		zombie.gameStates.ConnectToServerState.receiveServerOptions(ConnectToServerState.java:135)
		zombie.gameStates.ConnectToServerState.Finish(ConnectToServerState.java:696)
		zombie.gameStates.ConnectToServerState.update(ConnectToServerState.java:104)
		zombie.gameStates.MainScreenState.update(MainScreenState.java:778)
		zombie.gameStates.GameStateMachine.update(GameStateMachine.java:65)
		zombie.GameWindow.logic(GameWindow.java:390)
		zombie.GameWindow.frameStep(GameWindow.java:790)
		zombie.GameWindow.mainThreadStep(GameWindow.java:567)
		zombie.MainThread.mainLoop(MainThread.java:69)
		java.base/java.lang.Thread.run(Unknown Source).
[14-09-26 03:15:47.579] ERROR: General      f:0 st:0> AdvancedAnimator$1.visitFileFailed> Exception thrown
	java.nio.file.NoSuchFileException: E:\pzmod\test-profile\mp-guest\mods\NeighborhoodQA\42\media\actiongroups at WindowsException.translateToIOException(null:-1).
	Stack trace:
		java.base/sun.nio.fs.WindowsException.translateToIOException(Unknown Source)
		java.base/sun.nio.fs.WindowsException.rethrowAsIOException(Unknown Source)
		java.base/sun.nio.fs.WindowsException.rethrowAsIOException(Unknown Source)
		java.base/sun.nio.fs.WindowsFileAttributeViews$Basic.readAttributes(Unknown Source)
		java.base/sun.nio.fs.WindowsFileAttributeViews$Basic.readAttributes(Unknown Source)
		java.base/sun.nio.fs.WindowsFileSystemProvider.readAttributes(Unknown Source)
		java.base/java.nio.file.Files.readAttributes(Unknown Source)
		java.base/java.nio.file.FileTreeWalker.getAttributes(Unknown Source)
		java.base/java.nio.file.FileTreeWalker.visit(Unknown Source)
		java.base/java.nio.file.FileTreeWalker.walk(Unknown Source)
		java.base/java.nio.file.Files.walkFileTree(Unknown Source)
		java.base/java.nio.file.Files.walkFileTree(Unknown Source)
		zombie.core.skinnedmodel.advancedanimation.AdvancedAnimator.searchFolders(AdvancedAnimator.java:805)
		zombie.core.skinnedmodel.advancedanimation.AdvancedAnimator.loadModMedia(AdvancedAnimator.java:869)
		zombie.core.skinnedmodel.advancedanimation.AdvancedAnimator.collectModFiles(AdvancedAnimator.java:889)
		zombie.core.skinnedmodel.advancedanimation.AdvancedAnimator.load(AdvancedAnimator.java:928)
		zombie.core.Core.ResetLua(Core.java:4193)
		zombie.gameStates.ConnectToServerState.receiveServerOptions(ConnectToServerState.java:135)
		zombie.gameStates.ConnectToServerState.Finish(ConnectToServerState.java:696)
		zombie.gameStates.ConnectToServerState.update(ConnectToServerState.java:104)
		zombie.gameStates.MainScreenState.update(MainScreenState.java:778)
		zombie.gameStates.GameStateMachine.update(GameStateMachine.java:65)
		zombie.GameWindow.logic(GameWindow.java:390)
		zombie.GameWindow.frameStep(GameWindow.java:790)
		zombie.GameWindow.mainThreadStep(GameWindow.java:567)
		zombie.MainThread.mainLoop(MainThread.java:69)
		java.base/java.lang.Thread.run(Unknown Source).
[14-09-26 03:15:50.027] WARN : Lua          f:0 st:0 at Lua(Vanilla).corpseStorageCheck     > require("ISUI/ISInventoryPaneContextMenu") failed.
[14-09-26 03:15:50.027] WARN : Lua          f:0 st:0 at Lua(Vanilla).corpseStorageCheck     > require("ISUI/ISVehicleMenu") failed.
[14-09-26 03:15:50.028] WARN : Lua          f:0 st:0 at Lua(Vanilla).corpseStorageCheck     > require("ISUI/ISContextMenu") failed.
[14-09-26 03:15:50.038] WARN : Lua          f:0 st:0 at Lua(Vanilla).ISCampingMenu          > require("Camping/CCampfireSystem") failed.
[14-09-26 03:15:50.474] WARN : Lua          f:0 st:0 at Lua(Vanilla).ISInventoryTransferUtil> require("TimedActions/ISInventoryTransferAction") failed.
[14-09-26 03:15:50.475] WARN : Lua          f:0 st:0 at Lua(Vanilla).ISInventoryTransferUtil> require("ISUI/PlayerData/ISPlayerData") failed.
[14-09-26 03:15:51.651] WARN : Lua          f:0 st:0 at Lua(Vanilla).ISAnimalContextMenu    > require("BuildingObjects/ISAnimalPickMateCursor") failed.
[14-09-26 03:15:51.736] WARN : Lua          f:0 st:0 at Lua(Vanilla).TakeSameType           > require("ISUI/InventoryWindow/ISLootWindowControlHandler") failed.
[14-09-26 03:15:51.737] WARN : Lua          f:0 st:0 at Lua(Vanilla).FloorTakeSameType      > require("ISUI/InventoryWindow/ISLootWindowControlHandler") failed.
[14-09-26 03:15:51.977] LOG  : Lua          f:0 st:0> WARN:MISSING in SettingsTable: PVPLogToolChat.
[14-09-26 03:15:51.977] LOG  : Lua          f:0 st:0> WARN:MISSING in SettingsTable: PVPLogToolFile.
[14-09-26 03:15:51.977] LOG  : Lua          f:0 st:0> WARN:MISSING in SettingsTable: ChatStreams.
[14-09-26 03:15:51.977] LOG  : Lua          f:0 st:0> WARN:MISSING in SettingsTable: SwitchZombiesOwnershipEachUpdate.
[14-09-26 03:15:51.977] LOG  : Lua          f:0 st:0> WARN:MISSING in SettingsTable: SpawnPoint.
[14-09-26 03:15:51.977] LOG  : Lua          f:0 st:0> WARN:MISSING in SettingsTable: SafetyDisconnectDelay.
[14-09-26 03:15:51.978] LOG  : Lua          f:0 st:0> WARN:MISSING in SettingsTable: Mods.
[14-09-26 03:15:51.978] LOG  : Lua          f:0 st:0> WARN:MISSING in SettingsTable: Map.
[14-09-26 03:15:51.978] LOG  : Lua          f:0 st:0> WARN:MISSING in SettingsTable: DenyLoginOnOverloadedServer.
[14-09-26 03:15:51.978] LOG  : Lua          f:0 st:0> WARN:MISSING in SettingsTable: MaxSafezoneSize.
[14-09-26 03:15:51.978] LOG  : Lua          f:0 st:0> WARN:MISSING in SettingsTable: WebhookAddress.
[14-09-26 03:15:51.978] LOG  : Lua          f:0 st:0> WARN:MISSING in SettingsTable: KnockedDownAllowed.
[14-09-26 03:15:51.979] LOG  : Lua          f:0 st:0> WARN:MISSING in SettingsTable: SneakModeHideFromOtherPlayers.
[14-09-26 03:15:51.979] LOG  : Lua          f:0 st:0> WARN:MISSING in SettingsTable: UltraSpeedDoesnotAffectToAnimals.
[14-09-26 03:15:51.979] LOG  : Lua          f:0 st:0> WARN:MISSING in SettingsTable: WorkshopItems.
[14-09-26 03:15:51.979] LOG  : Lua          f:0 st:0> WARN:MISSING in SettingsTable: SteamVAC.
[14-09-26 03:15:51.979] LOG  : Lua          f:0 st:0> WARN:MISSING in SettingsTable: LoginQueueEnabled.
[14-09-26 03:15:51.979] LOG  : Lua          f:0 st:0> WARN:MISSING in SettingsTable: LoginQueueConnectTimeout.
[14-09-26 03:15:51.979] LOG  : Lua          f:0 st:0> WARN:MISSING in SettingsTable: server_browser_announced_ip.
[14-09-26 03:15:51.979] LOG  : Lua          f:0 st:0> WARN:MISSING in SettingsTable: BanKickGlobalSound.
[14-09-26 03:15:51.979] LOG  : Lua          f:0 st:0> WARN:MISSING in SettingsTable: CarEngineAttractionModifier.
[14-09-26 03:15:51.979] LOG  : Lua          f:0 st:0> WARN:MISSING in SettingsTable: DisableVehicleTowing.
[14-09-26 03:15:51.979] LOG  : Lua          f:0 st:0> WARN:MISSING in SettingsTable: DisableTrailerTowing.
[14-09-26 03:15:51.979] LOG  : Lua          f:0 st:0> WARN:MISSING in SettingsTable: DisableBurntTowing.
[14-09-26 03:15:51.981] LOG  : Lua          f:0 st:0> WARN:MISSING in SettingsTable: BadWordListFile.
[14-09-26 03:15:51.981] LOG  : Lua          f:0 st:0> WARN:MISSING in SettingsTable: GoodWordListFile.
[14-09-26 03:15:51.981] LOG  : Lua          f:0 st:0> WARN:MISSING in SettingsTable: BadWordPolicy.
[14-09-26 03:15:51.981] LOG  : Lua          f:0 st:0> WARN:MISSING in SettingsTable: BadWordReplacement.
[14-09-26 03:15:51.981] LOG  : Lua          f:0 st:0> WARN:MISSING in SettingsTable: AntiCheatSafety.
[14-09-26 03:15:51.981] LOG  : Lua          f:0 st:0> WARN:MISSING in SettingsTable: AntiCheatSpeed.
[14-09-26 03:15:51.981] LOG  : Lua          f:0 st:0> WARN:MISSING in SettingsTable: AntiCheatNoClip.
[14-09-26 03:15:51.981] LOG  : Lua          f:0 st:0> WARN:MISSING in SettingsTable: AntiCheatHit.
[14-09-26 03:15:51.982] LOG  : Lua          f:0 st:0> WARN:MISSING in SettingsTable: AntiCheatPacketException.
[14-09-26 03:15:51.982] LOG  : Lua          f:0 st:0> WARN:MISSING in SettingsTable: AntiCheatPermission.
[14-09-26 03:15:51.982] LOG  : Lua          f:0 st:0> WARN:MISSING in SettingsTable: AntiCheatXP.
[14-09-26 03:15:51.982] LOG  : Lua          f:0 st:0> WARN:MISSING in SettingsTable: AntiCheatSafeHouse.
[14-09-26 03:15:51.982] LOG  : Lua          f:0 st:0> WARN:MISSING in SettingsTable: AntiCheatPlayer.
[14-09-26 03:15:51.982] LOG  : Lua          f:0 st:0> WARN:MISSING in SettingsTable: AntiCheatChecksum.
[14-09-26 03:15:51.982] LOG  : Lua          f:0 st:0> WARN:MISSING in SettingsTable: MultiplayerStatisticsPeriod.
[14-09-26 03:15:51.982] LOG  : Lua          f:0 st:0> WARN:MISSING in SettingsTable: DisableScoreboard.
[14-09-26 03:15:51.983] LOG  : Lua          f:0 st:0> WARN:MISSING in SettingsTable: HideAdminsInPlayerList.
[14-09-26 03:15:51.983] LOG  : Lua          f:0 st:0> WARN:MISSING in SettingsTable: MaxPacketsPerSecond.
[14-09-26 03:15:51.983] LOG  : Lua          f:0 st:0> WARN:MISSING in SettingsTable: ShowCoordinates.
[14-09-26 03:15:51.984] LOG  : Lua          f:0 st:0> WARN:MISSING in SettingsTable: Seed.
[14-09-26 03:15:51.984] LOG  : Lua          f:0 st:0> WARN:MISSING in SettingsTable: UsePhysicsHitReaction.
[14-09-26 03:15:51.984] LOG  : Lua          f:0 st:0> WARN:MISSING in SettingsTable: StartYear.
[14-09-26 03:15:51.984] LOG  : Lua          f:0 st:0> WARN:MISSING in SettingsTable: AlarmDecayModifier.
[14-09-26 03:15:51.984] LOG  : Lua          f:0 st:0> WARN:MISSING in SettingsTable: InsaneLootFactor.
[14-09-26 03:15:51.985] LOG  : Lua          f:0 st:0> WARN:MISSING in SettingsTable: ExtremeLootFactor.
[14-09-26 03:15:51.985] LOG  : Lua          f:0 st:0> WARN:MISSING in SettingsTable: RareLootFactor.
[14-09-26 03:15:51.985] LOG  : Lua          f:0 st:0> WARN:MISSING in SettingsTable: NormalLootFactor.
[14-09-26 03:15:51.985] LOG  : Lua          f:0 st:0> WARN:MISSING in SettingsTable: CommonLootFactor.
[14-09-26 03:15:51.987] LOG  : Lua          f:0 st:0> WARN:MISSING in SettingsTable: AbundantLootFactor.
[14-09-26 03:15:51.988] LOG  : Lua          f:0 st:0> WARN:MISSING in SettingsTable: Farming.
[14-09-26 03:15:51.988] LOG  : Lua          f:0 st:0> WARN:MISSING in SettingsTable: PlantAbundance.
[14-09-26 03:15:51.988] LOG  : Lua          f:0 st:0> WARN:MISSING in SettingsTable: NightLength.
[14-09-26 03:15:51.988] LOG  : Lua          f:0 st:0> WARN:MISSING in SettingsTable: AnimalMetaStatsModifier.
[14-09-26 03:15:52.083] WARN : Lua          f:0 st:0 at Lua(Vanilla).testUI                 > require("pzapi/ui/ui") failed.
[14-09-26 03:15:52.380] WARN : Lua          f:0 st:0 at Lua(Vanilla).namedColorToTable      > env.lua-> namedColorToTable color not found: ProgressYellow.
[14-09-26 03:15:52.427] LOG  : Lua          f:0 st:0> NLQA STAT HUNGER 0..1.
[14-09-26 03:15:52.427] LOG  : Lua          f:0 st:0> NLQA STAT THIRST 0..1.
[14-09-26 03:15:52.427] LOG  : Lua          f:0 st:0> NLQA STAT FATIGUE 0..1.
[14-09-26 03:15:52.428] LOG  : Lua          f:0 st:0> NLQA STAT BOREDOM 0..100.
[14-09-26 03:15:52.428] LOG  : Lua          f:0 st:0> NLQA STAT STRESS 0..1.
[14-09-26 03:15:52.428] LOG  : Lua          f:0 st:0> NLQA STAT UNHAPPINESS 0..100.
[14-09-26 03:15:52.428] LOG  : Lua          f:0 st:0> NLQA PASS: actual item/perk/stat APIs and real ISPanel journal construction.
[14-09-26 03:15:52.486] LOG  : Lua          f:0 st:0> NLQA MP CONNECTED: nl-guest.
[14-09-26 03:15:52.505] LOG  : General      f:0 st:0> STATE: exit zombie.gameStates.MainScreenState.
[14-09-26 03:15:52.505] LOG  : General      f:0 st:0> LOADED UP A TOTAL OF 613 TEXTURES.
[14-09-26 03:15:52.788] LOG  : General      f:0 st:0> STATE: exit zombie.gameStates.LoadingQueueState.
[14-09-26 03:15:53.338] LOG  : Lua          f:0 st:0> Initializing Randomized World Tabletop Clutter Tables.
[14-09-26 03:15:53.376] WARN : Lua          f:0 st:0 at Lua(Vanilla).Features               > recursive require(): E:/SteamLibrary/steamapps/common/ProjectZomboid/media/lua/server/WorldGen/WorldGen.lua.
[14-09-26 03:15:53.403] WARN : Lua          f:0 st:0 at Lua(Vanilla).Biomes                 > recursive require(): E:/SteamLibrary/steamapps/common/ProjectZomboid/media/lua/server/WorldGen/WorldGen.lua.
[14-09-26 03:15:53.416] WARN : Lua          f:0 st:0 at Lua(Vanilla).Selection              > recursive require(): E:/SteamLibrary/steamapps/common/ProjectZomboid/media/lua/server/WorldGen/WorldGen.lua.
[14-09-26 03:15:53.416] WARN : Lua          f:0 st:0 at Lua(Vanilla).Veins                  > recursive require(): E:/SteamLibrary/steamapps/common/ProjectZomboid/media/lua/server/WorldGen/WorldGen.lua.
[14-09-26 03:15:53.417] WARN : Lua          f:0 st:0 at Lua(Vanilla).Roads                  > recursive require(): E:/SteamLibrary/steamapps/common/ProjectZomboid/media/lua/server/WorldGen/WorldGen.lua.
[14-09-26 03:15:53.417] WARN : Lua          f:0 st:0 at Lua(Vanilla).WorldGen               > recursive require(): E:/SteamLibrary/steamapps/common/ProjectZomboid/media/lua/server/WorldGen/attachments/Priorities.lua.
[14-09-26 03:15:53.485] ERROR: General      f:0 st:0 at CraftRecipeComponentScript.getIconTexture> CraftRecipeComponentScript: Recipe Piano missing UiConfigScript - falling back to SpriteConfigScript first world object face for recipe icon..
[14-09-26 03:15:53.492] LOG  : General      f:0 st:0> SafeMode is off.
[14-09-26 03:15:53.697] LOG  : General      f:0 st:0> IsoMetaGrid.Create: begin scanning directories.
[14-09-26 03:15:53.699] LOG  : General      f:0 st:0> Looking in these map folders:.
[14-09-26 03:15:53.699] LOG  : General      f:0 st:0> <End of map-folders list>.
[14-09-26 03:15:53.741] LOG  : General      f:0 st:0> IsoMetaGrid.Create: X: [ -250 250 ], Y: [ -250 250 ].
[14-09-26 03:15:53.741] LOG  : General      f:0 st:0> World seed: bLRJTjqaQOKzDLEX 962095856.
[14-09-26 03:15:53.742] LOG  : General      f:0 st:0> IsoMetaGrid.Create: finished scanning directories in 0.044 seconds.
[14-09-26 03:15:53.821] LOG  : General      f:0 st:0> IsoMetaGrid.Create: begin loading.
[14-09-26 03:15:53.823] LOG  : General      f:0 st:0> VehiclesDB2.init() start.
[14-09-26 03:15:53.837] LOG  : General      f:0 st:0> VehiclesDB2.init() end.
[14-09-26 03:15:53.837] LOG  : General      f:0 st:0> triggerEvent OnInitWorld.
[14-09-26 03:15:53.839] LOG  : General      f:0 st:0> ItemPickerJava.Parse() start.
[14-09-26 03:15:54.217] LOG  : General      f:0 st:0> ItemPickerJava.Parse() end.
[14-09-26 03:15:54.218] LOG  : General      f:0 st:0> LoadTileDefinitions start.
[14-09-26 03:15:56.022] LOG  : General      f:0 st:0> LoadTileDefinitions end.
[14-09-26 03:15:56.047] LOG  : General      f:0 st:0> triggerEvent OnLoadedTileDefinitions.
[14-09-26 03:15:56.271] LOG  : General      f:0 st:0> loadAnimalDefinitions start.
[14-09-26 03:15:56.884] LOG  : General      f:0 st:0> loadAnimalDefinitions end.
[14-09-26 03:15:56.892] LOG  : General      f:0 st:0> GameTime.init() and load() start.
[14-09-26 03:15:56.907] LOG  : General      f:0 st:0> GameTime.init() and load() end.
[14-09-26 03:15:56.907] LOG  : General      f:0 st:0> ZomboidRadio.Init() start.
[14-09-26 03:15:56.957] LOG  : General      f:0 st:0> ZomboidRadio.Init() end.
[14-09-26 03:15:56.957] LOG  : General      f:0 st:0> GlobalModData.init() start.
[14-09-26 03:15:56.958] LOG  : General      f:0 st:0> GlobalModData.init() end.
[14-09-26 03:15:56.958] LOG  : General      f:0 st:0> InstanceTracker.load() start.
[14-09-26 03:15:56.959] LOG  : General      f:0 st:0> InstanceTracker.load() end.
[14-09-26 03:15:56.959] LOG  : General      f:0 st:0> ErosionGlobals.Boot() start.
[14-09-26 03:15:57.010] LOG  : General      f:0 st:0> ErosionGlobals.Boot() end.
[14-09-26 03:15:57.011] LOG  : General      f:0 st:0> WorldDictionary.init() start.
[14-09-26 03:15:57.011] LOG  : General      f:0 st:0> WorldDictionary: Checking dictionary....
[14-09-26 03:15:57.144] LOG  : General      f:0 st:0> WorldDictionary.init() end.
[14-09-26 03:15:57.148] LOG  : General      f:0 st:0> GameEntityManager.Init() start.
[14-09-26 03:15:57.156] LOG  : General      f:0 st:0> GameEntityManager.Init() end.
[14-09-26 03:15:57.156] LOG  : General      f:0 st:0> PersistentOutfits.init() start.
[14-09-26 03:15:57.161] LOG  : General      f:0 st:0> PersistentOutfits.init() end.
[14-09-26 03:15:57.925] LOG  : General      f:0 st:0> IsoMetaGrid.Create: finished loading in 4.103 seconds.
[14-09-26 03:15:58.349] ERROR: Lua          f:0 st:0 at Lua(Vanilla).handleMannequinZone    > ERROR: Mannequin zone missing properties in media/maps/Muldraugh, KY/objects.lua coords: 13583, 1299, 0.
[14-09-26 03:15:59.172] ERROR: General      f:0 st:0 at Basements.mergeRoomsOntoMetaCell    > duplicate RoomDef.metaID for room at 10707,9484,0.
[14-09-26 03:15:59.258] LOG  : General      f:0 st:0> triggerEvent OnLoadedMapZones.
[14-09-26 03:15:59.477] LOG  : General      f:0 st:0> ItemConfigurator.Preprocess() start.
[14-09-26 03:15:59.528] LOG  : General      f:0 st:0> ItemConfigurator.Preprocess() end.
[14-09-26 03:15:59.528] LOG  : General      f:0 st:0> MapCollisionData.init() start.
[14-09-26 03:15:59.528] LOG  : General      f:0 st:0> MapCollisionData.init() end.
[14-09-26 03:15:59.528] LOG  : General      f:0 st:0> AnimalPopulationManager.init() start.
[14-09-26 03:15:59.529] LOG  : General      f:0 st:0> AnimalPopulationManager.init() end.
[14-09-26 03:15:59.529] LOG  : General      f:0 st:0> ZombiePopulationManager.init() start.
[14-09-26 03:15:59.529] LOG  : General      f:0 st:0> ZombiePopulationManager.init() end.
[14-09-26 03:15:59.530] LOG  : General      f:0 st:0> Pathfind init() start.
[14-09-26 03:15:59.544] LOG  : General      f:0 st:0> Pathfind init() end.
[14-09-26 03:15:59.548] LOG  : General      f:0 st:0> WorldStreamer.create() start.
[14-09-26 03:15:59.548] LOG  : General      f:0 st:0> WorldStreamer.create() end.
[14-09-26 03:15:59.548] LOG  : General      f:0 st:0> CellLoader.LoadCellBinaryChunk start.
[14-09-26 03:15:59.551] LOG  : General      f:0 st:0> CellLoader.LoadCellBinaryChunk start.
[14-09-26 03:15:59.551] LOG  : General      f:0 st:0> MapItem.LoadWorldMap() start.
[14-09-26 03:15:59.556] LOG  : General      f:0 st:0> MapItem.LoadWorldMap() start.
[14-09-26 03:15:59.556] LOG  : General      f:0 st:0> WorldStreamer.isBusy() loop start.
[14-09-26 03:16:01.131] LOG  : General      f:0 st:0> WorldStreamer.isBusy() loop end.
[14-09-26 03:16:03.220] LOG  : General      f:0 st:0> MetaTracker.load() start.
[14-09-26 03:16:03.239] LOG  : General      f:0 st:0> MetaTracker.load() end.
[14-09-26 03:16:03.277] LOG  : General      f:0 st:0> triggerEvent OnGameTimeLoaded.
[14-09-26 03:16:03.277] LOG  : Lua          f:0 st:0> LuaNet: Loading....
[14-09-26 03:16:03.277] LOG  : Lua          f:0 st:0> LuaNet: Registering client listener....
[14-09-26 03:16:03.277] LOG  : Lua          f:0 st:0> LuaNet: Initialization [DONE], triggering events for 'LuaNet.onInitAdd'..
[14-09-26 03:16:03.277] LOG  : General      f:0 st:0> GlobalObjects.initSystems() start.
[14-09-26 03:16:03.287] LOG  : General      f:0 st:0> GlobalObjects.initSystems() end.
[14-09-26 03:16:03.288] LOG  : General      f:0 st:0> GameWindow.save() start.
[14-09-26 03:16:03.288] LOG  : General      f:0 st:0> GameWindow.save() end.
[14-09-26 03:16:03.339] LOG  : General      f:0 st:0> bWaitForAssetLoadingToFinish2 start.
[14-09-26 03:16:17.331] LOG  : General      f:0 st:0> bWaitForAssetLoadingToFinish2 end.
[14-09-26 03:16:17.331] LOG  : General      f:0 st:0> FBORenderChunkManager.gameLoaded() start.
[14-09-26 03:16:17.333] LOG  : General      f:0 st:0> FBORenderChunkManager.gameLoaded() end.
[14-09-26 03:16:17.333] LOG  : General      f:0 st:0> Bullet.initPhysicsMeshes() start.
[14-09-26 03:16:17.337] LOG  : General      f:0 st:0> Bullet.initPhysicsMeshes() end.
[14-09-26 03:16:17.340] LOG  : General      f:0 st:0> game loading took 24 seconds.
[14-09-26 03:16:17.582] LOG  : General      f:0 st:0> STATE: exit zombie.gameStates.GameLoadingState.
[14-09-26 03:16:17.970] LOG  : Lua          f:0 st:0> 1 players found.
[14-09-26 03:16:17.970] LOG  : Lua          f:0 st:0> player 0 is mouse.
[14-09-26 03:16:18.004] LOG  : General      f:0 st:0> Game Mode: Multiplayer.
[14-09-26 03:16:18.004] LOG  : General      f:0 st:0> Sandbox Options:.
[14-09-26 03:16:18.004] LOG  : General      f:0 st:0> Zombies 4.
[14-09-26 03:16:18.004] LOG  : General      f:0 st:0> Distribution 1.
[14-09-26 03:16:18.004] LOG  : General      f:0 st:0> ZombieVoronoiNoise true.
[14-09-26 03:16:18.005] LOG  : General      f:0 st:0> ZombieRespawn 4.
[14-09-26 03:16:18.005] LOG  : General      f:0 st:0> ZombieMigrate true.
[14-09-26 03:16:18.005] LOG  : General      f:0 st:0> DayLength 4.
[14-09-26 03:16:18.005] LOG  : General      f:0 st:0> StartYear 1.
[14-09-26 03:16:18.005] LOG  : General      f:0 st:0> StartMonth 7.
[14-09-26 03:16:18.005] LOG  : General      f:0 st:0> StartDay 9.
[14-09-26 03:16:18.005] LOG  : General      f:0 st:0> StartTime 2.
[14-09-26 03:16:18.005] LOG  : General      f:0 st:0> DayNightCycle 1.
[14-09-26 03:16:18.005] LOG  : General      f:0 st:0> ClimateCycle 1.
[14-09-26 03:16:18.005] LOG  : General      f:0 st:0> FogCycle 1.
[14-09-26 03:16:18.005] LOG  : General      f:0 st:0> WaterShut 2.
[14-09-26 03:16:18.005] LOG  : General      f:0 st:0> ElecShut 2.
[14-09-26 03:16:18.005] LOG  : General      f:0 st:0> AlarmDecay 2.
[14-09-26 03:16:18.006] LOG  : General      f:0 st:0> WaterShutModifier 14.
[14-09-26 03:16:18.006] LOG  : General      f:0 st:0> ElecShutModifier 14.
[14-09-26 03:16:18.006] LOG  : General      f:0 st:0> AlarmDecayModifier 14.
[14-09-26 03:16:18.007] LOG  : General      f:0 st:0> FoodLootNew 0.8.
[14-09-26 03:16:18.007] LOG  : General      f:0 st:0> LiteratureLootNew 0.6.
[14-09-26 03:16:18.007] LOG  : General      f:0 st:0> SkillBookLoot 0.6.
[14-09-26 03:16:18.007] LOG  : General      f:0 st:0> RecipeResourceLoot 0.6.
[14-09-26 03:16:18.007] LOG  : General      f:0 st:0> MedicalLootNew 0.6.
[14-09-26 03:16:18.007] LOG  : General      f:0 st:0> SurvivalGearsLootNew 0.6.
[14-09-26 03:16:18.007] LOG  : General      f:0 st:0> CannedFoodLootNew 0.6.
[14-09-26 03:16:18.007] LOG  : General      f:0 st:0> WeaponLootNew 0.6.
[14-09-26 03:16:18.007] LOG  : General      f:0 st:0> RangedWeaponLootNew 1.2.
[14-09-26 03:16:18.007] LOG  : General      f:0 st:0> AmmoLootNew 0.6.
[14-09-26 03:16:18.008] LOG  : General      f:0 st:0> MechanicsLootNew 0.6.
[14-09-26 03:16:18.008] LOG  : General      f:0 st:0> OtherLootNew 0.8.
[14-09-26 03:16:18.008] LOG  : General      f:0 st:0> ClothingLootNew 0.6.
[14-09-26 03:16:18.008] LOG  : General      f:0 st:0> ContainerLootNew 0.6.
[14-09-26 03:16:18.008] LOG  : General      f:0 st:0> KeyLootNew 0.4.
[14-09-26 03:16:18.008] LOG  : General      f:0 st:0> MediaLootNew 0.6.
[14-09-26 03:16:18.008] LOG  : General      f:0 st:0> MementoLootNew 0.6.
[14-09-26 03:16:18.008] LOG  : General      f:0 st:0> CookwareLootNew 0.6.
[14-09-26 03:16:18.008] LOG  : General      f:0 st:0> MaterialLootNew 0.6.
[14-09-26 03:16:18.009] LOG  : General      f:0 st:0> FarmingLootNew 0.6.
[14-09-26 03:16:18.009] LOG  : General      f:0 st:0> ToolLootNew 0.6.
[14-09-26 03:16:18.009] LOG  : General      f:0 st:0> RollsMultiplier 1.0.
[14-09-26 03:16:18.010] LOG  : General      f:0 st:0> LootItemRemovalList .
[14-09-26 03:16:18.010] LOG  : General      f:0 st:0> RemoveStoryLoot false.
[14-09-26 03:16:18.010] LOG  : General      f:0 st:0> RemoveZombieLoot false.
[14-09-26 03:16:18.010] LOG  : General      f:0 st:0> ZombiePopLootEffect 0.
[14-09-26 03:16:18.010] LOG  : General      f:0 st:0> InsaneLootFactor 0.05.
[14-09-26 03:16:18.010] LOG  : General      f:0 st:0> ExtremeLootFactor 0.2.
[14-09-26 03:16:18.011] LOG  : General      f:0 st:0> RareLootFactor 0.6.
[14-09-26 03:16:18.011] LOG  : General      f:0 st:0> NormalLootFactor 1.0.
[14-09-26 03:16:18.011] LOG  : General      f:0 st:0> CommonLootFactor 2.0.
[14-09-26 03:16:18.011] LOG  : General      f:0 st:0> AbundantLootFactor 3.0.
[14-09-26 03:16:18.011] LOG  : General      f:0 st:0> Temperature 3.
[14-09-26 03:16:18.011] LOG  : General      f:0 st:0> Rain 3.
[14-09-26 03:16:18.011] LOG  : General      f:0 st:0> ErosionSpeed 4.
[14-09-26 03:16:18.011] LOG  : General      f:0 st:0> ErosionDays 0.
[14-09-26 03:16:18.011] LOG  : General      f:0 st:0> Farming 3.
[14-09-26 03:16:18.011] LOG  : General      f:0 st:0> CompostTime 2.
[14-09-26 03:16:18.011] LOG  : General      f:0 st:0> StatsDecrease 3.
[14-09-26 03:16:18.011] LOG  : General      f:0 st:0> NatureAbundance 3.
[14-09-26 03:16:18.011] LOG  : General      f:0 st:0> Alarm 4.
[14-09-26 03:16:18.011] LOG  : General      f:0 st:0> LockedHouses 6.
[14-09-26 03:16:18.012] LOG  : General      f:0 st:0> StarterKit false.
[14-09-26 03:16:18.012] LOG  : General      f:0 st:0> Nutrition true.
[14-09-26 03:16:18.012] LOG  : General      f:0 st:0> FoodRotSpeed 3.
[14-09-26 03:16:18.012] LOG  : General      f:0 st:0> FridgeFactor 3.
[14-09-26 03:16:18.012] LOG  : General      f:0 st:0> SeenHoursPreventLootRespawn 0.
[14-09-26 03:16:18.012] LOG  : General      f:0 st:0> HoursForLootRespawn 0.
[14-09-26 03:16:18.012] LOG  : General      f:0 st:0> MaxItemsForLootRespawn 5.
[14-09-26 03:16:18.012] LOG  : General      f:0 st:0> ConstructionPreventsLootRespawn true.
[14-09-26 03:16:18.012] LOG  : General      f:0 st:0> WorldItemRemovalList Base.Hat, Base.Glasses, Base.Maggots, Base.Slug, Base.Slug2, Base.Snail, Base.Worm, Base.Dung_Mouse, Base.Dung_Rat.
[14-09-26 03:16:18.012] LOG  : General      f:0 st:0> HoursForWorldItemRemoval 24.0.
[14-09-26 03:16:18.012] LOG  : General      f:0 st:0> ItemRemovalListBlacklistToggle false.
[14-09-26 03:16:18.012] LOG  : General      f:0 st:0> TimeSinceApo 1.
[14-09-26 03:16:18.012] LOG  : General      f:0 st:0> PlantResilience 3.
[14-09-26 03:16:18.012] LOG  : General      f:0 st:0> PlantAbundance 3.
[14-09-26 03:16:18.012] LOG  : General      f:0 st:0> EndRegen 3.
[14-09-26 03:16:18.012] LOG  : General      f:0 st:0> Helicopter 2.
[14-09-26 03:16:18.012] LOG  : General      f:0 st:0> MetaEvent 2.
[14-09-26 03:16:18.012] LOG  : General      f:0 st:0> SleepingEvent 1.
[14-09-26 03:16:18.012] LOG  : General      f:0 st:0> GeneratorFuelConsumption 0.1.
[14-09-26 03:16:18.012] LOG  : General      f:0 st:0> GeneratorSpawning 4.
[14-09-26 03:16:18.013] LOG  : General      f:0 st:0> AnnotatedMapChance 4.
[14-09-26 03:16:18.013] LOG  : General      f:0 st:0> CharacterFreePoints 0.
[14-09-26 03:16:18.013] LOG  : General      f:0 st:0> ConstructionBonusPoints 3.
[14-09-26 03:16:18.013] LOG  : General      f:0 st:0> NightDarkness 3.
[14-09-26 03:16:18.013] LOG  : General      f:0 st:0> NightLength 3.
[14-09-26 03:16:18.013] LOG  : General      f:0 st:0> BoneFracture true.
[14-09-26 03:16:18.013] LOG  : General      f:0 st:0> InjurySeverity 2.
[14-09-26 03:16:18.013] LOG  : General      f:0 st:0> HoursForCorpseRemoval 216.0.
[14-09-26 03:16:18.013] LOG  : General      f:0 st:0> DecayingCorpseHealthImpact 3.
[14-09-26 03:16:18.014] LOG  : General      f:0 st:0> ZombieHealthImpact false.
[14-09-26 03:16:18.014] LOG  : General      f:0 st:0> BloodLevel 3.
[14-09-26 03:16:18.014] LOG  : General      f:0 st:0> ClothingDegradation 3.
[14-09-26 03:16:18.014] LOG  : General      f:0 st:0> FireSpread true.
[14-09-26 03:16:18.014] LOG  : General      f:0 st:0> DaysForRottenFoodRemoval -1.
[14-09-26 03:16:18.014] LOG  : General      f:0 st:0> AllowExteriorGenerator true.
[14-09-26 03:16:18.014] LOG  : General      f:0 st:0> MaxFogIntensity 1.
[14-09-26 03:16:18.014] LOG  : General      f:0 st:0> MaxRainFxIntensity 1.
[14-09-26 03:16:18.014] LOG  : General      f:0 st:0> EnableSnowOnGround true.
[14-09-26 03:16:18.014] LOG  : General      f:0 st:0> AttackBlockMovements true.
[14-09-26 03:16:18.014] LOG  : General      f:0 st:0> SurvivorHouseChance 3.
[14-09-26 03:16:18.014] LOG  : General      f:0 st:0> VehicleStoryChance 3.
[14-09-26 03:16:18.014] LOG  : General      f:0 st:0> ZoneStoryChance 3.
[14-09-26 03:16:18.014] LOG  : General      f:0 st:0> AllClothesUnlocked false.
[14-09-26 03:16:18.014] LOG  : General      f:0 st:0> EnableTaintedWaterText true.
[14-09-26 03:16:18.014] LOG  : General      f:0 st:0> EnableVehicles true.
[14-09-26 03:16:18.014] LOG  : General      f:0 st:0> CarSpawnRate 3.
[14-09-26 03:16:18.015] LOG  : General      f:0 st:0> ZombieAttractionMultiplier 1.0.
[14-09-26 03:16:18.015] LOG  : General      f:0 st:0> VehicleEasyUse false.
[14-09-26 03:16:18.015] LOG  : General      f:0 st:0> InitialGas 2.
[14-09-26 03:16:18.015] LOG  : General      f:0 st:0> FuelStationGasInfinite false.
[14-09-26 03:16:18.015] LOG  : General      f:0 st:0> FuelStationGasMin 0.0.
[14-09-26 03:16:18.015] LOG  : General      f:0 st:0> FuelStationGasMax 0.8.
[14-09-26 03:16:18.015] LOG  : General      f:0 st:0> FuelStationGasEmptyChance 20.
[14-09-26 03:16:18.015] LOG  : General      f:0 st:0> LockedCar 4.
[14-09-26 03:16:18.015] LOG  : General      f:0 st:0> CarGasConsumption 1.0.
[14-09-26 03:16:18.015] LOG  : General      f:0 st:0> CarGeneralCondition 3.
[14-09-26 03:16:18.015] LOG  : General      f:0 st:0> CarDamageOnImpact 3.
[14-09-26 03:16:18.015] LOG  : General      f:0 st:0> DamageToPlayerFromHitByACar 1.
[14-09-26 03:16:18.015] LOG  : General      f:0 st:0> TrafficJam true.
[14-09-26 03:16:18.015] LOG  : General      f:0 st:0> CarAlarm 3.
[14-09-26 03:16:18.015] LOG  : General      f:0 st:0> PlayerDamageFromCrash true.
[14-09-26 03:16:18.015] LOG  : General      f:0 st:0> SirenShutoffHours 0.0.
[14-09-26 03:16:18.016] LOG  : General      f:0 st:0> ChanceHasGas 2.
[14-09-26 03:16:18.016] LOG  : General      f:0 st:0> RecentlySurvivorVehicles 2.
[14-09-26 03:16:18.016] LOG  : General      f:0 st:0> MultiHitZombies false.
[14-09-26 03:16:18.016] LOG  : General      f:0 st:0> RearVulnerability 3.
[14-09-26 03:16:18.016] LOG  : General      f:0 st:0> SirenEffectsZombies true.
[14-09-26 03:16:18.016] LOG  : General      f:0 st:0> AnimalStatsModifier 4.
[14-09-26 03:16:18.016] LOG  : General      f:0 st:0> AnimalMetaStatsModifier 4.
[14-09-26 03:16:18.016] LOG  : General      f:0 st:0> AnimalPregnancyTime 4.
[14-09-26 03:16:18.016] LOG  : General      f:0 st:0> AnimalAgeModifier 4.
[14-09-26 03:16:18.016] LOG  : General      f:0 st:0> AnimalMilkIncModifier 4.
[14-09-26 03:16:18.016] LOG  : General      f:0 st:0> AnimalWoolIncModifier 4.
[14-09-26 03:16:18.016] LOG  : General      f:0 st:0> AnimalRanchChance 5.
[14-09-26 03:16:18.016] LOG  : General      f:0 st:0> AnimalGrassRegrowTime 240.
[14-09-26 03:16:18.016] LOG  : General      f:0 st:0> AnimalMetaPredator false.
[14-09-26 03:16:18.016] LOG  : General      f:0 st:0> AnimalMatingSeason true.
[14-09-26 03:16:18.016] LOG  : General      f:0 st:0> AnimalEggHatch 4.
[14-09-26 03:16:18.017] LOG  : General      f:0 st:0> AnimalSoundAttractZombies true.
[14-09-26 03:16:18.017] LOG  : General      f:0 st:0> AnimalTrackChance 4.
[14-09-26 03:16:18.017] LOG  : General      f:0 st:0> AnimalPathChance 4.
[14-09-26 03:16:18.017] LOG  : General      f:0 st:0> MaximumRatIndex 25.
[14-09-26 03:16:18.017] LOG  : General      f:0 st:0> DaysUntilMaximumRatIndex 90.
[14-09-26 03:16:18.017] LOG  : General      f:0 st:0> MetaKnowledge 3.
[14-09-26 03:16:18.017] LOG  : General      f:0 st:0> SeeNotLearntRecipe true.
[14-09-26 03:16:18.017] LOG  : General      f:0 st:0> MaximumLootedBuildingRooms 50.
[14-09-26 03:16:18.017] LOG  : General      f:0 st:0> EnablePoisoning 1.
[14-09-26 03:16:18.017] LOG  : General      f:0 st:0> MaggotSpawn 1.
[14-09-26 03:16:18.017] LOG  : General      f:0 st:0> LightBulbLifespan 2.0.
[14-09-26 03:16:18.017] LOG  : General      f:0 st:0> FishAbundance 2.
[14-09-26 03:16:18.017] LOG  : General      f:0 st:0> LevelForMediaXPCutoff 3.
[14-09-26 03:16:18.018] LOG  : General      f:0 st:0> LevelForDismantleXPCutoff 0.
[14-09-26 03:16:18.018] LOG  : General      f:0 st:0> BloodSplatLifespanDays 0.
[14-09-26 03:16:18.018] LOG  : General      f:0 st:0> LiteratureCooldown 45.
[14-09-26 03:16:18.018] LOG  : General      f:0 st:0> NegativeTraitsPenalty 1.
[14-09-26 03:16:18.018] LOG  : General      f:0 st:0> MinutesPerPage 2.0.
[14-09-26 03:16:18.018] LOG  : General      f:0 st:0> KillInsideCrops true.
[14-09-26 03:16:18.018] LOG  : General      f:0 st:0> PlantGrowingSeasons true.
[14-09-26 03:16:18.018] LOG  : General      f:0 st:0> PlaceDirtAboveground false.
[14-09-26 03:16:18.018] LOG  : General      f:0 st:0> FarmingSpeedNew 1.0.
[14-09-26 03:16:18.018] LOG  : General      f:0 st:0> FarmingAmountNew 1.0.
[14-09-26 03:16:18.018] LOG  : General      f:0 st:0> MaximumLooted 25.
[14-09-26 03:16:18.018] LOG  : General      f:0 st:0> DaysUntilMaximumLooted 90.
[14-09-26 03:16:18.018] LOG  : General      f:0 st:0> RuralLooted 0.5.
[14-09-26 03:16:18.018] LOG  : General      f:0 st:0> MaximumDiminishedLoot 20.
[14-09-26 03:16:18.018] LOG  : General      f:0 st:0> DaysUntilMaximumDiminishedLoot 3650.
[14-09-26 03:16:18.018] LOG  : General      f:0 st:0> MuscleStrainFactor 0.7.
[14-09-26 03:16:18.018] LOG  : General      f:0 st:0> DiscomfortFactor 0.8.
[14-09-26 03:16:18.018] LOG  : General      f:0 st:0> WoundInfectionFactor 1.0.
[14-09-26 03:16:18.018] LOG  : General      f:0 st:0> NoBlackClothes true.
[14-09-26 03:16:18.018] LOG  : General      f:0 st:0> EasyClimbing false.
[14-09-26 03:16:18.019] LOG  : General      f:0 st:0> MaximumFireFuelHours 8.
[14-09-26 03:16:18.019] LOG  : General      f:0 st:0> FirearmUseDamageChance 2.
[14-09-26 03:16:18.019] LOG  : General      f:0 st:0> FirearmNoiseMultiplier 1.0.
[14-09-26 03:16:18.019] LOG  : General      f:0 st:0> FirearmJamMultiplier 1.0.
[14-09-26 03:16:18.019] LOG  : General      f:0 st:0> FirearmMoodleMultiplier 1.0.
[14-09-26 03:16:18.019] LOG  : General      f:0 st:0> FirearmWeatherMultiplier 1.0.
[14-09-26 03:16:18.019] LOG  : General      f:0 st:0> FirearmHeadGearEffect true.
[14-09-26 03:16:18.019] LOG  : General      f:0 st:0> ClayLakeChance 0.05.
[14-09-26 03:16:18.019] LOG  : General      f:0 st:0> ClayRiverChance 0.05.
[14-09-26 03:16:18.019] LOG  : General      f:0 st:0> GeneratorTileRange 20.
[14-09-26 03:16:18.019] LOG  : General      f:0 st:0> GeneratorVerticalPowerRange 3.
[14-09-26 03:16:18.019] LOG  : General      f:0 st:0> SpawnFrequency 4.
[14-09-26 03:16:18.019] LOG  : General      f:0 st:0> AllowMiniMap false.
[14-09-26 03:16:18.019] LOG  : General      f:0 st:0> AllowWorldMap true.
[14-09-26 03:16:18.019] LOG  : General      f:0 st:0> MapAllKnown false.
[14-09-26 03:16:18.019] LOG  : General      f:0 st:0> MapNeedsLight true.
[14-09-26 03:16:18.020] LOG  : General      f:0 st:0> Speed 4.
[14-09-26 03:16:18.020] LOG  : General      f:0 st:0> SprinterPercentage 0.
[14-09-26 03:16:18.020] LOG  : General      f:0 st:0> Strength 2.
[14-09-26 03:16:18.020] LOG  : General      f:0 st:0> Toughness 4.
[14-09-26 03:16:18.020] LOG  : General      f:0 st:0> Transmission 1.
[14-09-26 03:16:18.020] LOG  : General      f:0 st:0> Mortality 5.
[14-09-26 03:16:18.020] LOG  : General      f:0 st:0> Reanimate 3.
[14-09-26 03:16:18.020] LOG  : General      f:0 st:0> Cognition 3.
[14-09-26 03:16:18.020] LOG  : General      f:0 st:0> DoorOpeningPercentage 0.
[14-09-26 03:16:18.020] LOG  : General      f:0 st:0> CrawlUnderVehicle 5.
[14-09-26 03:16:18.020] LOG  : General      f:0 st:0> Memory 2.
[14-09-26 03:16:18.020] LOG  : General      f:0 st:0> Sight 5.
[14-09-26 03:16:18.020] LOG  : General      f:0 st:0> Hearing 5.
[14-09-26 03:16:18.020] LOG  : General      f:0 st:0> SpottedLogic true.
[14-09-26 03:16:18.020] LOG  : General      f:0 st:0> ThumpNoChasing false.
[14-09-26 03:16:18.020] LOG  : General      f:0 st:0> ThumpOnConstruction true.
[14-09-26 03:16:18.020] LOG  : General      f:0 st:0> ActiveOnly 1.
[14-09-26 03:16:18.022] LOG  : General      f:0 st:0> TriggerHouseAlarm true.
[14-09-26 03:16:18.022] LOG  : General      f:0 st:0> ZombiesDragDown true.
[14-09-26 03:16:18.022] LOG  : General      f:0 st:0> ZombiesCrawlersDragDown false.
[14-09-26 03:16:18.022] LOG  : General      f:0 st:0> ZombiesFenceLunge true.
[14-09-26 03:16:18.022] LOG  : General      f:0 st:0> ZombiesArmorFactor 2.0.
[14-09-26 03:16:18.022] LOG  : General      f:0 st:0> ZombiesMaxDefense 85.
[14-09-26 03:16:18.022] LOG  : General      f:0 st:0> ChanceOfAttachedWeapon 6.
[14-09-26 03:16:18.022] LOG  : General      f:0 st:0> ZombiesFallDamage 1.0.
[14-09-26 03:16:18.022] LOG  : General      f:0 st:0> DisableFakeDead 1.
[14-09-26 03:16:18.022] LOG  : General      f:0 st:0> PlayerSpawnZombieRemoval 1.
[14-09-26 03:16:18.023] LOG  : General      f:0 st:0> FenceThumpersRequired 25.
[14-09-26 03:16:18.023] LOG  : General      f:0 st:0> FenceDamageMultiplier 1.0.
[14-09-26 03:16:18.023] LOG  : General      f:0 st:0> PopulationMultiplier 0.65.
[14-09-26 03:16:18.023] LOG  : General      f:0 st:0> PopulationStartMultiplier 1.0.
[14-09-26 03:16:18.023] LOG  : General      f:0 st:0> PopulationPeakMultiplier 1.5.
[14-09-26 03:16:18.023] LOG  : General      f:0 st:0> PopulationPeakDay 28.
[14-09-26 03:16:18.023] LOG  : General      f:0 st:0> RespawnHours 0.0.
[14-09-26 03:16:18.023] LOG  : General      f:0 st:0> RespawnUnseenHours 0.0.
[14-09-26 03:16:18.023] LOG  : General      f:0 st:0> RespawnMultiplier 0.0.
[14-09-26 03:16:18.023] LOG  : General      f:0 st:0> RedistributeHours 12.0.
[14-09-26 03:16:18.023] LOG  : General      f:0 st:0> FollowSoundDistance 100.
[14-09-26 03:16:18.023] LOG  : General      f:0 st:0> RallyGroupSize 20.
[14-09-26 03:16:18.023] LOG  : General      f:0 st:0> RallyGroupSizeVariance 50.
[14-09-26 03:16:18.024] LOG  : General      f:0 st:0> RallyTravelDistance 20.
[14-09-26 03:16:18.024] LOG  : General      f:0 st:0> RallyGroupSeparation 15.
[14-09-26 03:16:18.024] LOG  : General      f:0 st:0> RallyGroupRadius 3.
[14-09-26 03:16:18.024] LOG  : General      f:0 st:0> ZombiesCountBeforeDelete 300.
[14-09-26 03:16:18.024] LOG  : General      f:0 st:0> Global 1.0.
[14-09-26 03:16:18.024] LOG  : General      f:0 st:0> GlobalToggle true.
[14-09-26 03:16:18.024] LOG  : General      f:0 st:0> Fitness 1.0.
[14-09-26 03:16:18.024] LOG  : General      f:0 st:0> Strength 1.0.
[14-09-26 03:16:18.024] LOG  : General      f:0 st:0> Sprinting 1.0.
[14-09-26 03:16:18.024] LOG  : General      f:0 st:0> Lightfoot 1.0.
[14-09-26 03:16:18.024] LOG  : General      f:0 st:0> Nimble 1.0.
[14-09-26 03:16:18.024] LOG  : General      f:0 st:0> Sneak 1.0.
[14-09-26 03:16:18.024] LOG  : General      f:0 st:0> Axe 1.0.
[14-09-26 03:16:18.024] LOG  : General      f:0 st:0> Blunt 1.0.
[14-09-26 03:16:18.025] LOG  : General      f:0 st:0> SmallBlunt 1.0.
[14-09-26 03:16:18.025] LOG  : General      f:0 st:0> LongBlade 1.0.
[14-09-26 03:16:18.025] LOG  : General      f:0 st:0> SmallBlade 1.0.
[14-09-26 03:16:18.025] LOG  : General      f:0 st:0> Spear 1.0.
[14-09-26 03:16:18.025] LOG  : General      f:0 st:0> Maintenance 1.0.
[14-09-26 03:16:18.025] LOG  : General      f:0 st:0> Woodwork 1.0.
[14-09-26 03:16:18.025] LOG  : General      f:0 st:0> Cooking 1.0.
[14-09-26 03:16:18.025] LOG  : General      f:0 st:0> Farming 1.0.
[14-09-26 03:16:18.025] LOG  : General      f:0 st:0> Doctor 1.0.
[14-09-26 03:16:18.025] LOG  : General      f:0 st:0> Electricity 1.0.
[14-09-26 03:16:18.025] LOG  : General      f:0 st:0> MetalWelding 1.0.
[14-09-26 03:16:18.025] LOG  : General      f:0 st:0> Mechanics 1.0.
[14-09-26 03:16:18.025] LOG  : General      f:0 st:0> Tailoring 1.0.
[14-09-26 03:16:18.025] LOG  : General      f:0 st:0> Aiming 1.0.
[14-09-26 03:16:18.025] LOG  : General      f:0 st:0> Reloading 1.0.
[14-09-26 03:16:18.026] LOG  : General      f:0 st:0> Fishing 1.0.
[14-09-26 03:16:18.026] LOG  : General      f:0 st:0> Trapping 1.0.
[14-09-26 03:16:18.026] LOG  : General      f:0 st:0> PlantScavenging 1.0.
[14-09-26 03:16:18.026] LOG  : General      f:0 st:0> FlintKnapping 1.0.
[14-09-26 03:16:18.026] LOG  : General      f:0 st:0> Masonry 1.0.
[14-09-26 03:16:18.026] LOG  : General      f:0 st:0> Pottery 1.0.
[14-09-26 03:16:18.026] LOG  : General      f:0 st:0> Carving 1.0.
[14-09-26 03:16:18.026] LOG  : General      f:0 st:0> Husbandry 1.0.
[14-09-26 03:16:18.026] LOG  : General      f:0 st:0> Tracking 1.0.
[14-09-26 03:16:18.026] LOG  : General      f:0 st:0> Blacksmith 1.0.
[14-09-26 03:16:18.026] LOG  : General      f:0 st:0> Butchering 1.0.
[14-09-26 03:16:18.026] LOG  : General      f:0 st:0> Glassmaking 1.0.
[14-09-26 03:16:18.447] LOG  : General      f:0 st:0> binkId: 3.
[14-09-26 03:16:18.447] LOG  : Lua          f:0 st:0> NLQA MP CLIENT START: username=nl-guest isClient=true isServer=false.
[14-09-26 03:16:18.450] LOG  : General      f:0 st:0> Waiting for player-connect response from server.
[14-09-26 03:16:18.462] LOG  : Network      f:0 st:0> Processing delayed packets....
[14-09-26 03:16:18.485] LOG  : Lua          f:0 st:222,094,533> LuaNet: Loading....
[14-09-26 03:16:18.486] WARN : General      f:0 st:222,094,533 at ConnectedPacket.parse               > ReceivePlayerConnect: guid=306244996664698818 mtu=1492.
[14-09-26 03:16:18.665] LOG  : Lua          f:0 st:222,094,714> NLQA MP PLUMBOB SIZE: player:0=6x10 texture=16x22.
[14-09-26 03:16:20.733] LOG  : Lua          f:71 st:222,096,780> NLQA MP PRESENCE: revision=1789370180706 players=2 names=nl-host@10910.00,10035.00,0,nl-guest@10913.00,10034.00,0.
[14-09-26 03:16:20.740] LOG  : Lua          f:71 st:222,096,788> NLQA MP NPC PRESENCE: revision=1789370180706 count=3 entries=marisol@10911.20,10037.80,0/w2,kenji@10913.20,10035.80,0/w2,amara@10912.58,10040.50,0/w1.
[14-09-26 03:16:21.525] LOG  : Lua          f:119 st:222,097,573> NLQA MP REFRESH SENT: attempt=1 player=nl-guest.
[14-09-26 03:16:21.566] LOG  : Lua          f:121 st:222,097,613> NLQA MP SNAPSHOT: username=nl-guest revision=43 snapshotCount=1 message=Updated.
[14-09-26 03:16:21.566] LOG  : Lua          f:121 st:222,097,613> NLQA MP PRESENCE: revision=1789370181539 players=2 names=nl-host@10910.00,10035.00,0,nl-guest@10913.00,10034.00,0.
[14-09-26 03:16:21.566] LOG  : Lua          f:121 st:222,097,613> NLQA MP NPC PRESENCE: revision=1789370181540 count=3 entries=marisol@10911.20,10037.80,0/w2,kenji@10913.20,10035.80,0/w2,amara@10912.58,10040.50,0/w1.
[14-09-26 03:16:24.522] LOG  : Lua          f:299 st:222,100,570> NLQA MP REMOTE SCAN: IsoPlayerCount=4 [local=nl-guest] GameClient=unavailable RemoteSurvivorsCount=0 [] ObjectListForLuaCount=36 [username=Amara Okonkwo [Neighborhood Life] x=10912.58 y=10040.50 z=0 | username=Marisol Vega [Neighborhood Life] x=10911.20 y=10037.80 z=0 | username=nl-host x=10911.11 y=10036.10 z=0 | username=Kenji Arakawa [Neighborhood Life] x=10913.20 y=10035.80 z=0 | local=nl-guest] productionNpcReplicas=3 productionRemoteReplicas=0 productionHouseholdFurnishings=0 productionHouseholdFurnishingClient=0 productionHouseholdFurnishingPending=0 OnlinePlayersCount=2 [username=nl-host x=10911.11 y=10036.10 z=0 | local=nl-guest] productionRemoteMarkers=1 productionPresenceMarkers=0 productionNpcNativePaths=3 productionNpcFallbackReplicas=0.
[14-09-26 03:16:24.566] LOG  : Lua          f:301 st:222,100,613> NLQA MP PRESENCE: revision=1789370184536 players=2 names=nl-host@10912.35,10036.50,0,nl-guest@10913.00,10034.00,0.
[14-09-26 03:16:24.566] LOG  : Lua          f:301 st:222,100,613> NLQA MP NPC PRESENCE: revision=1789370184536 count=3 entries=marisol@10911.14,10037.86,0/w2,kenji@10913.14,10035.86,0/w2,amara@10912.66,10040.50,0/w1.
[14-09-26 03:16:25.716] LOG  : Lua          f:370 st:222,101,763> NLQA MP PRESENCE: revision=1789370185697 players=2 names=nl-host@10912.50,10035.50,0,nl-guest@10913.00,10034.00,0.
[14-09-26 03:16:25.716] LOG  : Lua          f:370 st:222,101,763> NLQA MP NPC PRESENCE: revision=1789370185698 count=3 entries=marisol@10911.14,10037.86,0/w2,kenji@10913.14,10035.86,0/w2,amara@10912.66,10040.50,0/w1.
[14-09-26 03:16:28.699] LOG  : Lua          f:549 st:222,104,746> NLQA MP NPC PRESENCE: revision=1789370188678 count=3 entries=marisol@10911.09,10037.91,0/w2,kenji@10913.09,10035.91,0/w2,amara@10912.74,10040.50,0/w1.
[14-09-26 03:16:29.522] LOG  : Lua          f:599 st:222,105,569> NLQA MP REMOTE SCAN: IsoPlayerCount=4 [local=nl-guest] GameClient=unavailable RemoteSurvivorsCount=0 [] ObjectListForLuaCount=36 [username=Amara Okonkwo [Neighborhood Life] x=10912.74 y=10040.50 z=0 | username=Marisol Vega [Neighborhood Life] x=10911.50 y=10037.50 z=0 | username=nl-host x=10912.46 y=10035.57 z=0 | username=Kenji Arakawa [Neighborhood Life] x=10913.50 y=10035.50 z=0 | local=nl-guest] productionNpcReplicas=3 productionRemoteReplicas=0 productionHouseholdFurnishings=0 productionHouseholdFurnishingClient=0 productionHouseholdFurnishingPending=0 OnlinePlayersCount=2 [username=nl-host x=10912.46 y=10035.57 z=0 | local=nl-guest] productionRemoteMarkers=1 productionPresenceMarkers=0 productionNpcNativePaths=3 productionNpcFallbackReplicas=0.
[14-09-26 03:16:29.548] LOG  : Lua          f:600 st:222,105,596> NLQA MP PRESENCE: revision=1789370189535 players=2 names=nl-host@10912.50,10035.50,0,nl-guest@10913.00,10034.00,0.
[14-09-26 03:16:29.549] LOG  : Lua          f:600 st:222,105,596> NLQA MP NPC PRESENCE: revision=1789370189535 count=3 entries=marisol@10911.03,10037.97,0/w2,kenji@10913.03,10035.97,0/w2,amara@10912.82,10040.50,0/w1.
[14-09-26 03:16:30.732] LOG  : Lua          f:671 st:222,106,780> NLQA MP PRESENCE: revision=1789370190708 players=2 names=nl-host@10912.00,10037.00,0,nl-guest@10913.00,10034.00,0.
[14-09-26 03:16:30.732] LOG  : Lua          f:671 st:222,106,780> NLQA MP NPC PRESENCE: revision=1789370190708 count=3 entries=marisol@10911.03,10037.97,0/w2,kenji@10913.03,10035.97,0/w2,amara@10912.82,10040.50,0/w1.
[14-09-26 03:16:33.522] LOG  : Lua          f:839 st:222,109,570> NLQA MP SOCIAL VIEWPOINT CHECK: target=kenji square=10912,10035,0 canSee=false.
[14-09-26 03:16:33.522] LOG  : Lua          f:839 st:222,109,570> NLQA MP SOCIAL VIEWPOINT CHECK: target=kenji square=10913,10034,0 canSee=true.
[14-09-26 03:16:33.522] LOG  : Lua          f:839 st:222,109,570> NLQA MP SOCIAL VIEWPOINT: nl-guest beside kenji at 10913,10034,0.
[14-09-26 03:16:34.520] LOG  : Lua          f:899 st:222,110,568> NLQA MP SOCIAL REFRESH: nl-guest.
[14-09-26 03:16:34.520] LOG  : Lua          f:899 st:222,110,568> NLQA MP REMOTE SCAN: IsoPlayerCount=4 [local=nl-guest] GameClient=unavailable RemoteSurvivorsCount=0 [] ObjectListForLuaCount=36 [username=Amara Okonkwo [Neighborhood Life] x=10912.68 y=10040.50 z=0 | username=Marisol Vega [Neighborhood Life] x=10911.50 y=10037.50 z=0 | username=nl-host x=10912.00 y=10037.00 z=0 | username=Kenji Arakawa [Neighborhood Life] x=10913.50 y=10035.50 z=0 | local=nl-guest] productionNpcReplicas=3 productionRemoteReplicas=0 productionHouseholdFurnishings=0 productionHouseholdFurnishingClient=0 productionHouseholdFurnishingPending=0 OnlinePlayersCount=2 [username=nl-host x=10912.00 y=10037.00 z=0 | local=nl-guest] productionRemoteMarkers=1 productionPresenceMarkers=0 productionNpcNativePaths=3 productionNpcFallbackReplicas=0.
[14-09-26 03:16:34.549] LOG  : Lua          f:900 st:222,110,596> NLQA MP PRESENCE: revision=1789370194535 players=2 names=nl-host@10912.00,10037.00,0,nl-guest@10913.00,10034.00,0.
[14-09-26 03:16:34.549] LOG  : Lua          f:900 st:222,110,596> NLQA MP NPC PRESENCE: revision=1789370194535 count=3 entries=marisol@10910.97,10038.03,0/w2,kenji@10912.97,10036.03,0/w2,amara@10912.90,10040.50,0/w1.
[14-09-26 03:16:34.549] LOG  : Lua          f:900 st:222,110,596> NLQA MP SOCIAL SNAPSHOT: message=Updated username=nl-guest entries=marisol/canInteract=false/met=false/friendship=0,kenji/canInteract=false/met=true/friendship=3,amara/canInteract=false/met=false/friendship=0.
[14-09-26 03:16:35.732] LOG  : Lua          f:971 st:222,111,780> NLQA MP PRESENCE: revision=1789370195704 players=2 names=nl-host@10912.00,10037.00,0,nl-guest@10913.00,10034.00,0.
[14-09-26 03:16:35.733] LOG  : Lua          f:971 st:222,111,780> NLQA MP NPC PRESENCE: revision=1789370195704 count=3 entries=marisol@10910.92,10038.08,0/w2,kenji@10912.92,10036.08,0/w2,amara@10912.98,10040.50,0/w1.
[14-09-26 03:16:39.520] LOG  : Lua          f:1199 st:222,115,569> NLQA MP REMOTE SCAN: IsoPlayerCount=4 [local=nl-guest] GameClient=unavailable RemoteSurvivorsCount=0 [] ObjectListForLuaCount=36 [username=Amara Okonkwo [Neighborhood Life] x=10912.63 y=10040.50 z=0 | username=Marisol Vega [Neighborhood Life] x=10910.92 y=10038.08 z=0 | username=nl-host x=10912.00 y=10037.00 z=0 | username=Kenji Arakawa [Neighborhood Life] x=10912.52 y=10036.48 z=0 | local=nl-guest] productionNpcReplicas=3 productionRemoteReplicas=0 productionHouseholdFurnishings=0 productionHouseholdFurnishingClient=0 productionHouseholdFurnishingPending=0 OnlinePlayersCount=2 [username=nl-host x=10912.00 y=10037.00 z=0 | local=nl-guest] productionRemoteMarkers=1 productionPresenceMarkers=0 productionNpcNativePaths=3 productionNpcFallbackReplicas=0.
[14-09-26 03:16:39.549] LOG  : Lua          f:1200 st:222,115,596> NLQA MP PRESENCE: revision=1789370199531 players=2 names=nl-host@10912.00,10037.00,0,nl-guest@10913.00,10034.00,0.
[14-09-26 03:16:39.549] LOG  : Lua          f:1200 st:222,115,596> NLQA MP NPC PRESENCE: revision=1789370199531 count=3 entries=marisol@10910.86,10038.14,0/w2,kenji@10912.86,10036.14,0/w2,amara@10913.06,10040.50,0/w1.
[14-09-26 03:16:40.698] LOG  : Lua          f:1269 st:222,116,746> NLQA MP NPC PRESENCE: revision=1789370200680 count=3 entries=marisol@10910.86,10038.14,0/w2,kenji@10912.86,10036.14,0/w2,amara@10913.06,10040.50,0/w1.
[14-09-26 03:16:40.716] LOG  : Lua          f:1270 st:222,116,763> NLQA MP PRESENCE: revision=1789370200699 players=2 names=nl-host@10912.00,10037.00,0,nl-guest@10913.00,10034.00,0.
[14-09-26 03:16:40.716] LOG  : Lua          f:1270 st:222,116,763> NLQA MP NPC PRESENCE: revision=1789370200699 count=3 entries=marisol@10910.86,10038.14,0/w2,kenji@10912.86,10036.14,0/w2,amara@10913.06,10040.50,0/w1.
[14-09-26 03:16:44.520] LOG  : Lua          f:1499 st:222,120,568> NLQA MP REMOTE SCAN: IsoPlayerCount=4 [local=nl-guest] GameClient=unavailable RemoteSurvivorsCount=0 [] ObjectListForLuaCount=36 [username=Amara Okonkwo [Neighborhood Life] x=10913.06 y=10040.50 z=0 | username=Marisol Vega [Neighborhood Life] x=10910.86 y=10038.14 z=0 | username=nl-host x=10912.00 y=10037.00 z=0 | username=Kenji Arakawa [Neighborhood Life] x=10912.50 y=10036.50 z=0 | local=nl-guest] productionNpcReplicas=3 productionRemoteReplicas=0 productionHouseholdFurnishings=0 productionHouseholdFurnishingClient=0 productionHouseholdFurnishingPending=0 OnlinePlayersCount=2 [username=nl-host x=10912.00 y=10037.00 z=0 | local=nl-guest] productionRemoteMarkers=1 productionPresenceMarkers=0 productionNpcNativePaths=3 productionNpcFallbackReplicas=0.
[14-09-26 03:16:44.549] LOG  : Lua          f:1500 st:222,120,596> NLQA MP PRESENCE: revision=1789370204533 players=2 names=nl-host@10912.00,10037.00,0,nl-guest@10913.00,10034.00,0.
[14-09-26 03:16:44.549] LOG  : Lua          f:1500 st:222,120,596> NLQA MP NPC PRESENCE: revision=1789370204533 count=3 entries=marisol@10910.75,10038.25,0/w2,kenji@10912.75,10036.25,0/w2,amara@10913.22,10040.50,0/w1.
[14-09-26 03:16:45.715] LOG  : Lua          f:1570 st:222,121,763> NLQA MP PRESENCE: revision=1789370205699 players=2 names=nl-host@10912.00,10037.00,0,nl-guest@10913.00,10034.00,0.
[14-09-26 03:16:45.715] LOG  : Lua          f:1570 st:222,121,763> NLQA MP NPC PRESENCE: revision=1789370205699 count=3 entries=marisol@10910.75,10038.25,0/w2,kenji@10912.75,10036.25,0/w2,amara@10913.22,10040.50,0/w1.
[14-09-26 03:16:49.519] LOG  : Lua          f:1799 st:222,125,567> NLQA MP REMOTE SCAN: IsoPlayerCount=4 [local=nl-guest] GameClient=unavailable RemoteSurvivorsCount=0 [] ObjectListForLuaCount=36 [username=Amara Okonkwo [Neighborhood Life] x=10913.22 y=10040.50 z=0 | username=Marisol Vega [Neighborhood Life] x=10910.75 y=10038.25 z=0 | username=nl-host x=10912.00 y=10037.00 z=0 | username=Kenji Arakawa [Neighborhood Life] x=10912.63 y=10036.37 z=0 | local=nl-guest] productionNpcReplicas=3 productionRemoteReplicas=0 productionHouseholdFurnishings=0 productionHouseholdFurnishingClient=0 productionHouseholdFurnishingPending=0 OnlinePlayersCount=2 [username=nl-host x=10912.00 y=10037.00 z=0 | local=nl-guest] productionRemoteMarkers=1 productionPresenceMarkers=0 productionNpcNativePaths=2 productionNpcFallbackReplicas=1.
[14-09-26 03:16:49.549] LOG  : Lua          f:1800 st:222,125,596> NLQA MP PRESENCE: revision=1789370209534 players=2 names=nl-host@10912.00,10037.00,0,nl-guest@10913.00,10034.00,0.
[14-09-26 03:16:49.549] LOG  : Lua          f:1800 st:222,125,596> NLQA MP NPC PRESENCE: revision=1789370209534 count=3 entries=marisol@10910.69,10038.31,0/w2,kenji@10912.69,10036.31,0/w2,amara@10913.30,10040.50,0/w1.
[14-09-26 03:16:50.716] LOG  : Lua          f:1870 st:222,126,763> NLQA MP PRESENCE: revision=1789370210698 players=2 names=nl-host@10912.00,10037.00,0,nl-guest@10913.00,10034.00,0.
[14-09-26 03:16:50.716] LOG  : Lua          f:1870 st:222,126,763> NLQA MP NPC PRESENCE: revision=1789370210698 count=3 entries=marisol@10910.63,10038.37,0/w2,kenji@10912.63,10036.37,0/w2,amara@10913.38,10040.50,0/w1.
[14-09-26 03:16:52.698] LOG  : Lua          f:1989 st:222,128,746> NLQA MP NPC PRESENCE: revision=1789370212679 count=3 entries=marisol@10910.63,10038.37,0/w2,kenji@10912.63,10036.37,0/w2,amara@10913.38,10040.50,0/w1.
[14-09-26 03:16:54.519] LOG  : Lua          f:2099 st:222,130,567> NLQA MP REMOTE SCAN: IsoPlayerCount=4 [local=nl-guest] GameClient=unavailable RemoteSurvivorsCount=0 [] ObjectListForLuaCount=36 [username=Amara Okonkwo [Neighborhood Life] x=10913.38 y=10040.50 z=0 | username=Marisol Vega [Neighborhood Life] x=10910.63 y=10038.37 z=0 | username=nl-host x=10912.00 y=10037.00 z=0 | username=Kenji Arakawa [Neighborhood Life] x=10912.63 y=10036.37 z=0 | local=nl-guest] productionNpcReplicas=3 productionRemoteReplicas=0 productionHouseholdFurnishings=0 productionHouseholdFurnishingClient=0 productionHouseholdFurnishingPending=0 OnlinePlayersCount=2 [username=nl-host x=10912.00 y=10037.00 z=0 | local=nl-guest] productionRemoteMarkers=1 productionPresenceMarkers=0 productionNpcNativePaths=3 productionNpcFallbackReplicas=0.
[14-09-26 03:16:54.548] LOG  : Lua          f:2100 st:222,130,596> NLQA MP PRESENCE: revision=1789370214526 players=2 names=nl-host@10912.00,10037.00,0,nl-guest@10913.00,10034.00,0.
[14-09-26 03:16:54.548] LOG  : Lua          f:2100 st:222,130,596> NLQA MP NPC PRESENCE: revision=1789370214526 count=3 entries=marisol@10910.58,10038.42,0/w2,kenji@10912.58,10036.42,0/w2,amara@10913.46,10040.50,0/w1.
[14-09-26 03:16:55.715] LOG  : Lua          f:2170 st:222,131,763> NLQA MP PRESENCE: revision=1789370215696 players=2 names=nl-host@10912.00,10037.00,0,nl-guest@10913.00,10034.00,0.
[14-09-26 03:16:55.715] LOG  : Lua          f:2170 st:222,131,763> NLQA MP NPC PRESENCE: revision=1789370215696 count=3 entries=marisol@10910.58,10038.42,0/w2,kenji@10912.58,10036.42,0/w2,amara@10913.46,10040.50,0/w1.
[14-09-26 03:16:59.521] LOG  : Lua          f:2399 st:222,135,569> NLQA MP REMOTE SCAN: IsoPlayerCount=4 [local=nl-guest] GameClient=unavailable RemoteSurvivorsCount=0 [] ObjectListForLuaCount=36 [username=Amara Okonkwo [Neighborhood Life] x=10913.46 y=10040.50 z=0 | username=Marisol Vega [Neighborhood Life] x=10910.58 y=10038.42 z=0 | username=nl-host x=10912.00 y=10037.00 z=0 | username=Kenji Arakawa [Neighborhood Life] x=10912.58 y=10036.42 z=0 | local=nl-guest] productionNpcReplicas=3 productionRemoteReplicas=0 productionHouseholdFurnishings=0 productionHouseholdFurnishingClient=0 productionHouseholdFurnishingPending=0 OnlinePlayersCount=2 [username=nl-host x=10912.00 y=10037.00 z=0 | local=nl-guest] productionRemoteMarkers=1 productionPresenceMarkers=0 productionNpcNativePaths=3 productionNpcFallbackReplicas=0.
[14-09-26 03:16:59.549] LOG  : Lua          f:2400 st:222,135,596> NLQA MP PRESENCE: revision=1789370219531 players=2 names=nl-host@10912.00,10037.00,0,nl-guest@10913.00,10034.00,0.
[14-09-26 03:16:59.549] LOG  : Lua          f:2400 st:222,135,596> NLQA MP NPC PRESENCE: revision=1789370219531 count=3 entries=marisol@10910.52,10038.48,0/w2,kenji@10912.52,10036.48,0/w2,amara@10913.54,10040.50,0/w1.
[14-09-26 03:17:00.715] LOG  : Lua          f:2470 st:222,136,763> NLQA MP PRESENCE: revision=1789370220698 players=2 names=nl-host@10912.00,10037.00,0,nl-guest@10913.00,10034.00,0.
[14-09-26 03:17:00.715] LOG  : Lua          f:2470 st:222,136,763> NLQA MP NPC PRESENCE: revision=1789370220698 count=3 entries=marisol@10910.46,10038.54,0/w2,kenji@10912.46,10036.54,0/w2,amara@10913.62,10040.50,0/w1.
[14-09-26 03:17:04.548] LOG  : Lua          f:2700 st:222,140,596> NLQA MP PRESENCE: revision=1789370224527 players=2 names=nl-host@10912.00,10037.00,0,nl-guest@10913.00,10034.00,0.
[14-09-26 03:17:04.549] LOG  : Lua          f:2700 st:222,140,596> NLQA MP NPC PRESENCE: revision=1789370224527 count=3 entries=marisol@10910.41,10038.59,0/w2,kenji@10912.41,10036.59,0/w2,amara@10913.70,10040.50,0/w1.
[14-09-26 03:17:04.698] LOG  : Lua          f:2709 st:222,140,746> NLQA MP NPC PRESENCE: revision=1789370224677 count=3 entries=marisol@10910.41,10038.59,0/w2,kenji@10912.41,10036.59,0/w2,amara@10913.70,10040.50,0/w1.
[14-09-26 03:17:05.715] LOG  : Lua          f:2770 st:222,141,763> NLQA MP PRESENCE: revision=1789370225699 players=2 names=nl-host@10912.00,10037.00,0,nl-guest@10913.00,10034.00,0.
[14-09-26 03:17:05.715] LOG  : Lua          f:2770 st:222,141,763> NLQA MP NPC PRESENCE: revision=1789370225699 count=3 entries=marisol@10910.41,10038.59,0/w2,kenji@10912.41,10036.59,0/w2,amara@10913.70,10040.50,0/w1.
[14-09-26 03:17:09.549] LOG  : Lua          f:3000 st:222,145,596> NLQA MP PRESENCE: revision=1789370229528 players=2 names=nl-host@10912.00,10037.00,0,nl-guest@10913.00,10034.00,0.
[14-09-26 03:17:09.549] LOG  : Lua          f:3000 st:222,145,597> NLQA MP NPC PRESENCE: revision=1789370229528 count=3 entries=marisol@10910.29,10038.71,0/w2,kenji@10912.29,10036.71,0/w2,amara@10913.86,10040.50,0/w1.
