CONNECT STATE: none
PASS: main menu reached; QA Lua owns the no-Steam server connect
CONNECT STATE: Finish
STATE: null
STATE: zombie.gameStates.TISLogoState
STATE: zombie.gameStates.MainScreenState
CONNECT STATE: none
PASS: main menu reached; QA Lua owns the no-Steam server connect
CONNECT STATE: Finish
STATE: zombie.gameStates.LoadingQueueState
STATE: zombie.gameStates.GameLoadingState
PASS: ready loading screen acknowledged without OS input
STATE: zombie.gameStates.IngameState
STATE: null
STATE: zombie.gameStates.TISLogoState
STATE: zombie.gameStates.MainScreenState
CONNECT STATE: none
PASS: main menu reached; QA Lua owns the no-Steam server connect
CONNECT STATE: Finish
STATE: zombie.gameStates.LoadingQueueState
STATE: zombie.gameStates.GameLoadingState
PASS: ready loading screen acknowledged without OS input
STATE: zombie.gameStates.IngameState
PASS: QA requested engine disconnect for same-client reconnect
