LOG  : Network      f:251 st:200,756,063> Connected new client 238690980986674978 ID # 0
LOG  : Network      f:302 st:200,761,185> Connected new client 1008806517272025346 ID # 4
LOG  : Lua          f:667 st:200,797,607> NLQA PRODUCTION AUTHORITY COMMAND: refresh username=nl-host
LOG  : Lua          f:667 st:200,797,610> NLQA PRODUCTION AUTHORITY SNAPSHOT: username=nl-host revision=2
LOG  : Lua          f:697 st:200,800,636> NLQA PRODUCTION AUTHORITY COMMAND: presence username=nl-host
LOG  : Lua          f:707 st:200,801,661> NLQA PRODUCTION AUTHORITY COMMAND: refresh username=nl-guest
LOG  : Lua          f:707 st:200,801,663> NLQA PRODUCTION AUTHORITY SNAPSHOT: username=nl-guest revision=1
LOG  : Lua          f:737 st:200,804,665> NLQA PRODUCTION AUTHORITY COMMAND: presence username=nl-guest
LOG  : Lua          f:747 st:200,805,639> NLQA PRODUCTION AUTHORITY COMMAND: presence username=nl-host
LOG  : Lua          f:787 st:200,809,658> NLQA PRODUCTION AUTHORITY COMMAND: presence username=nl-guest
LOG  : Lua          f:797 st:200,810,641> NLQA PRODUCTION AUTHORITY COMMAND: presence username=nl-host
LOG  : Lua          f:797 st:200,810,677> NLQA CAREER SEED: username=nl-host item=Base.RippedSheets amount=6
LOG  : Lua          f:802 st:200,811,171> NLQA SOCIAL RESULT: username=nl-host message=Not completed: You already know each other.
LOG  : Lua          f:802 st:200,811,190> NLQA PRODUCTION AUTHORITY COMMAND: select username=nl-host
LOG  : Lua          f:802 st:200,811,191> NLQA PRODUCTION AUTHORITY SNAPSHOT: username=nl-host revision=2
LOG  : Lua          f:808 st:200,811,706> NLQA PRODUCTION AUTHORITY COMMAND: deliver username=nl-host
LOG  : Lua          f:808 st:200,811,709> NLQA PRODUCTION AUTHORITY SNAPSHOT: username=nl-host revision=3
LOG  : Lua          f:837 st:200,814,661> NLQA PRODUCTION AUTHORITY COMMAND: presence username=nl-guest
LOG  : Lua          f:847 st:200,815,632> NLQA PRODUCTION AUTHORITY COMMAND: presence username=nl-host
LOG  : Lua          f:887 st:200,819,659> NLQA PRODUCTION AUTHORITY COMMAND: presence username=nl-guest
LOG  : Lua          f:897 st:200,820,634> NLQA PRODUCTION AUTHORITY COMMAND: presence username=nl-host
LOG  : Lua          f:937 st:200,824,664> NLQA PRODUCTION AUTHORITY COMMAND: presence username=nl-guest
LOG  : Lua          f:947 st:200,825,639> NLQA PRODUCTION AUTHORITY COMMAND: presence username=nl-host
LOG  : Lua          f:987 st:200,829,657> NLQA PRODUCTION AUTHORITY COMMAND: presence username=nl-guest
LOG  : Lua          f:997 st:200,830,638> NLQA PRODUCTION AUTHORITY COMMAND: presence username=nl-host
LOG  : Lua          f:1037 st:200,834,664> NLQA PRODUCTION AUTHORITY COMMAND: presence username=nl-guest
LOG  : Lua          f:1047 st:200,835,632> NLQA PRODUCTION AUTHORITY COMMAND: presence username=nl-host
LOG  : Lua          f:1087 st:200,839,658> NLQA PRODUCTION AUTHORITY COMMAND: presence username=nl-guest
LOG  : Lua          f:1097 st:200,840,638> NLQA PRODUCTION AUTHORITY COMMAND: presence username=nl-host
LOG  : Lua          f:1137 st:200,844,660> NLQA PRODUCTION AUTHORITY COMMAND: presence username=nl-guest
LOG  : Lua          f:1147 st:200,845,642> NLQA PRODUCTION AUTHORITY COMMAND: presence username=nl-host
LOG  : Lua          f:1186 st:200,849,690> NLQA PRODUCTION AUTHORITY COMMAND: presence username=nl-guest
LOG  : Lua          f:1197 st:200,850,698> NLQA PRODUCTION AUTHORITY COMMAND: presence username=nl-host
LOG  : Lua          f:1237 st:200,854,697> NLQA PRODUCTION AUTHORITY COMMAND: presence username=nl-guest
LOG  : Lua          f:1248 st:200,855,703> NLQA PRODUCTION AUTHORITY COMMAND: presence username=nl-host
LOG  : Lua          f:1287 st:200,859,693> NLQA PRODUCTION AUTHORITY COMMAND: presence username=nl-guest
LOG  : Lua          f:1298 st:200,860,728> NLQA PRODUCTION AUTHORITY COMMAND: presence username=nl-host
LOG  : Lua          f:1337 st:200,864,691> NLQA PRODUCTION AUTHORITY COMMAND: presence username=nl-guest
LOG  : Lua          f:1347 st:200,865,698> NLQA PRODUCTION AUTHORITY COMMAND: presence username=nl-host
LOG  : Lua          f:1387 st:200,869,691> NLQA PRODUCTION AUTHORITY COMMAND: presence username=nl-guest
LOG  : Lua          f:1397 st:200,870,699> NLQA PRODUCTION AUTHORITY COMMAND: presence username=nl-host
LOG  : Lua          f:1437 st:200,874,689> NLQA PRODUCTION AUTHORITY COMMAND: presence username=nl-guest
LOG  : Lua          f:1448 st:200,875,708> NLQA PRODUCTION AUTHORITY COMMAND: presence username=nl-host
LOG  : Lua          f:1487 st:200,879,694> NLQA PRODUCTION AUTHORITY COMMAND: presence username=nl-guest
LOG  : Lua          f:1498 st:200,880,701> NLQA PRODUCTION AUTHORITY COMMAND: presence username=nl-host
LOG  : Lua          f:1537 st:200,884,690> NLQA PRODUCTION AUTHORITY COMMAND: presence username=nl-guest
LOG  : Lua          f:1548 st:200,885,708> NLQA PRODUCTION AUTHORITY COMMAND: presence username=nl-host
