LOG  : Lua          f:0> NLQA MP CONNECT ARMED: 127.0.0.1:16261
LOG  : Lua          f:0> NLQA STAT HUNGER 0..1
LOG  : Lua          f:0> NLQA STAT THIRST 0..1
LOG  : Lua          f:0> NLQA STAT FATIGUE 0..1
LOG  : Lua          f:0> NLQA STAT BOREDOM 0..100
LOG  : Lua          f:0> NLQA STAT STRESS 0..1
LOG  : Lua          f:0> NLQA STAT UNHAPPINESS 0..100
LOG  : Lua          f:0> NLQA PASS: actual item/perk/stat APIs and real ISPanel journal construction
LOG  : Lua          f:0> NLQA MP CONNECT REQUEST: nl-host -> 127.0.0.1:16261 accountPassword=true
LOG  : Lua          f:0 st:0> NLQA MP CONNECTION STATE: Connected message=nil arg=nil
LOG  : Lua          f:0 st:0> NLQA STAT HUNGER 0..1
LOG  : Lua          f:0 st:0> NLQA STAT THIRST 0..1
LOG  : Lua          f:0 st:0> NLQA STAT FATIGUE 0..1
LOG  : Lua          f:0 st:0> NLQA STAT BOREDOM 0..100
LOG  : Lua          f:0 st:0> NLQA STAT STRESS 0..1
LOG  : Lua          f:0 st:0> NLQA STAT UNHAPPINESS 0..100
LOG  : Lua          f:0 st:0> NLQA PASS: actual item/perk/stat APIs and real ISPanel journal construction
LOG  : Lua          f:0 st:0> NLQA MP CONNECTED: nl-host
LOG  : Lua          f:0 st:0> NLQA MP CLIENT START: username=nl-host isClient=true isServer=false
LOG  : Lua          f:119 st:198,786,189> NLQA MP REFRESH SENT: attempt=1 player=nl-host
LOG  : Lua          f:121 st:198,786,234> NLQA MP SNAPSHOT: username=nl-host revision=1 snapshotCount=1
LOG  : Lua          f:121 st:198,786,234> NLQA MP PRESENCE: revision=1789346870158 players=1 names=nl-host@6819.50,5259.50,0
LOG  : Lua          f:121 st:198,786,235> NLQA MP NPC PRESENCE: revision=1789346870159 count=0 entries=
LOG  : Lua          f:179 st:198,787,189> NLQA MP MOVE QUEUED: from=6819.50,5259.50 to=6821,5259
LOG  : Lua          f:299 st:198,789,192> NLQA MP REMOTE SCAN: IsoPlayerCount=4 [local=nl-host] GameClient=unavailable RemoteSurvivorsCount=0 [] ObjectListForLuaCount=30 [local=nl-host | username=nl-guest x=10754.00 y=10214.00 z=0] productionNpcReplicas=0 OnlinePlayersCount=2 [local=nl-host | username=nl-guest x=10754.00 y=10214.00 z=0] productionRemoteMarkers=1
LOG  : Lua          f:300 st:198,789,222> NLQA MP PRESENCE: revision=1789346873151 players=2 names=nl-host@6818.53,5262.56,0,nl-guest@10754.50,10214.50,0
LOG  : Lua          f:300 st:198,789,234> NLQA MP NPC PRESENCE: revision=1789346873151 count=3 entries=marisol@6816.70,5259.50,0/w1,kenji@6818.50,5260.50,0/w1,amara@6818.50,5264.50,0/w1
LOG  : Lua          f:411 st:198,791,217> NLQA MP PRESENCE: revision=1789346875149 players=2 names=nl-host@6820.89,5263.73,0,nl-guest@10754.50,10214.50,0
LOG  : Lua          f:411 st:198,791,218> NLQA MP NPC PRESENCE: revision=1789346875149 count=3 entries=marisol@6816.70,5259.50,0/w1,kenji@6818.50,5260.50,0/w1,amara@6818.50,5264.50,0/w1
LOG  : Lua          f:593 st:198,794,251> NLQA MP PRESENCE: revision=1789346878181 players=2 names=nl-host@6821.50,5260.01,0,nl-guest@10754.50,10214.50,0
LOG  : Lua          f:593 st:198,794,251> NLQA MP NPC PRESENCE: revision=1789346878181 count=3 entries=marisol@6816.78,5259.50,0/w1,kenji@6818.58,5260.50,0/w1,amara@6818.58,5264.50,0/w1
LOG  : Lua          f:599 st:198,794,341> NLQA MP REMOTE SCAN: IsoPlayerCount=4 [local=nl-host] GameClient=unavailable RemoteSurvivorsCount=0 [] ObjectListForLuaCount=32 [local=nl-host | username=Marisol Vega [Neighborhood Life] x=6816.78 y=5259.50 z=0 | username=Kenji Arakawa [Neighborhood Life] x=6818.58 y=5260.50 z=0 | username=Amara Okonkwo [Neighborhood Life] x=6818.58 y=5264.50 z=0] productionNpcReplicas=3 OnlinePlayersCount=1 [local=nl-host] productionRemoteMarkers=0
LOG  : Lua          f:600 st:198,794,367> NLQA MP PRESENCE: revision=1789346878300 players=2 names=nl-host@6821.50,5260.01,0,nl-guest@10754.50,10214.50,0
LOG  : Lua          f:600 st:198,794,368> NLQA MP NPC PRESENCE: revision=1789346878300 count=3 entries=marisol@6816.78,5259.50,0/w1,kenji@6818.58,5260.50,0/w1,amara@6818.58,5264.50,0/w1
LOG  : Lua          f:893 st:198,799,251> NLQA MP PRESENCE: revision=1789346883179 players=2 names=nl-host@6821.50,5259.50,0,nl-guest@10754.50,10214.50,0
LOG  : Lua          f:893 st:198,799,251> NLQA MP NPC PRESENCE: revision=1789346883179 count=3 entries=marisol@6816.94,5259.50,0/w1,kenji@6818.74,5260.50,0/w1,amara@6818.74,5264.50,0/w1
LOG  : Lua          f:899 st:198,799,338> NLQA MP REMOTE SCAN: IsoPlayerCount=4 [local=nl-host] GameClient=unavailable RemoteSurvivorsCount=0 [] ObjectListForLuaCount=32 [local=nl-host | username=Marisol Vega [Neighborhood Life] x=6816.94 y=5259.50 z=0 | username=Kenji Arakawa [Neighborhood Life] x=6818.74 y=5260.50 z=0 | username=Amara Okonkwo [Neighborhood Life] x=6818.74 y=5264.50 z=0] productionNpcReplicas=3 OnlinePlayersCount=1 [local=nl-host] productionRemoteMarkers=0
LOG  : Lua          f:900 st:198,799,367> NLQA MP PRESENCE: revision=1789346883301 players=2 names=nl-host@6821.50,5259.50,0,nl-guest@10754.50,10214.50,0
LOG  : Lua          f:900 st:198,799,368> NLQA MP NPC PRESENCE: revision=1789346883301 count=3 entries=marisol@6816.94,5259.50,0/w1,kenji@6818.74,5260.50,0/w1,amara@6818.74,5264.50,0/w1
LOG  : Lua          f:1000 st:198,801,034> NLQA MP NPC PRESENCE: revision=1789346884964 count=3 entries=marisol@6816.94,5259.50,0/w1,kenji@6818.74,5260.50,0/w1,amara@6818.74,5264.50,0/w1
LOG  : Lua          f:1193 st:198,804,251> NLQA MP PRESENCE: revision=1789346888176 players=2 names=nl-host@6821.50,5259.50,0,nl-guest@10754.50,10214.50,0
LOG  : Lua          f:1193 st:198,804,251> NLQA MP NPC PRESENCE: revision=1789346888176 count=3 entries=marisol@6817.02,5259.50,0/w1,kenji@6818.82,5260.50,0/w1,amara@6818.82,5264.50,0/w1
LOG  : Lua          f:1199 st:198,804,338> NLQA MP REMOTE SCAN: IsoPlayerCount=4 [local=nl-host] GameClient=unavailable RemoteSurvivorsCount=0 [] ObjectListForLuaCount=32 [local=nl-host | username=Marisol Vega [Neighborhood Life] x=6817.02 y=5259.50 z=0 | username=Kenji Arakawa [Neighborhood Life] x=6818.82 y=5260.50 z=0 | username=Amara Okonkwo [Neighborhood Life] x=6818.82 y=5264.50 z=0] productionNpcReplicas=3 OnlinePlayersCount=1 [local=nl-host] productionRemoteMarkers=0
LOG  : Lua          f:1200 st:198,804,367> NLQA MP PRESENCE: revision=1789346888299 players=2 names=nl-host@6821.50,5259.50,0,nl-guest@10754.50,10214.50,0
LOG  : Lua          f:1200 st:198,804,368> NLQA MP NPC PRESENCE: revision=1789346888299 count=3 entries=marisol@6817.02,5259.50,0/w1,kenji@6818.82,5260.50,0/w1,amara@6818.82,5264.50,0/w1
LOG  : Lua          f:1493 st:198,809,251> NLQA MP PRESENCE: revision=1789346893179 players=2 names=nl-host@6821.50,5259.50,0,nl-guest@10754.50,10214.50,0
LOG  : Lua          f:1493 st:198,809,251> NLQA MP NPC PRESENCE: revision=1789346893179 count=3 entries=marisol@6817.18,5259.50,0/w1,kenji@6818.98,5260.50,0/w1,amara@6818.98,5264.50,0/w1
LOG  : Lua          f:1499 st:198,809,339> NLQA MP REMOTE SCAN: IsoPlayerCount=4 [local=nl-host] GameClient=unavailable RemoteSurvivorsCount=0 [] ObjectListForLuaCount=32 [local=nl-host | username=Marisol Vega [Neighborhood Life] x=6817.18 y=5259.50 z=0 | username=Kenji Arakawa [Neighborhood Life] x=6818.98 y=5260.50 z=0 | username=Amara Okonkwo [Neighborhood Life] x=6818.98 y=5264.50 z=0] productionNpcReplicas=3 OnlinePlayersCount=1 [local=nl-host] productionRemoteMarkers=0
LOG  : Lua          f:1500 st:198,809,367> NLQA MP PRESENCE: revision=1789346893303 players=2 names=nl-host@6821.50,5259.50,0,nl-guest@10754.50,10214.50,0
LOG  : Lua          f:1500 st:198,809,367> NLQA MP NPC PRESENCE: revision=1789346893303 count=3 entries=marisol@6817.18,5259.50,0/w1,kenji@6818.98,5260.50,0/w1,amara@6818.98,5264.50,0/w1
LOG  : Lua          f:1720 st:198,813,034> NLQA MP NPC PRESENCE: revision=1789346896961 count=3 entries=marisol@6817.26,5259.50,0/w1,kenji@6819.06,5260.50,0/w1,amara@6819.06,5264.50,0/w1
LOG  : Lua          f:1793 st:198,814,251> NLQA MP PRESENCE: revision=1789346898178 players=2 names=nl-host@6821.50,5259.50,0,nl-guest@10754.50,10214.50,0
LOG  : Lua          f:1793 st:198,814,251> NLQA MP NPC PRESENCE: revision=1789346898178 count=3 entries=marisol@6817.34,5259.50,0/w1,kenji@6819.14,5260.50,0/w1,amara@6819.14,5264.50,0/w1
LOG  : Lua          f:1799 st:198,814,340> NLQA MP REMOTE SCAN: IsoPlayerCount=4 [local=nl-host] GameClient=unavailable RemoteSurvivorsCount=0 [] ObjectListForLuaCount=32 [local=nl-host | username=Marisol Vega [Neighborhood Life] x=6817.34 y=5259.50 z=0 | username=Kenji Arakawa [Neighborhood Life] x=6819.14 y=5260.50 z=0 | username=Amara Okonkwo [Neighborhood Life] x=6819.14 y=5264.50 z=0] productionNpcReplicas=3 OnlinePlayersCount=1 [local=nl-host] productionRemoteMarkers=0
LOG  : Lua          f:1800 st:198,814,367> NLQA MP PRESENCE: revision=1789346898302 players=2 names=nl-host@6821.50,5259.50,0,nl-guest@10754.50,10214.50,0
LOG  : Lua          f:1800 st:198,814,368> NLQA MP NPC PRESENCE: revision=1789346898302 count=3 entries=marisol@6817.34,5259.50,0/w1,kenji@6819.14,5260.50,0/w1,amara@6819.14,5264.50,0/w1
LOG  : Lua          f:2093 st:198,819,251> NLQA MP PRESENCE: revision=1789346903180 players=2 names=nl-host@6821.50,5259.50,0,nl-guest@10754.50,10214.50,0
LOG  : Lua          f:2093 st:198,819,251> NLQA MP NPC PRESENCE: revision=1789346903180 count=3 entries=marisol@6817.42,5259.50,0/w1,kenji@6819.22,5260.50,0/w1,amara@6819.22,5264.50,0/w1
LOG  : Lua          f:2099 st:198,819,338> NLQA MP REMOTE SCAN: IsoPlayerCount=4 [local=nl-host] GameClient=unavailable RemoteSurvivorsCount=0 [] ObjectListForLuaCount=32 [local=nl-host | username=Marisol Vega [Neighborhood Life] x=6817.42 y=5259.50 z=0 | username=Kenji Arakawa [Neighborhood Life] x=6819.22 y=5260.50 z=0 | username=Amara Okonkwo [Neighborhood Life] x=6819.22 y=5264.50 z=0] productionNpcReplicas=3 OnlinePlayersCount=1 [local=nl-host] productionRemoteMarkers=0
LOG  : Lua          f:2100 st:198,819,367> NLQA MP PRESENCE: revision=1789346903301 players=2 names=nl-host@6821.50,5259.50,0,nl-guest@10754.50,10214.50,0
LOG  : Lua          f:2100 st:198,819,368> NLQA MP NPC PRESENCE: revision=1789346903301 count=3 entries=marisol@6817.42,5259.50,0/w1,kenji@6819.22,5260.50,0/w1,amara@6819.22,5264.50,0/w1
