[13-09-26 21:46:02.208] LOG  : Lua          f:0 st:0> NLQA MP CONNECTED: nl-guest.
[13-09-26 21:46:30.203] LOG  : Lua          f:0 st:0> NLQA MP CLIENT START: username=Bob isClient=true isServer=false.
[13-09-26 21:46:32.745] LOG  : Lua          f:59 st:202,308,792> NLQA MP REMOTE SCAN: IsoPlayerCount=4 [local=nl-guest] GameClient=unavailable RemoteSurvivorsCount=0 [] ObjectListForLuaCount=23 [username=nl-host x=8284.00 y=11721.00 z=1 | local=nl-guest] productionNpcReplicas=0 OnlinePlayersCount=2 [username=nl-host x=8284.00 y=11721.00 z=1 | local=nl-guest] productionRemoteMarkers=1 productionPresenceMarkers=0.
[13-09-26 21:46:32.827] LOG  : Lua          f:60 st:202,308,873> NLQA MP PRESENCE: revision=1789350392759 players=2 names=nl-host@8284.50,11721.50,0,nl-guest@8469.50,11558.50,0.
[13-09-26 21:46:32.841] LOG  : Lua          f:60 st:202,308,887> NLQA MP NPC PRESENCE: revision=1789350392760 count=3 entries=marisol@8282.50,11721.50,0/w1,kenji@8282.50,11721.50,0/w2,amara@8282.50,11721.50,0/w2.
[13-09-26 21:46:33.553] LOG  : Lua          f:76 st:202,309,599> NLQA MP PRESENCE: revision=1789350393528 players=2 names=nl-host@8284.50,11721.50,0,nl-guest@8469.50,11558.50,0.
[13-09-26 21:46:33.553] LOG  : Lua          f:76 st:202,309,600> NLQA MP NPC PRESENCE: revision=1789350393528 count=3 entries=marisol@8282.50,11721.50,0/w1,kenji@8282.50,11721.50,0/w2,amara@8282.50,11721.50,0/w2.
[13-09-26 21:46:34.289] LOG  : Lua          f:120 st:202,310,335> NLQA MP PRESENCE: revision=1789350394273 players=2 names=nl-host@8284.50,11721.50,0,nl-guest@8469.50,11558.50,0.
[13-09-26 21:46:34.290] LOG  : Lua          f:120 st:202,310,336> NLQA MP NPC PRESENCE: revision=1789350394273 count=3 entries=marisol@8282.50,11721.50,0/w1,kenji@8282.50,11721.50,0/w2,amara@8282.50,11721.50,0/w2.
[13-09-26 21:46:38.259] LOG  : Lua          f:359 st:202,314,305> NLQA MP REMOTE SCAN: IsoPlayerCount=4 [local=nl-guest] GameClient=unavailable RemoteSurvivorsCount=0 [] ObjectListForLuaCount=37 [local=nl-guest | username=Amara Okonkwo [Neighborhood Life] x=8282.13 y=11721.13 z=0 | username=Kenji Arakawa [Neighborhood Life] x=8282.13 y=11721.13 z=0 | username=Marisol Vega [Neighborhood Life] x=8282.13 y=11721.13 z=0] productionNpcReplicas=3 OnlinePlayersCount=1 [local=nl-guest] productionRemoteMarkers=0 productionPresenceMarkers=1.
[13-09-26 21:46:38.285] LOG  : Lua          f:360 st:202,314,333> NLQA MP PRESENCE: revision=1789350398268 players=2 names=nl-host@8283.50,11721.50,0,nl-guest@8469.50,11558.50,0.
[13-09-26 21:46:38.287] LOG  : Lua          f:360 st:202,314,333> NLQA MP NPC PRESENCE: revision=1789350398268 count=3 entries=marisol@8282.48,11721.42,0/w1,kenji@8282.48,11721.42,0/w2,amara@8282.48,11721.42,0/w2.
[13-09-26 21:46:38.553] LOG  : Lua          f:376 st:202,314,599> NLQA MP PRESENCE: revision=1789350398536 players=2 names=nl-host@8283.50,11721.50,0,nl-guest@8469.50,11558.50,0.
[13-09-26 21:46:38.553] LOG  : Lua          f:376 st:202,314,599> NLQA MP NPC PRESENCE: revision=1789350398536 count=3 entries=marisol@8282.46,11721.34,0/w1,kenji@8282.46,11721.34,0/w2,amara@8282.46,11721.34,0/w2.
[13-09-26 21:46:39.103] LOG  : Lua          f:409 st:202,315,149> NLQA MP PRESENCE: revision=1789350399083 players=2 names=nl-host@8283.50,11721.50,0,nl-guest@8469.50,11558.50,0.
[13-09-26 21:46:39.103] LOG  : Lua          f:409 st:202,315,149> NLQA MP NPC PRESENCE: revision=1789350399083 count=3 entries=marisol@8282.46,11721.34,0/w1,kenji@8282.46,11721.34,0/w2,amara@8282.46,11721.34,0/w2.
[13-09-26 21:46:39.619] LOG  : Lua          f:440 st:202,315,666> NLQA MP PRESENCE: revision=1789350399602 players=2 names=nl-host@8283.50,11721.50,0,nl-guest@8469.50,11558.50,0.
[13-09-26 21:46:39.619] LOG  : Lua          f:440 st:202,315,666> NLQA MP NPC PRESENCE: revision=1789350399602 count=3 entries=marisol@8282.46,11721.34,0/w1,kenji@8282.46,11721.34,0/w2,amara@8282.46,11721.34,0/w2.
[13-09-26 21:46:43.260] LOG  : Lua          f:659 st:202,319,306> NLQA MP SOCIAL REFRESH: nl-guest.
[13-09-26 21:46:43.260] LOG  : Lua          f:659 st:202,319,307> NLQA MP REMOTE SCAN: IsoPlayerCount=4 [local=nl-guest] GameClient=unavailable RemoteSurvivorsCount=0 [] ObjectListForLuaCount=37 [local=nl-guest | username=Amara Okonkwo [Neighborhood Life] x=8282.14 y=11721.11 z=0 | username=Kenji Arakawa [Neighborhood Life] x=8282.14 y=11721.11 z=0 | username=Marisol Vega [Neighborhood Life] x=8282.14 y=11721.11 z=0] productionNpcReplicas=3 OnlinePlayersCount=1 [local=nl-guest] productionRemoteMarkers=0 productionPresenceMarkers=1.
[13-09-26 21:46:43.286] LOG  : Lua          f:660 st:202,319,333> NLQA MP PRESENCE: revision=1789350403272 players=2 names=nl-host@8283.50,11721.50,0,nl-guest@8469.50,11558.50,0.
[13-09-26 21:46:43.286] LOG  : Lua          f:660 st:202,319,333> NLQA MP NPC PRESENCE: revision=1789350403272 count=3 entries=marisol@8282.45,11721.27,0/w1,kenji@8282.45,11721.27,0/w2,amara@8282.45,11721.27,0/w2.
[13-09-26 21:46:43.286] LOG  : Lua          f:660 st:202,319,333> NLQA MP SOCIAL SNAPSHOT: message=Updated username=nl-guest entries=marisol/canInteract=false/met=false/friendship=0,kenji/canInteract=false/met=false/friendship=0,amara/canInteract=false/met=false/friendship=0.
[13-09-26 21:46:43.291] LOG  : Lua          f:661 st:202,319,338> NLQA MP SOCIAL ACTION: guest refresh-only; no local interaction stimulus.
[13-09-26 21:46:43.553] LOG  : Lua          f:676 st:202,319,599> NLQA MP PRESENCE: revision=1789350403537 players=2 names=nl-host@8283.50,11721.50,0,nl-guest@8469.50,11558.50,0.
[13-09-26 21:46:43.553] LOG  : Lua          f:676 st:202,319,599> NLQA MP NPC PRESENCE: revision=1789350403537 count=3 entries=marisol@8282.45,11721.27,0/w1,kenji@8282.45,11721.27,0/w2,amara@8282.45,11721.27,0/w2.
[13-09-26 21:46:44.420] LOG  : Lua          f:728 st:202,320,466> NLQA MP NPC PRESENCE: revision=1789350404400 count=3 entries=marisol@8282.45,11721.27,0/w1,kenji@8282.45,11721.27,0/w2,amara@8282.45,11721.27,0/w2.
[13-09-26 21:46:48.261] LOG  : Lua          f:959 st:202,324,308> NLQA MP REMOTE SCAN: IsoPlayerCount=4 [local=nl-guest] GameClient=unavailable RemoteSurvivorsCount=0 [] ObjectListForLuaCount=37 [local=nl-guest | username=Amara Okonkwo [Neighborhood Life] x=8282.15 y=11721.09 z=0 | username=Kenji Arakawa [Neighborhood Life] x=8282.15 y=11721.09 z=0 | username=Marisol Vega [Neighborhood Life] x=8282.15 y=11721.09 z=0] productionNpcReplicas=3 OnlinePlayersCount=1 [local=nl-guest] productionRemoteMarkers=0 productionPresenceMarkers=1.
[13-09-26 21:46:48.286] LOG  : Lua          f:960 st:202,324,333> NLQA MP PRESENCE: revision=1789350408272 players=2 names=nl-host@8283.50,11721.50,0,nl-guest@8469.50,11558.50,0.
[13-09-26 21:46:48.286] LOG  : Lua          f:960 st:202,324,333> NLQA MP NPC PRESENCE: revision=1789350408272 count=3 entries=marisol@8282.41,11721.11,0/w1,kenji@8282.41,11721.11,0/w2,amara@8282.41,11721.11,0/w2.
[13-09-26 21:46:48.552] LOG  : Lua          f:976 st:202,324,599> NLQA MP PRESENCE: revision=1789350408540 players=2 names=nl-host@8283.50,11721.50,0,nl-guest@8469.50,11558.50,0.
[13-09-26 21:46:48.552] LOG  : Lua          f:976 st:202,324,599> NLQA MP NPC PRESENCE: revision=1789350408540 count=3 entries=marisol@8282.41,11721.11,0/w1,kenji@8282.41,11721.11,0/w2,amara@8282.41,11721.11,0/w2.
[13-09-26 21:46:53.258] LOG  : Lua          f:1259 st:202,329,304> NLQA MP REMOTE SCAN: IsoPlayerCount=4 [local=nl-guest] GameClient=unavailable RemoteSurvivorsCount=0 [] ObjectListForLuaCount=37 [local=nl-guest | username=Amara Okonkwo [Neighborhood Life] x=8282.17 y=11721.05 z=0 | username=Kenji Arakawa [Neighborhood Life] x=8282.17 y=11721.05 z=0 | username=Marisol Vega [Neighborhood Life] x=8282.17 y=11721.05 z=0] productionNpcReplicas=3 OnlinePlayersCount=1 [local=nl-guest] productionRemoteMarkers=0 productionPresenceMarkers=1.
[13-09-26 21:46:53.286] LOG  : Lua          f:1260 st:202,329,333> NLQA MP PRESENCE: revision=1789350413273 players=2 names=nl-host@8283.50,11721.50,0,nl-guest@8469.50,11558.50,0.
[13-09-26 21:46:53.286] LOG  : Lua          f:1260 st:202,329,333> NLQA MP NPC PRESENCE: revision=1789350413273 count=3 entries=marisol@8282.39,11721.03,0/w1,kenji@8282.39,11721.03,0/w2,amara@8282.39,11721.03,0/w2.
[13-09-26 21:46:53.552] LOG  : Lua          f:1276 st:202,329,599> NLQA MP PRESENCE: revision=1789350413533 players=2 names=nl-host@8283.50,11721.50,0,nl-guest@8469.50,11558.50,0.
[13-09-26 21:46:53.552] LOG  : Lua          f:1276 st:202,329,599> NLQA MP NPC PRESENCE: revision=1789350413533 count=3 entries=marisol@8282.39,11721.03,0/w1,kenji@8282.39,11721.03,0/w2,amara@8282.39,11721.03,0/w2.
[13-09-26 21:46:56.419] LOG  : Lua          f:1448 st:202,332,466> NLQA MP NPC PRESENCE: revision=1789350416396 count=3 entries=marisol@8282.38,11720.95,0/w1,kenji@8282.38,11720.95,0/w2,amara@8282.38,11720.95,0/w2.
[13-09-26 21:46:58.259] LOG  : Lua          f:1559 st:202,334,305> NLQA MP REMOTE SCAN: IsoPlayerCount=4 [local=nl-guest] GameClient=unavailable RemoteSurvivorsCount=0 [] ObjectListForLuaCount=37 [local=nl-guest | username=Amara Okonkwo [Neighborhood Life] x=8282.18 y=11720.98 z=0 | username=Kenji Arakawa [Neighborhood Life] x=8282.18 y=11720.98 z=0 | username=Marisol Vega [Neighborhood Life] x=8282.18 y=11720.98 z=0] productionNpcReplicas=3 OnlinePlayersCount=1 [local=nl-guest] productionRemoteMarkers=0 productionPresenceMarkers=1.
[13-09-26 21:46:58.286] LOG  : Lua          f:1560 st:202,334,333> NLQA MP PRESENCE: revision=1789350418275 players=2 names=nl-host@8283.50,11721.50,0,nl-guest@8469.50,11558.50,0.
[13-09-26 21:46:58.286] LOG  : Lua          f:1560 st:202,334,333> NLQA MP NPC PRESENCE: revision=1789350418275 count=3 entries=marisol@8282.36,11720.88,0/w1,kenji@8282.36,11720.88,0/w2,amara@8282.36,11720.88,0/w2.
[13-09-26 21:46:58.552] LOG  : Lua          f:1576 st:202,334,599> NLQA MP PRESENCE: revision=1789350418538 players=2 names=nl-host@8283.50,11721.50,0,nl-guest@8469.50,11558.50,0.
[13-09-26 21:46:58.552] LOG  : Lua          f:1576 st:202,334,599> NLQA MP NPC PRESENCE: revision=1789350418538 count=3 entries=marisol@8282.36,11720.88,0/w1,kenji@8282.36,11720.88,0/w2,amara@8282.36,11720.88,0/w2.
[13-09-26 21:47:03.258] LOG  : Lua          f:1859 st:202,339,304> NLQA MP REMOTE SCAN: IsoPlayerCount=4 [local=nl-guest] GameClient=unavailable RemoteSurvivorsCount=0 [] ObjectListForLuaCount=37 [local=nl-guest | username=Amara Okonkwo [Neighborhood Life] x=8282.17 y=11720.94 z=0 | username=Kenji Arakawa [Neighborhood Life] x=8282.17 y=11720.94 z=0 | username=Marisol Vega [Neighborhood Life] x=8282.17 y=11720.94 z=0] productionNpcReplicas=3 OnlinePlayersCount=1 [local=nl-guest] productionRemoteMarkers=0 productionPresenceMarkers=1.
[13-09-26 21:47:03.286] LOG  : Lua          f:1860 st:202,339,333> NLQA MP PRESENCE: revision=1789350423271 players=2 names=nl-host@8283.50,11721.50,0,nl-guest@8469.50,11558.50,0.
[13-09-26 21:47:03.286] LOG  : Lua          f:1860 st:202,339,333> NLQA MP NPC PRESENCE: revision=1789350423271 count=3 entries=marisol@8282.34,11720.80,0/w1,kenji@8282.34,11720.80,0/w2,amara@8282.34,11720.80,0/w2.
[13-09-26 21:47:03.553] LOG  : Lua          f:1876 st:202,339,599> NLQA MP PRESENCE: revision=1789350423539 players=2 names=nl-host@8283.50,11721.50,0,nl-guest@8469.50,11558.50,0.
[13-09-26 21:47:03.553] LOG  : Lua          f:1876 st:202,339,599> NLQA MP NPC PRESENCE: revision=1789350423539 count=3 entries=marisol@8282.32,11720.72,0/w1,kenji@8282.32,11720.72,0/w2,amara@8282.32,11720.72,0/w2.
[13-09-26 21:47:08.258] LOG  : Lua          f:2159 st:202,344,304> NLQA MP REMOTE SCAN: IsoPlayerCount=4 [local=nl-guest] GameClient=unavailable RemoteSurvivorsCount=0 [] ObjectListForLuaCount=37 [local=nl-guest | username=Amara Okonkwo [Neighborhood Life] x=8282.14 y=11720.88 z=0 | username=Kenji Arakawa [Neighborhood Life] x=8282.14 y=11720.88 z=0 | username=Marisol Vega [Neighborhood Life] x=8282.14 y=11720.88 z=0] productionNpcReplicas=3 OnlinePlayersCount=1 [local=nl-guest] productionRemoteMarkers=0 productionPresenceMarkers=1.
[13-09-26 21:47:08.286] LOG  : Lua          f:2160 st:202,344,333> NLQA MP PRESENCE: revision=1789350428262 players=2 names=nl-host@8283.50,11721.50,0,nl-guest@8469.50,11558.50,0.
[13-09-26 21:47:08.286] LOG  : Lua          f:2160 st:202,344,333> NLQA MP NPC PRESENCE: revision=1789350428262 count=3 entries=marisol@8282.31,11720.64,0/w1,kenji@8282.31,11720.64,0/w2,amara@8282.31,11720.64,0/w2.
[13-09-26 21:47:08.419] LOG  : Lua          f:2168 st:202,344,466> NLQA MP NPC PRESENCE: revision=1789350428399 count=3 entries=marisol@8282.31,11720.64,0/w1,kenji@8282.31,11720.64,0/w2,amara@8282.31,11720.64,0/w2.
[13-09-26 21:47:08.553] LOG  : Lua          f:2176 st:202,344,599> NLQA MP PRESENCE: revision=1789350428535 players=2 names=nl-host@8283.50,11721.50,0,nl-guest@8469.50,11558.50,0.
[13-09-26 21:47:08.553] LOG  : Lua          f:2176 st:202,344,599> NLQA MP NPC PRESENCE: revision=1789350428535 count=3 entries=marisol@8282.31,11720.64,0/w1,kenji@8282.31,11720.64,0/w2,amara@8282.31,11720.64,0/w2.
[13-09-26 21:47:13.286] LOG  : Lua          f:2460 st:202,349,333> NLQA MP PRESENCE: revision=1789350433273 players=2 names=nl-host@8283.50,11721.50,0,nl-guest@8469.50,11558.50,0.
[13-09-26 21:47:13.286] LOG  : Lua          f:2460 st:202,349,333> NLQA MP NPC PRESENCE: revision=1789350433273 count=3 entries=marisol@8282.27,11720.48,0/w1,kenji@8282.27,11720.48,0/w2,amara@8282.27,11720.48,0/w2.
[13-09-26 21:47:13.552] LOG  : Lua          f:2476 st:202,349,599> NLQA MP PRESENCE: revision=1789350433530 players=2 names=nl-host@8283.50,11721.50,0,nl-guest@8469.50,11558.50,0.
[13-09-26 21:47:13.552] LOG  : Lua          f:2476 st:202,349,599> NLQA MP NPC PRESENCE: revision=1789350433530 count=3 entries=marisol@8282.27,11720.48,0/w1,kenji@8282.27,11720.48,0/w2,amara@8282.27,11720.48,0/w2.
[13-09-26 21:47:18.286] LOG  : Lua          f:2760 st:202,354,333> NLQA MP PRESENCE: revision=1789350438272 players=2 names=nl-host@8283.50,11721.50,0,nl-guest@8469.50,11558.50,0.
[13-09-26 21:47:18.286] LOG  : Lua          f:2760 st:202,354,333> NLQA MP NPC PRESENCE: revision=1789350438272 count=3 entries=marisol@8282.25,11720.41,0/w1,kenji@8282.25,11720.41,0/w2,amara@8282.25,11720.41,0/w2.
[13-09-26 21:47:18.553] LOG  : Lua          f:2776 st:202,354,599> NLQA MP PRESENCE: revision=1789350438533 players=2 names=nl-host@8283.50,11721.50,0,nl-guest@8469.50,11558.50,0.
[13-09-26 21:47:18.553] LOG  : Lua          f:2776 st:202,354,599> NLQA MP NPC PRESENCE: revision=1789350438533 count=3 entries=marisol@8282.25,11720.41,0/w1,kenji@8282.25,11720.41,0/w2,amara@8282.25,11720.41,0/w2.
