[13-09-26 21:45:57.389] LOG  : Lua          f:0 st:0> NLQA MP CONNECTED: nl-host.
[13-09-26 21:46:24.220] LOG  : Lua          f:0 st:0> NLQA MP CLIENT START: username=Bob isClient=true isServer=false.
[13-09-26 21:46:25.570] LOG  : Lua          f:59 st:202,301,623> NLQA MP REMOTE SCAN: IsoPlayerCount=4 [local=nl-host] GameClient=unavailable RemoteSurvivorsCount=0 [] ObjectListForLuaCount=1 [local=nl-host] productionNpcReplicas=0 OnlinePlayersCount=1 [local=nl-host] productionRemoteMarkers=0 productionPresenceMarkers=0.
[13-09-26 21:46:26.281] LOG  : Lua          f:62 st:202,302,334> NLQA MP PRESENCE: revision=1789350385598 players=1 names=nl-host@8284.50,11721.50,0.
[13-09-26 21:46:26.281] LOG  : Lua          f:62 st:202,302,335> NLQA MP NPC PRESENCE: revision=1789350385600 count=0 entries=.
[13-09-26 21:46:28.386] LOG  : Lua          f:120 st:202,304,438> NLQA MP PRESENCE: revision=1789350388373 players=1 names=nl-host@8284.50,11721.50,0.
[13-09-26 21:46:28.386] LOG  : Lua          f:120 st:202,304,438> NLQA MP NPC PRESENCE: revision=1789350388373 count=0 entries=.
[13-09-26 21:46:32.770] LOG  : Lua          f:329 st:202,308,823> NLQA MP PRESENCE: revision=1789350392759 players=2 names=nl-host@8284.50,11721.50,0,nl-guest@8469.50,11558.50,0.
[13-09-26 21:46:32.790] LOG  : Lua          f:329 st:202,308,842> NLQA MP NPC PRESENCE: revision=1789350392760 count=3 entries=marisol@8282.50,11721.50,0/w1,kenji@8282.50,11721.50,0/w2,amara@8282.50,11721.50,0/w2.
[13-09-26 21:46:33.515] LOG  : Lua          f:359 st:202,309,568> NLQA MP REMOTE SCAN: IsoPlayerCount=4 [local=nl-host] GameClient=unavailable RemoteSurvivorsCount=0 [] ObjectListForLuaCount=42 [local=nl-host | username=Bob x=8281.23 y=11722.85 z=-1 | username=nl-guest x=8469.00 y=11558.00 z=1 | username=Bob x=8281.46 y=11723.59 z=-1 | username=Amara Okonkwo [Neighborhood Life] x=8282.50 y=11721.50 z=0 | username=Marisol Vega [Neighborhood Life] x=8282.50 y=11721.50 z=0 | username=Bob x=8299.75 y=11724.15 z=0 | username=Kenji Arakawa [Neighborhood Life] x=8282.50 y=11721.50 z=0] productionNpcReplicas=3 OnlinePlayersCount=2 [local=nl-host | username=nl-guest x=8469.00 y=11558.00 z=1] productionRemoteMarkers=1 productionPresenceMarkers=0.
[13-09-26 21:46:33.553] LOG  : Lua          f:361 st:202,309,605> NLQA MP PRESENCE: revision=1789350393528 players=2 names=nl-host@8284.50,11721.50,0,nl-guest@8469.50,11558.50,0.
[13-09-26 21:46:33.553] LOG  : Lua          f:361 st:202,309,605> NLQA MP NPC PRESENCE: revision=1789350393528 count=3 entries=marisol@8282.50,11721.50,0/w1,kenji@8282.50,11721.50,0/w2,amara@8282.50,11721.50,0/w2.
[13-09-26 21:46:34.295] LOG  : Lua          f:405 st:202,310,348> NLQA MP PRESENCE: revision=1789350394273 players=2 names=nl-host@8284.50,11721.50,0,nl-guest@8469.50,11558.50,0.
[13-09-26 21:46:34.296] LOG  : Lua          f:405 st:202,310,348> NLQA MP NPC PRESENCE: revision=1789350394273 count=3 entries=marisol@8282.50,11721.50,0/w1,kenji@8282.50,11721.50,0/w2,amara@8282.50,11721.50,0/w2.
[13-09-26 21:46:38.285] LOG  : Lua          f:644 st:202,314,338> NLQA MP PRESENCE: revision=1789350398268 players=2 names=nl-host@8283.50,11721.50,0,nl-guest@8469.50,11558.50,0.
[13-09-26 21:46:38.285] LOG  : Lua          f:644 st:202,314,338> NLQA MP NPC PRESENCE: revision=1789350398268 count=3 entries=marisol@8282.48,11721.42,0/w1,kenji@8282.48,11721.42,0/w2,amara@8282.48,11721.42,0/w2.
[13-09-26 21:46:38.525] LOG  : Lua          f:659 st:202,314,578> NLQA MP SOCIAL REFRESH: nl-host.
[13-09-26 21:46:38.525] LOG  : Lua          f:659 st:202,314,578> NLQA MP REMOTE SCAN: IsoPlayerCount=4 [local=nl-host] GameClient=unavailable RemoteSurvivorsCount=0 [] ObjectListForLuaCount=41 [local=nl-host | username=Bob x=8284.78 y=11722.16 z=-1 | username=Bob x=8284.71 y=11721.97 z=-1 | username=Amara Okonkwo [Neighborhood Life] x=8282.48 y=11721.42 z=0 | username=Marisol Vega [Neighborhood Life] x=8282.48 y=11721.42 z=0 | username=Bob x=8297.91 y=11725.83 z=0 | username=Kenji Arakawa [Neighborhood Life] x=8282.48 y=11721.42 z=0] productionNpcReplicas=3 OnlinePlayersCount=1 [local=nl-host] productionRemoteMarkers=0 productionPresenceMarkers=1.
[13-09-26 21:46:38.552] LOG  : Lua          f:660 st:202,314,605> NLQA MP PRESENCE: revision=1789350398536 players=2 names=nl-host@8283.50,11721.50,0,nl-guest@8469.50,11558.50,0.
[13-09-26 21:46:38.552] LOG  : Lua          f:660 st:202,314,605> NLQA MP NPC PRESENCE: revision=1789350398536 count=3 entries=marisol@8282.46,11721.34,0/w1,kenji@8282.46,11721.34,0/w2,amara@8282.46,11721.34,0/w2.
[13-09-26 21:46:38.552] LOG  : Lua          f:660 st:202,314,605> NLQA MP SOCIAL SNAPSHOT: message=Updated username=nl-host entries=marisol/canInteract=true/met=true/friendship=6,kenji/canInteract=true/met=false/friendship=0,amara/canInteract=true/met=false/friendship=0.
[13-09-26 21:46:38.552] LOG  : Lua          f:660 st:202,314,605> NLQA MP SOCIAL RESULT: host introduction already persisted.
[13-09-26 21:46:38.559] LOG  : Lua          f:661 st:202,314,612> NLQA MP SOCIAL ACTION SCHEDULED: introduce id=marisol.
[13-09-26 21:46:38.560] LOG  : Lua          f:661 st:202,314,612> NLQA MP CAREER SEED REQUEST: tailor.
[13-09-26 21:46:38.585] LOG  : Lua          f:662 st:202,314,638> NLQA MP CAREER SEED ACK: item=Base.RippedSheets amount=6.
[13-09-26 21:46:39.057] LOG  : Lua          f:691 st:202,315,110> NLQA MP SOCIAL ACTION: introduce id=marisol.
[13-09-26 21:46:39.074] LOG  : Lua          f:692 st:202,315,127> NLQA MP CAREER SELECT: tailor.
[13-09-26 21:46:39.086] LOG  : Lua          f:692 st:202,315,138> NLQA MP SOCIAL SNAPSHOT: message=Not completed: You already know each other. username=nl-host entries=marisol/canInteract=true/met=true/friendship=6,kenji/canInteract=true/met=false/friendship=0,amara/canInteract=true/met=false/friendship=0.
[13-09-26 21:46:39.102] LOG  : Lua          f:693 st:202,315,155> NLQA MP PRESENCE: revision=1789350399083 players=2 names=nl-host@8283.50,11721.50,0,nl-guest@8469.50,11558.50,0.
[13-09-26 21:46:39.102] LOG  : Lua          f:693 st:202,315,155> NLQA MP NPC PRESENCE: revision=1789350399083 count=3 entries=marisol@8282.46,11721.34,0/w1,kenji@8282.46,11721.34,0/w2,amara@8282.46,11721.34,0/w2.
[13-09-26 21:46:39.591] LOG  : Lua          f:723 st:202,315,643> NLQA MP CAREER DELIVERY: id=tailor:1:1.
[13-09-26 21:46:39.619] LOG  : Lua          f:724 st:202,315,671> NLQA MP PRESENCE: revision=1789350399602 players=2 names=nl-host@8283.50,11721.50,0,nl-guest@8469.50,11558.50,0.
[13-09-26 21:46:39.619] LOG  : Lua          f:724 st:202,315,672> NLQA MP NPC PRESENCE: revision=1789350399602 count=3 entries=marisol@8282.46,11721.34,0/w1,kenji@8282.46,11721.34,0/w2,amara@8282.46,11721.34,0/w2.
[13-09-26 21:46:43.285] LOG  : Lua          f:944 st:202,319,338> NLQA MP PRESENCE: revision=1789350403272 players=2 names=nl-host@8283.50,11721.50,0,nl-guest@8469.50,11558.50,0.
[13-09-26 21:46:43.285] LOG  : Lua          f:944 st:202,319,338> NLQA MP NPC PRESENCE: revision=1789350403272 count=3 entries=marisol@8282.45,11721.27,0/w1,kenji@8282.45,11721.27,0/w2,amara@8282.45,11721.27,0/w2.
[13-09-26 21:46:43.524] LOG  : Lua          f:959 st:202,319,577> NLQA MP REMOTE SCAN: IsoPlayerCount=4 [local=nl-host] GameClient=unavailable RemoteSurvivorsCount=0 [] ObjectListForLuaCount=41 [local=nl-host | username=Bob x=8280.48 y=11722.75 z=-1 | username=Bob x=8280.20 y=11721.86 z=-1 | username=Amara Okonkwo [Neighborhood Life] x=8282.45 y=11721.27 z=0 | username=Marisol Vega [Neighborhood Life] x=8282.45 y=11721.27 z=0 | username=Bob x=8294.57 y=11723.57 z=0 | username=Kenji Arakawa [Neighborhood Life] x=8282.45 y=11721.27 z=0] productionNpcReplicas=3 OnlinePlayersCount=1 [local=nl-host] productionRemoteMarkers=0 productionPresenceMarkers=1.
[13-09-26 21:46:43.552] LOG  : Lua          f:960 st:202,319,604> NLQA MP PRESENCE: revision=1789350403537 players=2 names=nl-host@8283.50,11721.50,0,nl-guest@8469.50,11558.50,0.
[13-09-26 21:46:43.552] LOG  : Lua          f:960 st:202,319,605> NLQA MP NPC PRESENCE: revision=1789350403537 count=3 entries=marisol@8282.45,11721.27,0/w1,kenji@8282.45,11721.27,0/w2,amara@8282.45,11721.27,0/w2.
[13-09-26 21:46:44.419] LOG  : Lua          f:1012 st:202,320,471> NLQA MP NPC PRESENCE: revision=1789350404400 count=3 entries=marisol@8282.45,11721.27,0/w1,kenji@8282.45,11721.27,0/w2,amara@8282.45,11721.27,0/w2.
[13-09-26 21:46:48.285] LOG  : Lua          f:1244 st:202,324,338> NLQA MP PRESENCE: revision=1789350408272 players=2 names=nl-host@8283.50,11721.50,0,nl-guest@8469.50,11558.50,0.
[13-09-26 21:46:48.285] LOG  : Lua          f:1244 st:202,324,338> NLQA MP NPC PRESENCE: revision=1789350408272 count=3 entries=marisol@8282.41,11721.11,0/w1,kenji@8282.41,11721.11,0/w2,amara@8282.41,11721.11,0/w2.
[13-09-26 21:46:48.524] LOG  : Lua          f:1259 st:202,324,576> NLQA MP REMOTE SCAN: IsoPlayerCount=4 [local=nl-host] GameClient=unavailable RemoteSurvivorsCount=0 [] ObjectListForLuaCount=41 [local=nl-host | username=Bob x=8282.78 y=11722.57 z=-1 | username=Bob x=8280.22 y=11721.49 z=-1 | username=Amara Okonkwo [Neighborhood Life] x=8282.41 y=11721.11 z=0 | username=Marisol Vega [Neighborhood Life] x=8282.41 y=11721.11 z=0 | username=Bob x=8279.91 y=11717.51 z=0 | username=Kenji Arakawa [Neighborhood Life] x=8282.41 y=11721.11 z=0] productionNpcReplicas=3 OnlinePlayersCount=1 [local=nl-host] productionRemoteMarkers=0 productionPresenceMarkers=1.
[13-09-26 21:46:48.552] LOG  : Lua          f:1260 st:202,324,604> NLQA MP PRESENCE: revision=1789350408540 players=2 names=nl-host@8283.50,11721.50,0,nl-guest@8469.50,11558.50,0.
[13-09-26 21:46:48.552] LOG  : Lua          f:1260 st:202,324,605> NLQA MP NPC PRESENCE: revision=1789350408540 count=3 entries=marisol@8282.41,11721.11,0/w1,kenji@8282.41,11721.11,0/w2,amara@8282.41,11721.11,0/w2.
[13-09-26 21:46:53.285] LOG  : Lua          f:1544 st:202,329,338> NLQA MP PRESENCE: revision=1789350413273 players=2 names=nl-host@8283.50,11721.50,0,nl-guest@8469.50,11558.50,0.
[13-09-26 21:46:53.286] LOG  : Lua          f:1544 st:202,329,338> NLQA MP NPC PRESENCE: revision=1789350413273 count=3 entries=marisol@8282.39,11721.03,0/w1,kenji@8282.39,11721.03,0/w2,amara@8282.39,11721.03,0/w2.
[13-09-26 21:46:53.524] LOG  : Lua          f:1559 st:202,329,576> NLQA MP REMOTE SCAN: IsoPlayerCount=4 [local=nl-host] GameClient=unavailable RemoteSurvivorsCount=0 [] ObjectListForLuaCount=41 [local=nl-host | username=Bob x=8282.80 y=11723.26 z=-1 | username=Bob x=8280.22 y=11721.49 z=-1 | username=Amara Okonkwo [Neighborhood Life] x=8282.39 y=11721.03 z=0 | username=Marisol Vega [Neighborhood Life] x=8282.39 y=11721.03 z=0 | username=Bob x=8270.50 y=11706.95 z=0 | username=Kenji Arakawa [Neighborhood Life] x=8282.39 y=11721.03 z=0] productionNpcReplicas=3 OnlinePlayersCount=1 [local=nl-host] productionRemoteMarkers=0 productionPresenceMarkers=1.
[13-09-26 21:46:53.552] LOG  : Lua          f:1560 st:202,329,604> NLQA MP PRESENCE: revision=1789350413533 players=2 names=nl-host@8283.50,11721.50,0,nl-guest@8469.50,11558.50,0.
[13-09-26 21:46:53.552] LOG  : Lua          f:1560 st:202,329,605> NLQA MP NPC PRESENCE: revision=1789350413533 count=3 entries=marisol@8282.39,11721.03,0/w1,kenji@8282.39,11721.03,0/w2,amara@8282.39,11721.03,0/w2.
[13-09-26 21:46:56.419] LOG  : Lua          f:1732 st:202,332,471> NLQA MP NPC PRESENCE: revision=1789350416396 count=3 entries=marisol@8282.38,11720.95,0/w1,kenji@8282.38,11720.95,0/w2,amara@8282.38,11720.95,0/w2.
[13-09-26 21:46:58.286] LOG  : Lua          f:1844 st:202,334,338> NLQA MP PRESENCE: revision=1789350418275 players=2 names=nl-host@8283.50,11721.50,0,nl-guest@8469.50,11558.50,0.
[13-09-26 21:46:58.286] LOG  : Lua          f:1844 st:202,334,338> NLQA MP NPC PRESENCE: revision=1789350418275 count=3 entries=marisol@8282.36,11720.88,0/w1,kenji@8282.36,11720.88,0/w2,amara@8282.36,11720.88,0/w2.
[13-09-26 21:46:58.525] LOG  : Lua          f:1859 st:202,334,577> NLQA MP REMOTE SCAN: IsoPlayerCount=4 [local=nl-host] GameClient=unavailable RemoteSurvivorsCount=0 [] ObjectListForLuaCount=41 [local=nl-host | username=Bob x=8282.67 y=11723.58 z=-1 | username=Bob x=8280.22 y=11721.49 z=-1 | username=Amara Okonkwo [Neighborhood Life] x=8282.36 y=11720.88 z=0 | username=Marisol Vega [Neighborhood Life] x=8282.36 y=11720.88 z=0 | username=Bob x=8269.50 y=11691.90 z=0 | username=Kenji Arakawa [Neighborhood Life] x=8282.36 y=11720.88 z=0] productionNpcReplicas=3 OnlinePlayersCount=1 [local=nl-host] productionRemoteMarkers=0 productionPresenceMarkers=1.
[13-09-26 21:46:58.552] LOG  : Lua          f:1860 st:202,334,604> NLQA MP PRESENCE: revision=1789350418538 players=2 names=nl-host@8283.50,11721.50,0,nl-guest@8469.50,11558.50,0.
[13-09-26 21:46:58.552] LOG  : Lua          f:1860 st:202,334,605> NLQA MP NPC PRESENCE: revision=1789350418538 count=3 entries=marisol@8282.36,11720.88,0/w1,kenji@8282.36,11720.88,0/w2,amara@8282.36,11720.88,0/w2.
[13-09-26 21:47:03.286] LOG  : Lua          f:2144 st:202,339,338> NLQA MP PRESENCE: revision=1789350423271 players=2 names=nl-host@8283.50,11721.50,0,nl-guest@8469.50,11558.50,0.
[13-09-26 21:47:03.286] LOG  : Lua          f:2144 st:202,339,338> NLQA MP NPC PRESENCE: revision=1789350423271 count=3 entries=marisol@8282.34,11720.80,0/w1,kenji@8282.34,11720.80,0/w2,amara@8282.34,11720.80,0/w2.
[13-09-26 21:47:03.524] LOG  : Lua          f:2159 st:202,339,576> NLQA MP REMOTE SCAN: IsoPlayerCount=4 [local=nl-host] GameClient=unavailable RemoteSurvivorsCount=0 [] ObjectListForLuaCount=41 [local=nl-host | username=Bob x=8282.67 y=11723.58 z=-1 | username=Bob x=8280.22 y=11721.49 z=-1 | username=Amara Okonkwo [Neighborhood Life] x=8282.34 y=11720.80 z=0 | username=Marisol Vega [Neighborhood Life] x=8282.34 y=11720.80 z=0 | username=Bob x=8278.53 y=11684.20 z=0 | username=Kenji Arakawa [Neighborhood Life] x=8282.34 y=11720.80 z=0] productionNpcReplicas=3 OnlinePlayersCount=1 [local=nl-host] productionRemoteMarkers=0 productionPresenceMarkers=1.
[13-09-26 21:47:03.552] LOG  : Lua          f:2160 st:202,339,604> NLQA MP PRESENCE: revision=1789350423539 players=2 names=nl-host@8283.50,11721.50,0,nl-guest@8469.50,11558.50,0.
[13-09-26 21:47:03.552] LOG  : Lua          f:2160 st:202,339,605> NLQA MP NPC PRESENCE: revision=1789350423539 count=3 entries=marisol@8282.32,11720.72,0/w1,kenji@8282.32,11720.72,0/w2,amara@8282.32,11720.72,0/w2.
[13-09-26 21:47:08.285] LOG  : Lua          f:2444 st:202,344,338> NLQA MP PRESENCE: revision=1789350428262 players=2 names=nl-host@8283.50,11721.50,0,nl-guest@8469.50,11558.50,0.
[13-09-26 21:47:08.285] LOG  : Lua          f:2444 st:202,344,338> NLQA MP NPC PRESENCE: revision=1789350428262 count=3 entries=marisol@8282.31,11720.64,0/w1,kenji@8282.31,11720.64,0/w2,amara@8282.31,11720.64,0/w2.
[13-09-26 21:47:08.418] LOG  : Lua          f:2452 st:202,344,471> NLQA MP NPC PRESENCE: revision=1789350428399 count=3 entries=marisol@8282.31,11720.64,0/w1,kenji@8282.31,11720.64,0/w2,amara@8282.31,11720.64,0/w2.
[13-09-26 21:47:08.552] LOG  : Lua          f:2460 st:202,344,604> NLQA MP PRESENCE: revision=1789350428535 players=2 names=nl-host@8283.50,11721.50,0,nl-guest@8469.50,11558.50,0.
[13-09-26 21:47:08.552] LOG  : Lua          f:2460 st:202,344,605> NLQA MP NPC PRESENCE: revision=1789350428535 count=3 entries=marisol@8282.31,11720.64,0/w1,kenji@8282.31,11720.64,0/w2,amara@8282.31,11720.64,0/w2.
[13-09-26 21:47:13.285] LOG  : Lua          f:2744 st:202,349,338> NLQA MP PRESENCE: revision=1789350433273 players=2 names=nl-host@8283.50,11721.50,0,nl-guest@8469.50,11558.50,0.
[13-09-26 21:47:13.286] LOG  : Lua          f:2744 st:202,349,338> NLQA MP NPC PRESENCE: revision=1789350433273 count=3 entries=marisol@8282.27,11720.48,0/w1,kenji@8282.27,11720.48,0/w2,amara@8282.27,11720.48,0/w2.
[13-09-26 21:47:13.552] LOG  : Lua          f:2760 st:202,349,604> NLQA MP PRESENCE: revision=1789350433530 players=2 names=nl-host@8283.50,11721.50,0,nl-guest@8469.50,11558.50,0.
[13-09-26 21:47:13.552] LOG  : Lua          f:2760 st:202,349,605> NLQA MP NPC PRESENCE: revision=1789350433530 count=3 entries=marisol@8282.27,11720.48,0/w1,kenji@8282.27,11720.48,0/w2,amara@8282.27,11720.48,0/w2.
[13-09-26 21:47:18.285] LOG  : Lua          f:3044 st:202,354,338> NLQA MP PRESENCE: revision=1789350438272 players=2 names=nl-host@8283.50,11721.50,0,nl-guest@8469.50,11558.50,0.
[13-09-26 21:47:18.285] LOG  : Lua          f:3044 st:202,354,338> NLQA MP NPC PRESENCE: revision=1789350438272 count=3 entries=marisol@8282.25,11720.41,0/w1,kenji@8282.25,11720.41,0/w2,amara@8282.25,11720.41,0/w2.
[13-09-26 21:47:18.552] LOG  : Lua          f:3060 st:202,354,604> NLQA MP PRESENCE: revision=1789350438533 players=2 names=nl-host@8283.50,11721.50,0,nl-guest@8469.50,11558.50,0.
[13-09-26 21:47:18.552] LOG  : Lua          f:3060 st:202,354,605> NLQA MP NPC PRESENCE: revision=1789350438533 count=3 entries=marisol@8282.25,11720.41,0/w1,kenji@8282.25,11720.41,0/w2,amara@8282.25,11720.41,0/w2.
