LOG  : General      f:0> 14-09-2026 01:35:25
LOG  : General      f:0> SLF4J(I): Attempting to load provider "zombie.core.logger.Slf4jBridge" specified via "slf4j.provider" system property
LOG  : General      f:0> ===== System specs =====
LOG  : General      f:0> CPU: AMD Ryzen 7 7800X3D 8-Core Processor           , vendor: AuthenticAMD, cores: 8, threads: 16
LOG  : General      f:0> RAM: 31905 Mb
LOG  : General      f:0> Base board: MAG B650 TOMAHAWK WIFI (MS-7D75), vendor: Micro-Star International Co., Ltd.
LOG  : General      f:0> GPU: AMD Radeon(TM) Graphics, vendor: Advanced Micro Devices, Inc., video memory: 512 Mb, driver: 31.0.24002.92
LOG  : General      f:0> GPU: NVIDIA GeForce RTX 4070, vendor: NVIDIA, video memory: 12282 Mb, driver: 32.0.15.9186
LOG  : General      f:0> Disk info: 1863.00 Gb, free space: 239.40 Gb, usable space: 239.40 Gb
LOG  : General      f:0> OS: Windows 11, version: 10.0, arch: amd64, build: 26200
LOG  : General      f:0> JVM (free: 471 Mb, max: 2048 Mb, total available: 502 Mb)
LOG  : General      f:0> ========================
LOG  : General      f:0> java.specification.version=25
LOG  : General      f:0> sun.cpu.isalist=amd64
LOG  : General      f:0> sun.jnu.encoding=Cp1252
LOG  : General      f:0> java.vm.vendor=Azul Systems, Inc.
LOG  : General      f:0> sun.arch.data.model=64
LOG  : General      f:0> java.vendor.url=http://www.azul.com/
LOG  : General      f:0> zomboid.steam=0
LOG  : General      f:0> java.vm.specification.version=25
LOG  : General      f:0> os.name=Windows 11
LOG  : General      f:0> sun.java.launcher=SUN_STANDARD
LOG  : General      f:0> sun.java.command=zombie.gameStates.MainScreenState -ca...
LOG  : General      f:0> slf4j.provider=zombie.core.logger.Slf4jBridge
LOG  : General      f:0> jdk.debug=release
LOG  : General      f:0> sun.cpu.endian=little
LOG  : General      f:0> java.specification.vendor=Oracle Corporation
LOG  : General      f:0> java.version.date=2025-10-21
LOG  : General      f:0> java.home=E:\SteamLibrary\steamapps\common\Proj...
LOG  : General      f:0> file.separator=\
LOG  : General      f:0> java.vm.compressedOopsMode=32-bit
LOG  : General      f:0> line.separator=

LOG  : General      f:0> java.vm.specification.vendor=Oracle Corporation
LOG  : General      f:0> java.specification.name=Java Platform API Specification
LOG  : General      f:0> java.awt.headless=true
LOG  : General      f:0> sun.management.compiler=HotSpot 64-Bit Tiered Compilers
LOG  : General      f:0> java.runtime.version=25.0.1+8-LTS
LOG  : General      f:0> stdout.encoding=Cp1252
LOG  : General      f:0> os.version=10.0
LOG  : General      f:0> jna.nosys=false
LOG  : General      f:0> java.runtime.name=OpenJDK Runtime Environment
LOG  : General      f:0> file.encoding=UTF-8
LOG  : General      f:0> java.vm.name=OpenJDK 64-Bit Server VM
LOG  : General      f:0> java.vendor.version=Zulu25.30+17-CA
LOG  : General      f:0> jna.loaded=true
LOG  : General      f:0> java.vendor.url.bug=http://www.azul.com/support/
LOG  : General      f:0> java.version=25.0.1
LOG  : General      f:0> os.arch=amd64
LOG  : General      f:0> java.vm.specification.name=Java Virtual Machine Specification
LOG  : General      f:0> sun.os.patch.level=
LOG  : General      f:0> native.encoding=Cp1252
LOG  : General      f:0> java.vm.info=mixed mode, sharing
LOG  : General      f:0> stderr.encoding=Cp1252
LOG  : General      f:0> java.vendor=Azul Systems, Inc.
LOG  : General      f:0> java.vm.version=25.0.1+8-LTS
LOG  : General      f:0> stdin.encoding=Cp1252
LOG  : General      f:0> sun.io.unicode.encoding=UnicodeLittle
LOG  : General      f:0> java.class.version=69.0
LOG  : General      f:0> -----
LOG  : General      f:0> version=42.20.4 b0bbce05d5 demo=false
LOG  : General      f:0> revision=b0bbce05d5 pzbullet=1.0.0.28
LOG  : General      f:0> Logs configuration:
LOG  : General      f:0>      General: General
LOG  : General      f:0>      Network: General
LOG  : General      f:0>          Lua: General
LOG  : General      f:0>          Mod: General
LOG  : General      f:0>  Multiplayer: General
LOG  : General      f:0>      Default: Off
LOG  : General      f:0> LightingFPS set to 15
LOG  : General      f:0> Display mode changed to 1280x720 freq=0 fullScreen=false
LOG  : General      f:0> GraphicsCard: NVIDIA Corporation NVIDIA GeForce RTX 4070/PCIe/SSE2
LOG  : General      f:0> OpenGL version: 4.6.0 NVIDIA 591.86
LOG  : General      f:0> Desktop resolution 2560x1440
LOG  : General      f:0> Initial resolution 1280x720 fullScreen=false
LOG  : General      f:0> OpenGL 1.5 buffer objects supported
LOG  : General      f:0> VSync: OFF
LOG  : General      f:0> Loading networking libraries...
LOG  : General      f:0> Loading RakNet64...
LOG  : General      f:0> Loading ZNetNoSteam64...
LOG  : General      f:0> SteamUtils started without Steam
LOG  : General      f:0> Loading Mods
LOG  : Mod          f:0> loading NeighborhoodLifeHUD
LOG  : Mod          f:0> loading NeighborhoodQA
LOG  : General      f:0> Loading Translations
LOG  : General      f:0> texturepack: loading UI
LOG  : General      f:0> Loading UI texture pack
LOG  : General      f:0> texturepack: loading UI2
LOG  : General      f:0> Loading UI2 texture pack
LOG  : General      f:0> texturepack: loading IconsMoveables
LOG  : General      f:0> Loading IconsMoveables texture pack
LOG  : General      f:0> texturepack: loading RadioIcons
LOG  : General      f:0> Loading RadioIcons texture pack
LOG  : General      f:0> texturepack: loading ApComUI
LOG  : General      f:0> Loading ApComUI texture pack
LOG  : General      f:0> texturepack: loading Mechanics
LOG  : General      f:0> Loading Mechanics texture pack
LOG  : General      f:0> texturepack: loading WeatherFx
LOG  : General      f:0> Loading WeatherFx texture pack
LOG  : General      f:0> Loading Scripts
ERROR: General      f:0 at FluidContainerScript.load           > Sanitizing container name 'Large Bucket', name may not contain whitespaces.
ERROR: General      f:0 at FluidContainerScript.load           > Sanitizing container name 'Fuel Pump', name may not contain whitespaces.
WARN : General      f:0 at XuiSkin$EntityUiStyle.Load          > Could not find icon: Build_AnvilStone, script = Stone Anvil
WARN : General      f:0 at XuiSkin$EntityUiStyle.LoadComponentInfo> Could not find icon: Build_AnvilStone
WARN : General      f:0 at XuiSkin$EntityUiStyle.Load          > Could not find icon: Build_AnvilStone, script = Stone Anvil
WARN : General      f:0 at XuiSkin$EntityUiStyle.LoadComponentInfo> Could not find icon: Build_AnvilStone
WARN : General      f:0 at XuiSkin$EntityUiStyle.Load          > Could not find icon: Build_AnvilStone, script = Stone Anvil
WARN : General      f:0 at XuiSkin$EntityUiStyle.LoadComponentInfo> Could not find icon: Build_AnvilStone
WARN : General      f:0 at XuiSkin$EntityUiStyle.Load          > Could not find icon: Build_AnvilStone, script = Stone Anvil
WARN : General      f:0 at XuiSkin$EntityUiStyle.LoadComponentInfo> Could not find icon: Build_AnvilStone
WARN : General      f:0 at TaggedObjectManager.createTagBits   > manager-> new tag discovered that was not preprocessed, tag: keyduplicator
WARN : General      f:0 at TaggedObjectManager.createTagBits   > manager-> new tag discovered that was not preprocessed, tag: choppingblock
LOG  : General      f:0> Loading Clothing
LOG  : General      f:0> 
LOG  : General      f:0> Loading Lua
WARN : Lua          f:0 at Lua(Vanilla).corpseStorageCheck     > require("ISUI/ISInventoryPaneContextMenu") failed
WARN : Lua          f:0 at Lua(Vanilla).corpseStorageCheck     > require("ISUI/ISVehicleMenu") failed
WARN : Lua          f:0 at Lua(Vanilla).corpseStorageCheck     > require("ISUI/ISContextMenu") failed
WARN : Lua          f:0 at Lua(Vanilla).ISCampingMenu          > require("Camping/CCampfireSystem") failed
WARN : Lua          f:0 at Lua(Vanilla).ISInventoryTransferUtil> require("TimedActions/ISInventoryTransferAction") failed
WARN : Lua          f:0 at Lua(Vanilla).ISInventoryTransferUtil> require("ISUI/PlayerData/ISPlayerData") failed
WARN : Lua          f:0 at Lua(Vanilla).ISAnimalContextMenu    > require("BuildingObjects/ISAnimalPickMateCursor") failed
WARN : Lua          f:0 at Lua(Vanilla).TakeSameType           > require("ISUI/InventoryWindow/ISLootWindowControlHandler") failed
WARN : Lua          f:0 at Lua(Vanilla).FloorTakeSameType      > require("ISUI/InventoryWindow/ISLootWindowControlHandler") failed
WARN : Lua          f:0 at Lua(Vanilla).testUI                 > require("pzapi/ui/ui") failed
LOG  : Lua          f:0> OnLoadSoundbanks
LOG  : General      f:0> texturepack: loading Tiles2x
LOG  : General      f:0> Loading Tiles2x texture pack
LOG  : General      f:0> texturepack: loading Overlays2x
LOG  : General      f:0> Loading Overlays2x texture pack
LOG  : General      f:0> texturepack: loading JumboTrees2x
LOG  : General      f:0> Loading JumboTrees2x texture pack
LOG  : General      f:0> texturepack: loading JumboTreesBigs2x
LOG  : General      f:0> Loading JumboTreesBigs2x texture pack
LOG  : General      f:0> texturepack: loading Tiles2x.floor
LOG  : General      f:0> Loading Tiles2x.floor texture pack
LOG  : General      f:0> texturepack: loading B42ChunkCaching2x
LOG  : General      f:0> Loading B42ChunkCaching2x texture pack
LOG  : General      f:0> texturepack: loading B42ChunkCaching2x.floor
LOG  : General      f:0> Loading B42ChunkCaching2x.floor texture pack
LOG  : General      f:0> texturepack: loading Clock2x
LOG  : General      f:0> Loading Clock2x texture pack
LOG  : General      f:0> Loading models and animations
LOG  : General      f:0> Game booting
LOG  : General      f:0> STATE: exit zombie.gameStates.TISLogoState
LOG  : General      f:0> STATE: exit zombie.gameStates.TermsOfServiceState
LOG  : General      f:0> binkId: 1
WARN : Lua          f:0 at Lua(Vanilla).namedColorToTable      > env.lua-> namedColorToTable color not found: ProgressYellow
LOG  : Lua          f:0> NLQA MP CONNECT ARMED: args
LOG  : Lua          f:0> NLQA STAT HUNGER 0..1
LOG  : Lua          f:0> NLQA STAT THIRST 0..1
LOG  : Lua          f:0> NLQA STAT FATIGUE 0..1
LOG  : Lua          f:0> NLQA STAT BOREDOM 0..100
LOG  : Lua          f:0> NLQA STAT STRESS 0..1
LOG  : Lua          f:0> NLQA STAT UNHAPPINESS 0..100
LOG  : Lua          f:0> NLQA PASS: actual item/perk/stat APIs and real ISPanel journal construction
LOG  : General      f:0> binkId: 2
LOG  : General      f:0> STATE: exit zombie.gameStates.MainScreenState
LOG  : General      f:0> LOADED UP A TOTAL OF 575 TEXTURES
LOG  : General      f:0> STATE: exit zombie.gameStates.LoadingQueueState
LOG  : Lua          f:0> Initializing Randomized World Tabletop Clutter Tables
WARN : Lua          f:0 at Lua(Vanilla).Features               > recursive require(): E:/SteamLibrary/steamapps/common/ProjectZomboid/media/lua/server/WorldGen/WorldGen.lua
WARN : Lua          f:0 at Lua(Vanilla).Biomes                 > recursive require(): E:/SteamLibrary/steamapps/common/ProjectZomboid/media/lua/server/WorldGen/WorldGen.lua
WARN : Lua          f:0 at Lua(Vanilla).Selection              > recursive require(): E:/SteamLibrary/steamapps/common/ProjectZomboid/media/lua/server/WorldGen/WorldGen.lua
WARN : Lua          f:0 at Lua(Vanilla).Veins                  > recursive require(): E:/SteamLibrary/steamapps/common/ProjectZomboid/media/lua/server/WorldGen/WorldGen.lua
WARN : Lua          f:0 at Lua(Vanilla).Roads                  > recursive require(): E:/SteamLibrary/steamapps/common/ProjectZomboid/media/lua/server/WorldGen/WorldGen.lua
WARN : Lua          f:0 at Lua(Vanilla).WorldGen               > recursive require(): E:/SteamLibrary/steamapps/common/ProjectZomboid/media/lua/server/WorldGen/attachments/Priorities.lua
LOG  : Lua          f:0> NLQA MP SERVER BOOT: authority=true requireOk=true error=nil
LOG  : Lua          f:0> NLQA MP SERVER BRIDGE: getClass=nil
LOG  : Lua          f:0> NLQA MP SERVER BRIDGE: importClass=nil
LOG  : Lua          f:0> NLQA MP SERVER BRIDGE: Java=nil
LOG  : Lua          f:0> NLQA MP SERVER BRIDGE: luautils=table
LOG  : Lua          f:0> NLQA MP SERVER BRIDGE: GameServer=nil
LOG  : Lua          f:0> NLQA MP SERVER BRIDGE: GameClient=nil
LOG  : Lua          f:0> NLQA MP SERVER BRIDGE: luautilsKeys=concatenateArrays,countItemsRecursive,equipItems,exportGlobals,findRootInventory,getConditionRGB,getCorrectSquareForWall,getNextTiles,haveToBeTransfered,haveToBeTransferedWhileTrading,indexOf,isEquipped,isSquareAdjacentToSquare,lerp,okModal,packString,remove,roughlyEqual,round,split,splitJavaStyle,stringEnds,stringStarts,tableContains,trim,unpackString,updatePerksXp,walk,walkAdj,walkAdjAltTest,walkAdjFence,walkAdjObject,walkAdjSquares,walkAdjSquaresExcluded,walkAdjTest,walkAdjWall,walkAdjWindowOrDoor,walkToContainer,walkToObject,weaponLowerCondition
ERROR: General      f:0 at CraftRecipeComponentScript.getIconTexture> CraftRecipeComponentScript: Recipe Piano missing UiConfigScript - falling back to SpriteConfigScript first world object face for recipe icon.
LOG  : General      f:0> SafeMode is off
LOG  : General      f:0> Loading worldgen params
LOG  : General      f:0> IsoMetaGrid.Create: begin scanning directories
LOG  : General      f:0> Looking in these map folders:
LOG  : General      f:0> <End of map-folders list>
LOG  : General      f:0> IsoMetaGrid.Create: X: [ -250 250 ], Y: [ -250 250 ]
LOG  : General      f:0> World seed: vaeZfszPtLptRCtp 1004588780
LOG  : General      f:0> IsoMetaGrid.Create: finished scanning directories in 0.094 seconds
LOG  : General      f:0> IsoMetaGrid.Create: begin loading
LOG  : General      f:0> VehiclesDB2.init() start
LOG  : General      f:0> VehiclesDB2.init() end
LOG  : General      f:0> triggerEvent OnInitWorld
LOG  : General      f:0> SandboxOptions.load() start
LOG  : General      f:0> SandboxOptions.load() end
LOG  : General      f:0> ItemPickerJava.Parse() start
LOG  : General      f:0> ItemPickerJava.Parse() end
LOG  : General      f:0> LoadTileDefinitions start
LOG  : General      f:0> LoadTileDefinitions end
LOG  : General      f:0> triggerEvent OnLoadedTileDefinitions
LOG  : General      f:0> loadAnimalDefinitions start
LOG  : General      f:0> loadAnimalDefinitions end
LOG  : General      f:0> GameTime.init() and load() start
LOG  : General      f:0> GameTime.init() and load() end
LOG  : General      f:0> ZomboidRadio.Init() start
LOG  : Lua          f:0> scriptmanager = zombie.radio.scripting.RadioScriptManager@3e8e7889, isNewGame = false
LOG  : Lua          f:0> name = Automated Emergency Broadcast System, freq = 91800, cat = Emergency, uuid = EMRG-711984
LOG  : General      f:0> Radio Loading channels...
LOG  : General      f:0> ZomboidRadio.Init() end
LOG  : General      f:0> GlobalModData.init() start
LOG  : General      f:0> GlobalModData.init() end
LOG  : General      f:0> InstanceTracker.load() start
LOG  : General      f:0> InstanceTracker.load() end
LOG  : General      f:0> ErosionGlobals.Boot() start
LOG  : General      f:0> ErosionGlobals.Boot() end
LOG  : General      f:0> WorldDictionary.init() start
LOG  : General      f:0> WorldDictionary: Checking dictionary...
LOG  : General      f:0> Loading WorldDictionary:E:\pzmod\test-profile\Saves\Apocalypse\2026-09-12_20-19-59\WorldDictionary.bin
LOG  : General      f:0> WorldDictionary.init() end
LOG  : General      f:0> GameEntityManager.Init() start
LOG  : General      f:0> GameEntityManager.Init() end
LOG  : General      f:0> PersistentOutfits.init() start
LOG  : General      f:0> PersistentOutfits.init() end
LOG  : General      f:0> IsoMetaGrid.Create: finished loading in 2.596 seconds
ERROR: Lua          f:0 at Lua(Vanilla).handleMannequinZone    > ERROR: Mannequin zone missing properties in media/maps/Muldraugh, KY/objects.lua coords: 13583, 1299, 0
WARN : Lua          f:0 at Lua(Vanilla).doMapZones             > can't find map objects file: media/maps/West Point, KY/objects.lua
WARN : Lua          f:0 at Lua(Vanilla).doMapZones             > can't find map objects file: media/maps/Valley Station, KY/objects.lua
WARN : Lua          f:0 at Lua(Vanilla).doMapZones             > can't find map objects file: media/maps/Rosewood, KY/objects.lua
WARN : Lua          f:0 at Lua(Vanilla).doMapZones             > can't find map objects file: media/maps/Riverside, KY/objects.lua
WARN : Lua          f:0 at Lua(Vanilla).doMapZones             > can't find map objects file: media/maps/March Ridge, KY/objects.lua
WARN : Lua          f:0 at Lua(Vanilla).doMapZones             > can't find map objects file: media/maps/Irvington, KY/objects.lua
WARN : Lua          f:0 at Lua(Vanilla).doMapZones             > can't find map objects file: media/maps/Fallas Lake, KY/objects.lua
WARN : Lua          f:0 at Lua(Vanilla).doMapZones             > can't find map objects file: media/maps/Ekron, KY/objects.lua
WARN : Lua          f:0 at Lua(Vanilla).doMapZones             > can't find map objects file: media/maps/Echo Creek, KY/objects.lua
WARN : Lua          f:0 at Lua(Vanilla).doMapZones             > can't find map objects file: media/maps/Brandenburg, KY/objects.lua
ERROR: General      f:0 at Basements.mergeRoomsOntoMetaCell    > duplicate RoomDef.metaID for room at 10707,9484,0
ERROR: General      f:0 at IsoMetaGrid.load                    > invalid room metaID #231 in cell 25,33 while reading map_meta.bin
ERROR: General      f:0 at IsoMetaGrid.load                    > invalid room metaID #327914 in cell 25,33 while reading map_meta.bin
ERROR: General      f:0 at IsoMetaGrid.load                    > invalid room metaID #327911 in cell 25,33 while reading map_meta.bin
ERROR: General      f:0 at IsoMetaGrid.load                    > invalid room metaID #655594 in cell 25,33 while reading map_meta.bin
LOG  : General      f:0> loading 8867 zones from map_zone.bin
LOG  : General      f:0> loading 121 zones from map_animals.bin
LOG  : General      f:0> Max #ZONES on one chunk is 27
LOG  : General      f:0> triggerEvent OnLoadedMapZones
LOG  : General      f:0> ItemConfigurator.Preprocess() start
LOG  : General      f:0> ItemConfigurator.Preprocess() end
LOG  : General      f:0> MapCollisionData.init() start
LOG  : General      f:0> MapCollisionData.init() end
LOG  : General      f:0> AnimalPopulationManager.init() start
LOG  : General      f:0> AnimalPopulationManager.init() end
LOG  : General      f:0> ZombiePopulationManager.init() start
LOG  : General      f:0> ZombiePopulationManager.init() end
LOG  : General      f:0> Pathfind init() start
LOG  : General      f:0> Pathfind init() end
LOG  : General      f:0> WorldStreamer.create() start
LOG  : General      f:0> WorldStreamer.create() end
LOG  : General      f:0> CellLoader.LoadCellBinaryChunk start
LOG  : General      f:0> CellLoader.LoadCellBinaryChunk start
LOG  : General      f:0> MapItem.LoadWorldMap() start
LOG  : General      f:0> MapItem.LoadWorldMap() start
LOG  : General      f:0> WorldStreamer.isBusy() loop start
LOG  : General      f:0> WorldStreamer.isBusy() loop end
LOG  : General      f:0> MetaTracker.load() start
LOG  : General      f:0> MetaTracker.load() end
LOG  : General      f:0> triggerEvent OnGameTimeLoaded
LOG  : General      f:0> GlobalObjects.initSystems() start
LOG  : General      f:0> GlobalObjects.initSystems() end
LOG  : General      f:0> bWaitForAssetLoadingToFinish2 start
LOG  : General      f:0> bWaitForAssetLoadingToFinish2 end
LOG  : General      f:0> FBORenderChunkManager.gameLoaded() start
LOG  : General      f:0> FBORenderChunkManager.gameLoaded() end
LOG  : General      f:0> Bullet.initPhysicsMeshes() start
LOG  : General      f:0> Bullet.initPhysicsMeshes() end
LOG  : General      f:0> game loading took 21 seconds
LOG  : General      f:0> STATE: exit zombie.gameStates.GameLoadingState
LOG  : Lua          f:0> 1 players found
LOG  : Lua          f:0> player 0 is mouse
LOG  : General      f:0> Game Mode: Apocalypse
LOG  : General      f:0> Sandbox Options:
LOG  : General      f:0> Zombies 4
LOG  : General      f:0> Distribution 1
LOG  : General      f:0> ZombieVoronoiNoise true
LOG  : General      f:0> ZombieRespawn 4
LOG  : General      f:0> ZombieMigrate true
LOG  : General      f:0> DayLength 4
LOG  : General      f:0> StartYear 1
LOG  : General      f:0> StartMonth 7
LOG  : General      f:0> StartDay 9
LOG  : General      f:0> StartTime 2
LOG  : General      f:0> DayNightCycle 1
LOG  : General      f:0> ClimateCycle 1
LOG  : General      f:0> FogCycle 1
LOG  : General      f:0> WaterShut 2
LOG  : General      f:0> ElecShut 2
LOG  : General      f:0> AlarmDecay 2
LOG  : General      f:0> WaterShutModifier 4
LOG  : General      f:0> ElecShutModifier 21
LOG  : General      f:0> AlarmDecayModifier 14
LOG  : General      f:0> FoodLootNew 0.8
LOG  : General      f:0> LiteratureLootNew 0.6
LOG  : General      f:0> SkillBookLoot 0.6
LOG  : General      f:0> RecipeResourceLoot 0.6
LOG  : General      f:0> MedicalLootNew 0.6
LOG  : General      f:0> SurvivalGearsLootNew 0.6
LOG  : General      f:0> CannedFoodLootNew 0.6
LOG  : General      f:0> WeaponLootNew 0.6
LOG  : General      f:0> RangedWeaponLootNew 1.2
LOG  : General      f:0> AmmoLootNew 0.6
LOG  : General      f:0> MechanicsLootNew 0.6
LOG  : General      f:0> OtherLootNew 0.8
LOG  : General      f:0> ClothingLootNew 0.6
LOG  : General      f:0> ContainerLootNew 0.6
LOG  : General      f:0> KeyLootNew 0.4
LOG  : General      f:0> MediaLootNew 0.6
LOG  : General      f:0> MementoLootNew 0.6
LOG  : General      f:0> CookwareLootNew 0.6
LOG  : General      f:0> MaterialLootNew 0.6
LOG  : General      f:0> FarmingLootNew 0.6
LOG  : General      f:0> ToolLootNew 0.6
LOG  : General      f:0> RollsMultiplier 1.0
LOG  : General      f:0> LootItemRemovalList 
LOG  : General      f:0> RemoveStoryLoot false
LOG  : General      f:0> RemoveZombieLoot false
LOG  : General      f:0> ZombiePopLootEffect 0
LOG  : General      f:0> InsaneLootFactor 0.05
LOG  : General      f:0> ExtremeLootFactor 0.2
LOG  : General      f:0> RareLootFactor 0.6
LOG  : General      f:0> NormalLootFactor 1.0
LOG  : General      f:0> CommonLootFactor 2.0
LOG  : General      f:0> AbundantLootFactor 3.0
LOG  : General      f:0> Temperature 3
LOG  : General      f:0> Rain 3
LOG  : General      f:0> ErosionSpeed 4
LOG  : General      f:0> ErosionDays 0
LOG  : General      f:0> Farming 3
LOG  : General      f:0> CompostTime 2
LOG  : General      f:0> StatsDecrease 3
LOG  : General      f:0> NatureAbundance 3
LOG  : General      f:0> Alarm 4
LOG  : General      f:0> LockedHouses 6
LOG  : General      f:0> StarterKit false
LOG  : General      f:0> Nutrition true
LOG  : General      f:0> FoodRotSpeed 3
LOG  : General      f:0> FridgeFactor 3
LOG  : General      f:0> SeenHoursPreventLootRespawn 0
LOG  : General      f:0> HoursForLootRespawn 0
LOG  : General      f:0> MaxItemsForLootRespawn 5
LOG  : General      f:0> ConstructionPreventsLootRespawn true
LOG  : General      f:0> WorldItemRemovalList Base.Hat, Base.Glasses, Base.Maggots, Base.Slug, Base.Slug2, Base.Snail, Base.Worm, Base.Dung_Mouse, Base.Dung_Rat
LOG  : General      f:0> HoursForWorldItemRemoval 24.0
LOG  : General      f:0> ItemRemovalListBlacklistToggle false
LOG  : General      f:0> TimeSinceApo 1
LOG  : General      f:0> PlantResilience 3
LOG  : General      f:0> PlantAbundance 3
LOG  : General      f:0> EndRegen 3
LOG  : General      f:0> Helicopter 2
LOG  : General      f:0> MetaEvent 2
LOG  : General      f:0> SleepingEvent 1
LOG  : General      f:0> GeneratorFuelConsumption 0.1
LOG  : General      f:0> GeneratorSpawning 4
LOG  : General      f:0> AnnotatedMapChance 4
LOG  : General      f:0> CharacterFreePoints 0
LOG  : General      f:0> ConstructionBonusPoints 3
LOG  : General      f:0> NightDarkness 3
LOG  : General      f:0> NightLength 3
LOG  : General      f:0> BoneFracture true
LOG  : General      f:0> InjurySeverity 2
LOG  : General      f:0> HoursForCorpseRemoval 216.0
LOG  : General      f:0> DecayingCorpseHealthImpact 3
LOG  : General      f:0> ZombieHealthImpact false
LOG  : General      f:0> BloodLevel 3
LOG  : General      f:0> ClothingDegradation 3
LOG  : General      f:0> FireSpread true
LOG  : General      f:0> DaysForRottenFoodRemoval -1
LOG  : General      f:0> AllowExteriorGenerator true
LOG  : General      f:0> MaxFogIntensity 1
LOG  : General      f:0> MaxRainFxIntensity 1
LOG  : General      f:0> EnableSnowOnGround true
LOG  : General      f:0> AttackBlockMovements true
LOG  : General      f:0> SurvivorHouseChance 3
LOG  : General      f:0> VehicleStoryChance 3
LOG  : General      f:0> ZoneStoryChance 3
LOG  : General      f:0> AllClothesUnlocked false
LOG  : General      f:0> EnableTaintedWaterText true
LOG  : General      f:0> EnableVehicles true
LOG  : General      f:0> CarSpawnRate 3
LOG  : General      f:0> ZombieAttractionMultiplier 1.0
LOG  : General      f:0> VehicleEasyUse false
LOG  : General      f:0> InitialGas 2
LOG  : General      f:0> FuelStationGasInfinite false
LOG  : General      f:0> FuelStationGasMin 0.0
LOG  : General      f:0> FuelStationGasMax 0.8
LOG  : General      f:0> FuelStationGasEmptyChance 20
LOG  : General      f:0> LockedCar 4
LOG  : General      f:0> CarGasConsumption 1.0
LOG  : General      f:0> CarGeneralCondition 3
LOG  : General      f:0> CarDamageOnImpact 3
LOG  : General      f:0> DamageToPlayerFromHitByACar 1
LOG  : General      f:0> TrafficJam true
LOG  : General      f:0> CarAlarm 3
LOG  : General      f:0> PlayerDamageFromCrash true
LOG  : General      f:0> SirenShutoffHours 0.0
LOG  : General      f:0> ChanceHasGas 2
LOG  : General      f:0> RecentlySurvivorVehicles 2
LOG  : General      f:0> MultiHitZombies false
LOG  : General      f:0> RearVulnerability 3
LOG  : General      f:0> SirenEffectsZombies true
LOG  : General      f:0> AnimalStatsModifier 4
LOG  : General      f:0> AnimalMetaStatsModifier 4
LOG  : General      f:0> AnimalPregnancyTime 4
LOG  : General      f:0> AnimalAgeModifier 4
LOG  : General      f:0> AnimalMilkIncModifier 4
LOG  : General      f:0> AnimalWoolIncModifier 4
LOG  : General      f:0> AnimalRanchChance 5
LOG  : General      f:0> AnimalGrassRegrowTime 240
LOG  : General      f:0> AnimalMetaPredator false
LOG  : General      f:0> AnimalMatingSeason true
LOG  : General      f:0> AnimalEggHatch 4
LOG  : General      f:0> AnimalSoundAttractZombies true
LOG  : General      f:0> AnimalTrackChance 4
LOG  : General      f:0> AnimalPathChance 4
LOG  : General      f:0> MaximumRatIndex 25
LOG  : General      f:0> DaysUntilMaximumRatIndex 90
LOG  : General      f:0> MetaKnowledge 3
LOG  : General      f:0> SeeNotLearntRecipe true
LOG  : General      f:0> MaximumLootedBuildingRooms 50
LOG  : General      f:0> EnablePoisoning 1
LOG  : General      f:0> MaggotSpawn 1
LOG  : General      f:0> LightBulbLifespan 2.0
LOG  : General      f:0> FishAbundance 2
LOG  : General      f:0> LevelForMediaXPCutoff 3
LOG  : General      f:0> LevelForDismantleXPCutoff 0
LOG  : General      f:0> BloodSplatLifespanDays 0
LOG  : General      f:0> LiteratureCooldown 45
LOG  : General      f:0> NegativeTraitsPenalty 1
LOG  : General      f:0> MinutesPerPage 2.0
LOG  : General      f:0> KillInsideCrops true
LOG  : General      f:0> PlantGrowingSeasons true
LOG  : General      f:0> PlaceDirtAboveground false
LOG  : General      f:0> FarmingSpeedNew 1.0
LOG  : General      f:0> FarmingAmountNew 1.0
LOG  : General      f:0> MaximumLooted 25
LOG  : General      f:0> DaysUntilMaximumLooted 90
LOG  : General      f:0> RuralLooted 0.5
LOG  : General      f:0> MaximumDiminishedLoot 20
LOG  : General      f:0> DaysUntilMaximumDiminishedLoot 3650
LOG  : General      f:0> MuscleStrainFactor 0.7
LOG  : General      f:0> DiscomfortFactor 0.8
LOG  : General      f:0> WoundInfectionFactor 1.0
LOG  : General      f:0> NoBlackClothes true
LOG  : General      f:0> EasyClimbing false
LOG  : General      f:0> MaximumFireFuelHours 8
LOG  : General      f:0> FirearmUseDamageChance 2
LOG  : General      f:0> FirearmNoiseMultiplier 1.0
LOG  : General      f:0> FirearmJamMultiplier 1.0
LOG  : General      f:0> FirearmMoodleMultiplier 1.0
LOG  : General      f:0> FirearmWeatherMultiplier 1.0
LOG  : General      f:0> FirearmHeadGearEffect true
LOG  : General      f:0> ClayLakeChance 0.05
LOG  : General      f:0> ClayRiverChance 0.05
LOG  : General      f:0> GeneratorTileRange 20
LOG  : General      f:0> GeneratorVerticalPowerRange 3
LOG  : General      f:0> SpawnFrequency 4
LOG  : General      f:0> AllowMiniMap false
LOG  : General      f:0> AllowWorldMap true
LOG  : General      f:0> MapAllKnown false
LOG  : General      f:0> MapNeedsLight true
LOG  : General      f:0> Speed 4
LOG  : General      f:0> SprinterPercentage 0
LOG  : General      f:0> Strength 2
LOG  : General      f:0> Toughness 4
LOG  : General      f:0> Transmission 1
LOG  : General      f:0> Mortality 5
LOG  : General      f:0> Reanimate 3
LOG  : General      f:0> Cognition 3
LOG  : General      f:0> DoorOpeningPercentage 0
LOG  : General      f:0> CrawlUnderVehicle 5
LOG  : General      f:0> Memory 2
LOG  : General      f:0> Sight 5
LOG  : General      f:0> Hearing 5
LOG  : General      f:0> SpottedLogic true
LOG  : General      f:0> ThumpNoChasing false
LOG  : General      f:0> ThumpOnConstruction true
LOG  : General      f:0> ActiveOnly 1
LOG  : General      f:0> TriggerHouseAlarm true
LOG  : General      f:0> ZombiesDragDown true
LOG  : General      f:0> ZombiesCrawlersDragDown false
LOG  : General      f:0> ZombiesFenceLunge true
LOG  : General      f:0> ZombiesArmorFactor 2.0
LOG  : General      f:0> ZombiesMaxDefense 85
LOG  : General      f:0> ChanceOfAttachedWeapon 6
LOG  : General      f:0> ZombiesFallDamage 1.0
LOG  : General      f:0> DisableFakeDead 1
LOG  : General      f:0> PlayerSpawnZombieRemoval 1
LOG  : General      f:0> FenceThumpersRequired 25
LOG  : General      f:0> FenceDamageMultiplier 1.0
LOG  : General      f:0> PopulationMultiplier 0.65
LOG  : General      f:0> PopulationStartMultiplier 1.0
LOG  : General      f:0> PopulationPeakMultiplier 1.5
LOG  : General      f:0> PopulationPeakDay 28
LOG  : General      f:0> RespawnHours 0.0
LOG  : General      f:0> RespawnUnseenHours 0.0
LOG  : General      f:0> RespawnMultiplier 0.0
LOG  : General      f:0> RedistributeHours 12.0
LOG  : General      f:0> FollowSoundDistance 100
LOG  : General      f:0> RallyGroupSize 20
LOG  : General      f:0> RallyGroupSizeVariance 50
LOG  : General      f:0> RallyTravelDistance 20
LOG  : General      f:0> RallyGroupSeparation 15
LOG  : General      f:0> RallyGroupRadius 3
LOG  : General      f:0> ZombiesCountBeforeDelete 300
LOG  : General      f:0> Global 1.0
LOG  : General      f:0> GlobalToggle true
LOG  : General      f:0> Fitness 1.0
LOG  : General      f:0> Strength 1.0
LOG  : General      f:0> Sprinting 1.0
LOG  : General      f:0> Lightfoot 1.0
LOG  : General      f:0> Nimble 1.0
LOG  : General      f:0> Sneak 1.0
LOG  : General      f:0> Axe 1.0
LOG  : General      f:0> Blunt 1.0
LOG  : General      f:0> SmallBlunt 1.0
LOG  : General      f:0> LongBlade 1.0
LOG  : General      f:0> SmallBlade 1.0
LOG  : General      f:0> Spear 1.0
LOG  : General      f:0> Maintenance 1.0
LOG  : General      f:0> Woodwork 1.0
LOG  : General      f:0> Cooking 1.0
LOG  : General      f:0> Farming 1.0
LOG  : General      f:0> Doctor 1.0
LOG  : General      f:0> Electricity 1.0
LOG  : General      f:0> MetalWelding 1.0
LOG  : General      f:0> Mechanics 1.0
LOG  : General      f:0> Tailoring 1.0
LOG  : General      f:0> Aiming 1.0
LOG  : General      f:0> Reloading 1.0
LOG  : General      f:0> Fishing 1.0
LOG  : General      f:0> Trapping 1.0
LOG  : General      f:0> PlantScavenging 1.0
LOG  : General      f:0> FlintKnapping 1.0
LOG  : General      f:0> Masonry 1.0
LOG  : General      f:0> Pottery 1.0
LOG  : General      f:0> Carving 1.0
LOG  : General      f:0> Husbandry 1.0
LOG  : General      f:0> Tracking 1.0
LOG  : General      f:0> Blacksmith 1.0
LOG  : General      f:0> Butchering 1.0
LOG  : General      f:0> Glassmaking 1.0
LOG  : General      f:0> binkId: 3
LOG  : Lua          f:0> NLQA MP CLIENT START: username=BruceGarvin isClient=false isServer=false
LOG  : Lua          f:0> NLQA PASS: real engine plumbob panel registered and anchored at 1272,709 size=8x11
LOG  : Lua          f:0> NLQA PRODUCTION AUTHORITY COMMAND: refresh username=BruceGarvin
LOG  : Lua          f:0> NLQA PRODUCTION AUTHORITY SNAPSHOT: username=BruceGarvin revision=6
LOG  : Lua          f:0> NLQA PASS: real player, authority, persistent world store, snapshot routing and hunger read
LOG  : Lua          f:0> NLQA PASS: career credits survived actual save/reload
LOG  : Lua          f:0> NLQA PASS: IsoSurvivor and SurvivorFactory exposed; replication NOT tested
LOG  : Lua          f:0> NLQA PRODUCTION AUTHORITY COMMAND: refresh username=BruceGarvin
LOG  : Lua          f:0> NLQA NPC PRODUCTION RESTORE id=marisol x=10777.02 y=10256.98 revision=71
LOG  : Lua          f:0> NLQA NPC PRODUCTION SPAWN id=marisol x=10777.02 y=10256.98 z=0
LOG  : Lua          f:0> NLQA NPC PRODUCTION RESTORE id=kenji x=10777.19 y=10256.81 revision=30
LOG  : Lua          f:0> NLQA NPC PRODUCTION RELOCATE id=kenji from=10777,10256,0 to=10776,10256,0
LOG  : Lua          f:0> NLQA NPC PRODUCTION SPAWN id=kenji x=10776.50 y=10256.50 z=0
LOG  : Lua          f:0> NLQA NPC PRODUCTION RESTORE id=amara x=10777.53 y=10256.47 revision=38
LOG  : Lua          f:0> NLQA NPC PRODUCTION RELOCATE id=amara from=10777,10256,0 to=10777,10255,0
LOG  : Lua          f:0> NLQA NPC PRODUCTION SPAWN id=amara x=10777.50 y=10255.50 z=0
LOG  : Lua          f:0> NLQA NPC PRODUCTION BODY: adapter owns Marisol
LOG  : Lua          f:0> NLQA PASS: 3 production NPC bodies, persisted positions and plumbobs verified at marisol=10777.02,10256.98 kenji=10776.50,10256.50 amara=10777.50,10255.50
LOG  : Lua          f:1> NLQA NPC PRODUCTION PATH id=marisol from=10777.02,10256.98 to=10777.00,10256.00 waypoint=1
LOG  : Lua          f:1> NLQA NPC PRODUCTION PATH id=kenji from=10776.50,10256.50 to=10776.00,10258.00 waypoint=2
LOG  : Lua          f:1> NLQA NPC PRODUCTION PATH id=amara from=10777.50,10255.50 to=10777.00,10257.00 waypoint=2
LOG  : Lua          f:32> NLQA NPC PRODUCTION MOVE id=kenji x=10776.50 y=10258.50 waypoint=1
LOG  : Lua          f:32> NLQA NPC PRODUCTION PATH id=kenji from=10776.50,10258.50 to=10778.00,10256.00 waypoint=1
LOG  : Lua          f:37> NLQA NPC PRODUCTION MOVE id=marisol x=10777.50 y=10256.50 waypoint=2
LOG  : Lua          f:37> NLQA NPC PRODUCTION PATH id=marisol from=10777.50,10256.50 to=10775.00,10258.00 waypoint=2
LOG  : Lua          f:46> NLQA NPC PRODUCTION MOVE id=amara x=10777.50 y=10257.50 waypoint=1
LOG  : Lua          f:46> NLQA NPC PRODUCTION PATH id=amara from=10777.50,10257.50 to=10779.00,10255.00 waypoint=1
LOG  : Lua          f:86> NLQA NPC PRODUCTION MOVE id=kenji x=10778.50 y=10256.50 waypoint=2
LOG  : Lua          f:87> NLQA NPC PRODUCTION PATH id=kenji from=10778.50,10256.50 to=10776.00,10258.00 waypoint=2
LOG  : Lua          f:89> NLQA NPC PRODUCTION MOVE id=marisol x=10775.50 y=10258.50 waypoint=1
LOG  : Lua          f:89> NLQA NPC PRODUCTION PATH id=marisol from=10775.50,10258.50 to=10777.00,10256.00 waypoint=1
LOG  : Lua          f:100> NLQA NPC PRODUCTION MOVE id=amara x=10779.50 y=10255.50 waypoint=2
LOG  : Lua          f:100> NLQA NPC PRODUCTION PATH id=amara from=10779.50,10255.50 to=10777.00,10257.00 waypoint=2
LOG  : Lua          f:142> NLQA NPC PRODUCTION MOVE id=kenji x=10776.50 y=10258.50 waypoint=1
LOG  : Lua          f:143> NLQA NPC PRODUCTION PATH id=kenji from=10776.50,10258.50 to=10778.00,10256.00 waypoint=1
LOG  : Lua          f:144> NLQA NPC PRODUCTION MOVE id=marisol x=10777.50 y=10256.50 waypoint=2
LOG  : Lua          f:145> NLQA NPC PRODUCTION PATH id=marisol from=10777.50,10256.50 to=10775.00,10258.00 waypoint=2
LOG  : Lua          f:150> NLQA NPC PRODUCTION TICK id=marisol x=10777.45 y=10256.55
LOG  : Lua          f:150> NLQA NPC PRODUCTION TICK id=kenji x=10776.58 y=10258.42
LOG  : Lua          f:150> NLQA NPC PRODUCTION TICK id=amara x=10777.51 y=10257.49
LOG  : Lua          f:155> NLQA NPC PRODUCTION MOVE id=amara x=10777.50 y=10257.50 waypoint=1
LOG  : Lua          f:156> NLQA NPC PRODUCTION PATH id=amara from=10777.50,10257.50 to=10779.00,10255.00 waypoint=1
LOG  : Lua          f:198> NLQA NPC PRODUCTION MOVE id=kenji x=10778.50 y=10256.50 waypoint=2
LOG  : Lua          f:199> NLQA NPC PRODUCTION PATH id=kenji from=10778.50,10256.50 to=10776.00,10258.00 waypoint=2
LOG  : Lua          f:200> NLQA NPC PRODUCTION MOVE id=marisol x=10775.50 y=10258.50 waypoint=1
LOG  : Lua          f:201> NLQA NPC PRODUCTION PATH id=marisol from=10775.50,10258.50 to=10777.00,10256.00 waypoint=1
LOG  : Lua          f:211> NLQA NPC PRODUCTION MOVE id=amara x=10779.50 y=10255.50 waypoint=2
LOG  : Lua          f:212> NLQA NPC PRODUCTION PATH id=amara from=10779.50,10255.50 to=10777.00,10257.00 waypoint=2
LOG  : Lua          f:254> NLQA NPC PRODUCTION MOVE id=kenji x=10776.50 y=10258.50 waypoint=1
LOG  : Lua          f:255> NLQA NPC PRODUCTION PATH id=kenji from=10776.50,10258.50 to=10778.00,10256.00 waypoint=1
LOG  : Lua          f:256> NLQA NPC PRODUCTION MOVE id=marisol x=10777.50 y=10256.50 waypoint=2
LOG  : Lua          f:257> NLQA NPC PRODUCTION PATH id=marisol from=10777.50,10256.50 to=10775.00,10258.00 waypoint=2
LOG  : Lua          f:267> NLQA NPC PRODUCTION MOVE id=amara x=10777.50 y=10257.50 waypoint=1
LOG  : Lua          f:268> NLQA NPC PRODUCTION PATH id=amara from=10777.50,10257.50 to=10779.00,10255.00 waypoint=1
LOG  : Lua          f:300> NLQA NPC PRODUCTION TICK id=marisol x=10775.79 y=10258.21
LOG  : Lua          f:300> NLQA NPC PRODUCTION TICK id=kenji x=10778.31 y=10256.69
LOG  : Lua          f:300> NLQA NPC PRODUCTION TICK id=amara x=10778.67 y=10256.33
LOG  : Lua          f:310> NLQA NPC PRODUCTION MOVE id=kenji x=10778.50 y=10256.50 waypoint=2
LOG  : Lua          f:311> NLQA NPC PRODUCTION PATH id=kenji from=10778.50,10256.50 to=10776.00,10258.00 waypoint=2
LOG  : Lua          f:312> NLQA NPC PRODUCTION MOVE id=marisol x=10775.50 y=10258.50 waypoint=1
LOG  : Lua          f:313> NLQA NPC PRODUCTION PATH id=marisol from=10775.50,10258.50 to=10777.00,10256.00 waypoint=1
LOG  : Lua          f:323> NLQA NPC PRODUCTION MOVE id=amara x=10779.50 y=10255.50 waypoint=2
LOG  : Lua          f:324> NLQA NPC PRODUCTION PATH id=amara from=10779.50,10255.50 to=10777.00,10257.00 waypoint=2
LOG  : Lua          f:366> NLQA NPC PRODUCTION MOVE id=kenji x=10776.50 y=10258.50 waypoint=1
LOG  : Lua          f:367> NLQA NPC PRODUCTION PATH id=kenji from=10776.50,10258.50 to=10778.00,10256.00 waypoint=1
LOG  : Lua          f:368> NLQA NPC PRODUCTION MOVE id=marisol x=10777.50 y=10256.50 waypoint=2
LOG  : Lua          f:369> NLQA NPC PRODUCTION PATH id=marisol from=10777.50,10256.50 to=10775.00,10258.00 waypoint=2
LOG  : Lua          f:379> NLQA NPC PRODUCTION MOVE id=amara x=10777.50 y=10257.50 waypoint=1
LOG  : Lua          f:380> NLQA NPC PRODUCTION PATH id=amara from=10777.50,10257.50 to=10779.00,10255.00 waypoint=1
LOG  : Lua          f:422> NLQA NPC PRODUCTION MOVE id=kenji x=10778.50 y=10256.50 waypoint=2
LOG  : Lua          f:423> NLQA NPC PRODUCTION PATH id=kenji from=10778.50,10256.50 to=10776.00,10258.00 waypoint=2
LOG  : Lua          f:424> NLQA NPC PRODUCTION MOVE id=marisol x=10775.50 y=10258.50 waypoint=1
LOG  : Lua          f:425> NLQA NPC PRODUCTION PATH id=marisol from=10775.50,10258.50 to=10777.00,10256.00 waypoint=1
LOG  : Lua          f:435> NLQA NPC PRODUCTION MOVE id=amara x=10779.50 y=10255.50 waypoint=2
LOG  : Lua          f:436> NLQA NPC PRODUCTION PATH id=amara from=10779.50,10255.50 to=10777.00,10257.00 waypoint=2
LOG  : Lua          f:450> NLQA NPC PRODUCTION TICK id=marisol x=10776.33 y=10257.67
LOG  : Lua          f:450> NLQA NPC PRODUCTION TICK id=kenji x=10777.57 y=10257.43
LOG  : Lua          f:450> NLQA NPC PRODUCTION TICK id=amara x=10779.20 y=10255.80
LOG  : Lua          f:478> NLQA NPC PRODUCTION MOVE id=kenji x=10776.50 y=10258.50 waypoint=1
LOG  : Lua          f:479> NLQA NPC PRODUCTION PATH id=kenji from=10776.50,10258.50 to=10778.00,10256.00 waypoint=1
LOG  : Lua          f:480> NLQA NPC PRODUCTION MOVE id=marisol x=10777.50 y=10256.50 waypoint=2
LOG  : Lua          f:481> NLQA NPC PRODUCTION PATH id=marisol from=10777.50,10256.50 to=10775.00,10258.00 waypoint=2
LOG  : Lua          f:491> NLQA NPC PRODUCTION MOVE id=amara x=10777.50 y=10257.50 waypoint=1
LOG  : Lua          f:492> NLQA NPC PRODUCTION PATH id=amara from=10777.50,10257.50 to=10779.00,10255.00 waypoint=1
LOG  : Lua          f:534> NLQA NPC PRODUCTION MOVE id=kenji x=10778.50 y=10256.50 waypoint=2
LOG  : Lua          f:535> NLQA NPC PRODUCTION PATH id=kenji from=10778.50,10256.50 to=10776.00,10258.00 waypoint=2
LOG  : Lua          f:536> NLQA NPC PRODUCTION MOVE id=marisol x=10775.50 y=10258.50 waypoint=1
LOG  : Lua          f:537> NLQA NPC PRODUCTION PATH id=marisol from=10775.50,10258.50 to=10777.00,10256.00 waypoint=1
LOG  : Lua          f:547> NLQA NPC PRODUCTION MOVE id=amara x=10779.50 y=10255.50 waypoint=2
LOG  : Lua          f:548> NLQA NPC PRODUCTION PATH id=amara from=10779.50,10255.50 to=10777.00,10257.00 waypoint=2
LOG  : Lua          f:590> NLQA NPC PRODUCTION MOVE id=kenji x=10776.50 y=10258.50 waypoint=1
LOG  : Lua          f:591> NLQA NPC PRODUCTION PATH id=kenji from=10776.50,10258.50 to=10778.00,10256.00 waypoint=1
LOG  : Lua          f:592> NLQA NPC PRODUCTION MOVE id=marisol x=10777.50 y=10256.50 waypoint=2
LOG  : Lua          f:593> NLQA NPC PRODUCTION PATH id=marisol from=10777.50,10256.50 to=10775.00,10258.00 waypoint=2
LOG  : General      f:599> Saving worldgen params
LOG  : General      f:599> Saving GlobalModData
LOG  : Lua          f:599> NLQA NPC SAVE OK
LOG  : Lua          f:600> NLQA NPC PRODUCTION TICK id=marisol x=10777.40 y=10256.60
LOG  : Lua          f:600> NLQA NPC PRODUCTION TICK id=kenji x=10776.66 y=10258.34
LOG  : Lua          f:600> NLQA NPC PRODUCTION TICK id=amara x=10777.50 y=10257.50
LOG  : Lua          f:601> NLQA NPC PRODUCTION MOVE id=amara x=10777.50 y=10257.50 waypoint=1
LOG  : Lua          f:601> NLQA NPC PRODUCTION PATH id=amara from=10777.50,10257.50 to=10779.00,10255.00 waypoint=1
LOG  : Lua          f:643> NLQA NPC PRODUCTION MOVE id=kenji x=10778.50 y=10256.50 waypoint=2
LOG  : Lua          f:643> NLQA NPC PRODUCTION PATH id=kenji from=10778.50,10256.50 to=10776.00,10258.00 waypoint=2
LOG  : Lua          f:646> NLQA NPC PRODUCTION MOVE id=marisol x=10775.50 y=10258.50 waypoint=1
LOG  : Lua          f:647> NLQA NPC PRODUCTION PATH id=marisol from=10775.50,10258.50 to=10777.00,10256.00 waypoint=1
LOG  : Lua          f:656> NLQA NPC PRODUCTION MOVE id=amara x=10779.50 y=10255.50 waypoint=2
LOG  : Lua          f:656> NLQA NPC PRODUCTION PATH id=amara from=10779.50,10255.50 to=10777.00,10257.00 waypoint=2
LOG  : Lua          f:698> NLQA NPC PRODUCTION MOVE id=kenji x=10776.50 y=10258.50 waypoint=1
LOG  : Lua          f:699> NLQA NPC PRODUCTION PATH id=kenji from=10776.50,10258.50 to=10778.00,10256.00 waypoint=1
LOG  : Lua          f:699> NLQA NPC PRODUCTION MOVE id=marisol x=10777.50 y=10256.50 waypoint=2
LOG  : Lua          f:700> NLQA NPC PRODUCTION PATH id=marisol from=10777.50,10256.50 to=10775.00,10258.00 waypoint=2
LOG  : Lua          f:711> NLQA NPC PRODUCTION MOVE id=amara x=10777.50 y=10257.50 waypoint=1
LOG  : Lua          f:712> NLQA NPC PRODUCTION PATH id=amara from=10777.50,10257.50 to=10779.00,10255.00 waypoint=1
LOG  : Lua          f:750> NLQA NPC PRODUCTION TICK id=marisol x=10775.51 y=10258.49
LOG  : Lua          f:750> NLQA NPC PRODUCTION TICK id=kenji x=10778.50 y=10256.50
LOG  : Lua          f:750> NLQA NPC PRODUCTION TICK id=amara x=10778.97 y=10256.03
LOG  : Lua          f:754> NLQA NPC PRODUCTION MOVE id=kenji x=10778.50 y=10256.50 waypoint=2
LOG  : Lua          f:755> NLQA NPC PRODUCTION PATH id=kenji from=10778.50,10256.50 to=10776.00,10258.00 waypoint=2
LOG  : Lua          f:755> NLQA NPC PRODUCTION MOVE id=marisol x=10775.50 y=10258.50 waypoint=1
LOG  : Lua          f:756> NLQA NPC PRODUCTION PATH id=marisol from=10775.50,10258.50 to=10777.00,10256.00 waypoint=1
LOG  : Lua          f:767> NLQA NPC PRODUCTION MOVE id=amara x=10779.50 y=10255.50 waypoint=2
LOG  : Lua          f:768> NLQA NPC PRODUCTION PATH id=amara from=10779.50,10255.50 to=10777.00,10257.00 waypoint=2
LOG  : Lua          f:810> NLQA NPC PRODUCTION MOVE id=kenji x=10776.50 y=10258.50 waypoint=1
LOG  : Lua          f:811> NLQA NPC PRODUCTION PATH id=kenji from=10776.50,10258.50 to=10778.00,10256.00 waypoint=1
LOG  : Lua          f:811> NLQA NPC PRODUCTION MOVE id=marisol x=10777.50 y=10256.50 waypoint=2
LOG  : Lua          f:812> NLQA NPC PRODUCTION PATH id=marisol from=10777.50,10256.50 to=10775.00,10258.00 waypoint=2
LOG  : Lua          f:823> NLQA NPC PRODUCTION MOVE id=amara x=10777.50 y=10257.50 waypoint=1
LOG  : Lua          f:824> NLQA NPC PRODUCTION PATH id=amara from=10777.50,10257.50 to=10779.00,10255.00 waypoint=1
LOG  : Lua          f:866> NLQA NPC PRODUCTION MOVE id=kenji x=10778.50 y=10256.50 waypoint=2
LOG  : Lua          f:867> NLQA NPC PRODUCTION PATH id=kenji from=10778.50,10256.50 to=10776.00,10258.00 waypoint=2
LOG  : Lua          f:867> NLQA NPC PRODUCTION MOVE id=marisol x=10775.50 y=10258.50 waypoint=1
LOG  : Lua          f:868> NLQA NPC PRODUCTION PATH id=marisol from=10775.50,10258.50 to=10777.00,10256.00 waypoint=1
LOG  : Lua          f:879> NLQA NPC PRODUCTION MOVE id=amara x=10779.50 y=10255.50 waypoint=2
LOG  : Lua          f:880> NLQA NPC PRODUCTION PATH id=amara from=10779.50,10255.50 to=10777.00,10257.00 waypoint=2
LOG  : Lua          f:900> NLQA NPC PRODUCTION TICK id=marisol x=10776.67 y=10257.33
LOG  : Lua          f:900> NLQA NPC PRODUCTION TICK id=kenji x=10777.28 y=10257.72
LOG  : Lua          f:900> NLQA NPC PRODUCTION TICK id=amara x=10778.91 y=10256.09
LOG  : Lua          f:922> NLQA NPC PRODUCTION MOVE id=kenji x=10776.50 y=10258.50 waypoint=1
LOG  : Lua          f:923> NLQA NPC PRODUCTION PATH id=kenji from=10776.50,10258.50 to=10778.00,10256.00 waypoint=1
LOG  : Lua          f:923> NLQA NPC PRODUCTION MOVE id=marisol x=10777.50 y=10256.50 waypoint=2
LOG  : Lua          f:924> NLQA NPC PRODUCTION PATH id=marisol from=10777.50,10256.50 to=10775.00,10258.00 waypoint=2
LOG  : Lua          f:935> NLQA NPC PRODUCTION MOVE id=amara x=10777.50 y=10257.50 waypoint=1
LOG  : Lua          f:936> NLQA NPC PRODUCTION PATH id=amara from=10777.50,10257.50 to=10779.00,10255.00 waypoint=1
LOG  : Lua          f:978> NLQA NPC PRODUCTION MOVE id=kenji x=10778.50 y=10256.50 waypoint=2
LOG  : Lua          f:979> NLQA NPC PRODUCTION PATH id=kenji from=10778.50,10256.50 to=10776.00,10258.00 waypoint=2
LOG  : Lua          f:979> NLQA NPC PRODUCTION MOVE id=marisol x=10775.50 y=10258.50 waypoint=1
LOG  : Lua          f:980> NLQA NPC PRODUCTION PATH id=marisol from=10775.50,10258.50 to=10777.00,10256.00 waypoint=1
LOG  : Lua          f:991> NLQA NPC PRODUCTION MOVE id=amara x=10779.50 y=10255.50 waypoint=2
LOG  : Lua          f:992> NLQA NPC PRODUCTION PATH id=amara from=10779.50,10255.50 to=10777.00,10257.00 waypoint=2
LOG  : Lua          f:1034> NLQA NPC PRODUCTION MOVE id=kenji x=10776.50 y=10258.50 waypoint=1
LOG  : Lua          f:1035> NLQA NPC PRODUCTION PATH id=kenji from=10776.50,10258.50 to=10778.00,10256.00 waypoint=1
LOG  : Lua          f:1035> NLQA NPC PRODUCTION MOVE id=marisol x=10777.50 y=10256.50 waypoint=2
LOG  : Lua          f:1036> NLQA NPC PRODUCTION PATH id=marisol from=10777.50,10256.50 to=10775.00,10258.00 waypoint=2
LOG  : Lua          f:1047> NLQA NPC PRODUCTION MOVE id=amara x=10777.50 y=10257.50 waypoint=1
LOG  : Lua          f:1048> NLQA NPC PRODUCTION PATH id=amara from=10777.50,10257.50 to=10779.00,10255.00 waypoint=1
LOG  : Lua          f:1050> NLQA NPC PRODUCTION TICK id=marisol x=10777.20 y=10256.80
LOG  : Lua          f:1050> NLQA NPC PRODUCTION TICK id=kenji x=10776.85 y=10258.15
LOG  : Lua          f:1050> NLQA NPC PRODUCTION TICK id=amara x=10777.50 y=10257.50
LOG  : Lua          f:1090> NLQA NPC PRODUCTION MOVE id=kenji x=10778.50 y=10256.50 waypoint=2
LOG  : Lua          f:1091> NLQA NPC PRODUCTION PATH id=kenji from=10778.50,10256.50 to=10776.00,10258.00 waypoint=2
LOG  : Lua          f:1091> NLQA NPC PRODUCTION MOVE id=marisol x=10775.50 y=10258.50 waypoint=1
LOG  : Lua          f:1092> NLQA NPC PRODUCTION PATH id=marisol from=10775.50,10258.50 to=10777.00,10256.00 waypoint=1
LOG  : Lua          f:1103> NLQA NPC PRODUCTION MOVE id=amara x=10779.50 y=10255.50 waypoint=2
LOG  : Lua          f:1104> NLQA NPC PRODUCTION PATH id=amara from=10779.50,10255.50 to=10777.00,10257.00 waypoint=2
LOG  : Lua          f:1146> NLQA NPC PRODUCTION MOVE id=kenji x=10776.50 y=10258.50 waypoint=1
LOG  : Lua          f:1147> NLQA NPC PRODUCTION PATH id=kenji from=10776.50,10258.50 to=10778.00,10256.00 waypoint=1
LOG  : Lua          f:1147> NLQA NPC PRODUCTION MOVE id=marisol x=10777.50 y=10256.50 waypoint=2
LOG  : Lua          f:1148> NLQA NPC PRODUCTION PATH id=marisol from=10777.50,10256.50 to=10775.00,10258.00 waypoint=2
LOG  : Lua          f:1159> NLQA NPC PRODUCTION MOVE id=amara x=10777.50 y=10257.50 waypoint=1
LOG  : Lua          f:1160> NLQA NPC PRODUCTION PATH id=amara from=10777.50,10257.50 to=10779.00,10255.00 waypoint=1
LOG  : Lua          f:1200> NLQA NPC PRODUCTION TICK id=marisol x=10775.50 y=10258.50
LOG  : Lua          f:1200> NLQA NPC PRODUCTION TICK id=kenji x=10778.50 y=10256.50
LOG  : Lua          f:1200> NLQA NPC PRODUCTION TICK id=amara x=10779.06 y=10255.94
LOG  : Lua          f:1202> NLQA NPC PRODUCTION MOVE id=kenji x=10778.50 y=10256.50 waypoint=2
LOG  : Lua          f:1203> NLQA NPC PRODUCTION PATH id=kenji from=10778.50,10256.50 to=10776.00,10258.00 waypoint=2
LOG  : Lua          f:1203> NLQA NPC PRODUCTION MOVE id=marisol x=10775.50 y=10258.50 waypoint=1
LOG  : Lua          f:1204> NLQA NPC PRODUCTION PATH id=marisol from=10775.50,10258.50 to=10777.00,10256.00 waypoint=1
LOG  : Lua          f:1215> NLQA NPC PRODUCTION MOVE id=amara x=10779.50 y=10255.50 waypoint=2
LOG  : Lua          f:1216> NLQA NPC PRODUCTION PATH id=amara from=10779.50,10255.50 to=10777.00,10257.00 waypoint=2
LOG  : Lua          f:1258> NLQA NPC PRODUCTION MOVE id=kenji x=10776.50 y=10258.50 waypoint=1
LOG  : Lua          f:1259> NLQA NPC PRODUCTION PATH id=kenji from=10776.50,10258.50 to=10778.00,10256.00 waypoint=1
LOG  : Lua          f:1259> NLQA NPC PRODUCTION MOVE id=marisol x=10777.50 y=10256.50 waypoint=2
LOG  : Lua          f:1260> NLQA NPC PRODUCTION PATH id=marisol from=10777.50,10256.50 to=10775.00,10258.00 waypoint=2
LOG  : Lua          f:1271> NLQA NPC PRODUCTION MOVE id=amara x=10777.50 y=10257.50 waypoint=1
LOG  : Lua          f:1272> NLQA NPC PRODUCTION PATH id=amara from=10777.50,10257.50 to=10779.00,10255.00 waypoint=1
LOG  : Lua          f:1314> NLQA NPC PRODUCTION MOVE id=kenji x=10778.50 y=10256.50 waypoint=2
LOG  : Lua          f:1315> NLQA NPC PRODUCTION PATH id=kenji from=10778.50,10256.50 to=10776.00,10258.00 waypoint=2
LOG  : Lua          f:1315> NLQA NPC PRODUCTION MOVE id=marisol x=10775.50 y=10258.50 waypoint=1
LOG  : Lua          f:1316> NLQA NPC PRODUCTION PATH id=marisol from=10775.50,10258.50 to=10777.00,10256.00 waypoint=1
LOG  : Lua          f:1327> NLQA NPC PRODUCTION MOVE id=amara x=10779.50 y=10255.50 waypoint=2
LOG  : Lua          f:1328> NLQA NPC PRODUCTION PATH id=amara from=10779.50,10255.50 to=10777.00,10257.00 waypoint=2
LOG  : Lua          f:1350> NLQA NPC PRODUCTION TICK id=marisol x=10776.77 y=10257.23
LOG  : Lua          f:1350> NLQA NPC PRODUCTION TICK id=kenji x=10777.18 y=10257.82
LOG  : Lua          f:1350> NLQA NPC PRODUCTION TICK id=amara x=10778.81 y=10256.19
LOG  : Lua          f:1370> NLQA NPC PRODUCTION MOVE id=kenji x=10776.50 y=10258.50 waypoint=1
LOG  : Lua          f:1371> NLQA NPC PRODUCTION PATH id=kenji from=10776.50,10258.50 to=10778.00,10256.00 waypoint=1
LOG  : Lua          f:1371> NLQA NPC PRODUCTION MOVE id=marisol x=10777.50 y=10256.50 waypoint=2
LOG  : Lua          f:1372> NLQA NPC PRODUCTION PATH id=marisol from=10777.50,10256.50 to=10775.00,10258.00 waypoint=2
LOG  : Lua          f:1383> NLQA NPC PRODUCTION MOVE id=amara x=10777.50 y=10257.50 waypoint=1
LOG  : Lua          f:1384> NLQA NPC PRODUCTION PATH id=amara from=10777.50,10257.50 to=10779.00,10255.00 waypoint=1
LOG  : Lua          f:1426> NLQA NPC PRODUCTION MOVE id=kenji x=10778.50 y=10256.50 waypoint=2
LOG  : Lua          f:1427> NLQA NPC PRODUCTION PATH id=kenji from=10778.50,10256.50 to=10776.00,10258.00 waypoint=2
LOG  : Lua          f:1427> NLQA NPC PRODUCTION MOVE id=marisol x=10775.50 y=10258.50 waypoint=1
LOG  : Lua          f:1428> NLQA NPC PRODUCTION PATH id=marisol from=10775.50,10258.50 to=10777.00,10256.00 waypoint=1
LOG  : Lua          f:1439> NLQA NPC PRODUCTION MOVE id=amara x=10779.50 y=10255.50 waypoint=2
LOG  : Lua          f:1440> NLQA NPC PRODUCTION PATH id=amara from=10779.50,10255.50 to=10777.00,10257.00 waypoint=2
LOG  : Lua          f:1482> NLQA NPC PRODUCTION MOVE id=kenji x=10776.50 y=10258.50 waypoint=1
LOG  : Lua          f:1483> NLQA NPC PRODUCTION PATH id=kenji from=10776.50,10258.50 to=10778.00,10256.00 waypoint=1
LOG  : Lua          f:1483> NLQA NPC PRODUCTION MOVE id=marisol x=10777.50 y=10256.50 waypoint=2
LOG  : Lua          f:1484> NLQA NPC PRODUCTION PATH id=marisol from=10777.50,10256.50 to=10775.00,10258.00 waypoint=2
LOG  : Lua          f:1495> NLQA NPC PRODUCTION MOVE id=amara x=10777.50 y=10257.50 waypoint=1
LOG  : Lua          f:1496> NLQA NPC PRODUCTION PATH id=amara from=10777.50,10257.50 to=10779.00,10255.00 waypoint=1
LOG  : Lua          f:1500> NLQA NPC PRODUCTION TICK id=marisol x=10777.10 y=10256.90
LOG  : Lua          f:1500> NLQA NPC PRODUCTION TICK id=kenji x=10776.94 y=10258.06
LOG  : Lua          f:1500> NLQA NPC PRODUCTION TICK id=amara x=10777.53 y=10257.47
LOG  : Lua          f:1538> NLQA NPC PRODUCTION MOVE id=kenji x=10778.50 y=10256.50 waypoint=2
LOG  : Lua          f:1539> NLQA NPC PRODUCTION PATH id=kenji from=10778.50,10256.50 to=10776.00,10258.00 waypoint=2
LOG  : Lua          f:1539> NLQA NPC PRODUCTION MOVE id=marisol x=10775.50 y=10258.50 waypoint=1
LOG  : Lua          f:1540> NLQA NPC PRODUCTION PATH id=marisol from=10775.50,10258.50 to=10777.00,10256.00 waypoint=1
