LOG  : Lua          f:60 st:199,981,277> NLQA MP NPC PRESENCE: revision=1789348065213 count=0 entries=
LOG  : Lua          f:121 st:199,982,346> NLQA MP NPC PRESENCE: revision=1789348066272 count=0 entries=
LOG  : Lua          f:269 st:199,984,973> NLQA MP NPC PRESENCE: revision=1789348068892 count=3 entries=marisol@6760.50,5372.50,0/w1,kenji@6760.50,5372.50,0/w2,amara@6760.50,5372.50,0/w2
LOG  : Lua          f:360 st:199,986,479> NLQA MP NPC PRESENCE: revision=1789348070412 count=3 entries=marisol@6760.54,5372.43,0/w1,kenji@6760.54,5372.43,0/w2,amara@6760.54,5372.43,0/w2
LOG  : Lua          f:419 st:199,987,455> NLQA MP MOVE QUEUED: from=6762.50,5372.50 to=6761,5372
LOG  : Lua          f:449 st:199,987,964> NLQA MP NPC PRESENCE: revision=1789348071897 count=3 entries=marisol@6760.54,5372.43,0/w1,kenji@6760.54,5372.43,0/w2,amara@6760.54,5372.43,0/w2
LOG  : Lua          f:659 st:199,991,454> NLQA MP SOCIAL REFRESH: nl-host
LOG  : Lua          f:660 st:199,991,480> NLQA MP NPC PRESENCE: revision=1789348075412 count=3 entries=marisol@6760.57,5372.36,0/w1,kenji@6760.57,5372.36,0/w2,amara@6760.57,5372.36,0/w2
LOG  : Lua          f:660 st:199,991,480> NLQA MP SOCIAL SNAPSHOT: message=Updated username=nl-host entries=marisol/canInteract=true/met=false/friendship=0,kenji/canInteract=true/met=false/friendship=0,amara/canInteract=true/met=false/friendship=0
LOG  : Lua          f:661 st:199,991,489> NLQA MP SOCIAL ACTION SCHEDULED: introduce id=marisol
LOG  : Lua          f:691 st:199,991,989> NLQA MP SOCIAL ACTION: introduce id=marisol
LOG  : Lua          f:692 st:199,992,013> NLQA MP SOCIAL SNAPSHOT: message=I'm Marisol Vega. It's good to meet another survivor. username=nl-host entries=marisol/canInteract=true/met=true/friendship=6,kenji/canInteract=true/met=false/friendship=0,amara/canInteract=true/met=false/friendship=0
LOG  : Lua          f:692 st:199,992,013> NLQA MP SOCIAL RESULT: host introduction delivered
LOG  : Lua          f:749 st:199,992,963> NLQA MP NPC PRESENCE: revision=1789348076900 count=3 entries=marisol@6760.61,5372.29,0/w1,kenji@6760.61,5372.29,0/w2,amara@6760.61,5372.29,0/w2
LOG  : Lua          f:884 st:199,995,462> NLQA MP NPC PRESENCE: revision=1789348079391 count=3 entries=marisol@6760.61,5372.29,0/w1,kenji@6760.61,5372.29,0/w2,amara@6760.61,5372.29,0/w2
LOG  : Lua          f:960 st:199,996,729> NLQA MP NPC PRESENCE: revision=1789348080658 count=3 entries=marisol@6760.64,5372.21,0/w1,kenji@6760.65,5372.21,0/w2,amara@6760.65,5372.22,0/w2
LOG  : Lua          f:1048 st:199,998,196> NLQA MP NPC PRESENCE: revision=1789348082127 count=3 entries=marisol@6760.64,5372.21,0/w1,kenji@6760.65,5372.21,0/w2,amara@6760.65,5372.22,0/w2
LOG  : Lua          f:1261 st:200,001,946> NLQA MP NPC PRESENCE: revision=1789348085866 count=3 entries=marisol@6760.68,5372.14,0/w1,kenji@6760.68,5372.14,0/w2,amara@6760.69,5372.15,0/w2
LOG  : Lua          f:1334 st:200,003,813> NLQA MP NPC PRESENCE: revision=1789348087746 count=3 entries=marisol@6760.72,5372.07,0/w1,kenji@6760.72,5372.07,0/w2,amara@6760.72,5372.08,0/w2
LOG  : Lua          f:1545 st:200,007,462> NLQA MP NPC PRESENCE: revision=1789348091388 count=3 entries=marisol@6760.75,5372.00,0/w1,kenji@6760.76,5372.00,0/w2,amara@6760.76,5372.00,0/w2
LOG  : Lua          f:1561 st:200,007,729> NLQA MP NPC PRESENCE: revision=1789348091651 count=3 entries=marisol@6760.75,5372.00,0/w1,kenji@6760.76,5372.00,0/w2,amara@6760.76,5372.00,0/w2
LOG  : Lua          f:1631 st:200,008,946> NLQA MP NPC PRESENCE: revision=1789348092881 count=3 entries=marisol@6760.79,5371.93,0/w1,kenji@6760.79,5371.93,0/w2,amara@6760.80,5371.93,0/w2
LOG  : Lua          f:1860 st:200,012,762> NLQA MP NPC PRESENCE: revision=1789348096687 count=3 entries=marisol@6760.83,5371.86,0/w1,kenji@6760.83,5371.86,0/w2,amara@6760.83,5371.86,0/w2
LOG  : Lua          f:1931 st:200,013,946> NLQA MP NPC PRESENCE: revision=1789348097874 count=3 entries=marisol@6760.83,5371.86,0/w1,kenji@6760.83,5371.86,0/w2,amara@6760.83,5371.86,0/w2
LOG  : Lua          f:2160 st:200,017,763> NLQA MP NPC PRESENCE: revision=1789348101693 count=3 entries=marisol@6760.90,5371.72,0/w1,kenji@6760.90,5371.72,0/w2,amara@6760.91,5371.72,0/w2
LOG  : Lua          f:2231 st:200,018,946> NLQA MP NPC PRESENCE: revision=1789348102879 count=3 entries=marisol@6760.90,5371.72,0/w1,kenji@6760.90,5371.72,0/w2,amara@6760.91,5371.72,0/w2
LOG  : Lua          f:2262 st:200,019,462> NLQA MP NPC PRESENCE: revision=1789348103389 count=3 entries=marisol@6760.90,5371.72,0/w1,kenji@6760.90,5371.72,0/w2,amara@6760.91,5371.72,0/w2
LOG  : Lua          f:2460 st:200,022,763> NLQA MP NPC PRESENCE: revision=1789348106697 count=3 entries=marisol@6760.93,5371.64,0/w1,kenji@6760.94,5371.64,0/w2,amara@6760.95,5371.65,0/w2
LOG  : Lua          f:2531 st:200,023,946> NLQA MP NPC PRESENCE: revision=1789348107880 count=3 entries=marisol@6760.97,5371.57,0/w1,kenji@6760.98,5371.57,0/w2,amara@6760.98,5371.58,0/w2
LOG  : Lua          f:2760 st:200,027,763> NLQA MP NPC PRESENCE: revision=1789348111689 count=3 entries=marisol@6761.01,5371.50,0/w1,kenji@6761.01,5371.50,0/w2,amara@6761.02,5371.51,0/w2
