[13-09-26 19:52:20.666] LOG  : Lua          f:0 st:0> NLQA MP CONNECTED: nl-guest.
[13-09-26 19:52:52.580] LOG  : Lua          f:1 st:0> NLQA MP PRESENCE: revision=1789343572306 players=2 names=nl-host@6819.50,5259.50,0,nl-guest@10754.50,10214.50,0.
[13-09-26 19:52:54.792] LOG  : Lua          f:119 st:195,490,838> NLQA MP REFRESH SENT: attempt=1 player=nl-guest.
[13-09-26 19:52:54.851] LOG  : Lua          f:122 st:195,490,896> NLQA MP SNAPSHOT: username=nl-guest revision=1 snapshotCount=1.
[13-09-26 19:52:54.851] LOG  : Lua          f:122 st:195,490,897> NLQA MP PRESENCE: revision=1789343574825 players=2 names=nl-host@6819.50,5259.50,0,nl-guest@10754.50,10214.50,0.
[13-09-26 19:52:57.284] LOG  : Lua          f:268 st:195,493,330> NLQA MP PRESENCE: revision=1789343577262 players=2 names=nl-host@6819.50,5259.50,0,nl-guest@10754.50,10214.50,0.
[13-09-26 19:52:57.789] LOG  : Lua          f:298 st:195,493,835> NLQA MP NPC PRESENCE: revision=1789343577759 count=1 entries=marisol@6815.74,5259.50,0/w1.
[13-09-26 19:52:57.802] LOG  : Lua          f:299 st:195,493,848> NLQA MP REMOTE SCAN: IsoPlayerCount=4 [local=nl-guest] GameClient=unavailable RemoteSurvivorsCount=0 [] ObjectListForLuaCount=31 [username=Marisol Vega [Neighborhood Life] x=6815.15 y=5259.10 z=0 | local=nl-guest] OnlinePlayersCount=1 [local=nl-guest] productionRemoteMarkers=0.
[13-09-26 19:52:57.850] LOG  : Lua          f:302 st:195,493,896> NLQA MP PRESENCE: revision=1789343577820 players=2 names=nl-host@6819.50,5259.50,0,nl-guest@10754.50,10214.50,0.
[13-09-26 19:53:02.267] LOG  : Lua          f:567 st:195,498,313> NLQA MP PRESENCE: revision=1789343582247 players=2 names=nl-host@6819.50,5259.50,0,nl-guest@10754.50,10214.50,0.
[13-09-26 19:53:02.792] LOG  : Lua          f:599 st:195,498,838> NLQA MP REMOTE SCAN: IsoPlayerCount=4 [local=nl-guest] GameClient=unavailable RemoteSurvivorsCount=0 [] ObjectListForLuaCount=31 [username=Marisol Vega [Neighborhood Life] x=6815.15 y=5259.10 z=0 | local=nl-guest] OnlinePlayersCount=1 [local=nl-guest] productionRemoteMarkers=0.
[13-09-26 19:53:02.851] LOG  : Lua          f:602 st:195,498,897> NLQA MP PRESENCE: revision=1789343582820 players=2 names=nl-host@6819.50,5259.50,0,nl-guest@10754.50,10214.50,0.
[13-09-26 19:53:07.283] LOG  : Lua          f:868 st:195,503,330> NLQA MP PRESENCE: revision=1789343587257 players=2 names=nl-host@6819.50,5259.50,0,nl-guest@10754.50,10214.50,0.
[13-09-26 19:53:07.793] LOG  : Lua          f:899 st:195,503,839> NLQA MP REMOTE SCAN: IsoPlayerCount=4 [local=nl-guest] GameClient=unavailable RemoteSurvivorsCount=0 [] ObjectListForLuaCount=31 [username=Marisol Vega [Neighborhood Life] x=6815.15 y=5259.10 z=0 | local=nl-guest] OnlinePlayersCount=1 [local=nl-guest] productionRemoteMarkers=0.
[13-09-26 19:53:07.850] LOG  : Lua          f:902 st:195,503,896> NLQA MP PRESENCE: revision=1789343587826 players=2 names=nl-host@6819.50,5259.50,0,nl-guest@10754.50,10214.50,0.
[13-09-26 19:53:09.783] LOG  : Lua          f:1018 st:195,505,830> NLQA MP NPC PRESENCE: revision=1789343589749 count=1 entries=marisol@6816.06,5259.50,0/w1.
[13-09-26 19:53:12.284] LOG  : Lua          f:1168 st:195,508,330> NLQA MP PRESENCE: revision=1789343592252 players=2 names=nl-host@6819.50,5259.50,0,nl-guest@10754.50,10214.50,0.
[13-09-26 19:53:12.790] LOG  : Lua          f:1199 st:195,508,837> NLQA MP REMOTE SCAN: IsoPlayerCount=4 [local=nl-guest] GameClient=unavailable RemoteSurvivorsCount=0 [] ObjectListForLuaCount=31 [username=Marisol Vega [Neighborhood Life] x=6815.16 y=5259.08 z=0 | local=nl-guest] OnlinePlayersCount=1 [local=nl-guest] productionRemoteMarkers=0.
[13-09-26 19:53:12.833] LOG  : Lua          f:1201 st:195,508,880> NLQA MP PRESENCE: revision=1789343592806 players=2 names=nl-host@6819.50,5259.50,0,nl-guest@10754.50,10214.50,0.
[13-09-26 19:53:17.267] LOG  : Lua          f:1467 st:195,513,313> NLQA MP PRESENCE: revision=1789343597255 players=2 names=nl-host@6819.50,5259.50,0,nl-guest@10754.50,10214.50,0.
[13-09-26 19:53:17.792] LOG  : Lua          f:1499 st:195,513,839> NLQA MP REMOTE SCAN: IsoPlayerCount=4 [local=nl-guest] GameClient=unavailable RemoteSurvivorsCount=0 [] ObjectListForLuaCount=31 [username=Marisol Vega [Neighborhood Life] x=6815.16 y=5259.08 z=0 | local=nl-guest] OnlinePlayersCount=1 [local=nl-guest] productionRemoteMarkers=0.
[13-09-26 19:53:17.833] LOG  : Lua          f:1501 st:195,513,880> NLQA MP PRESENCE: revision=1789343597810 players=2 names=nl-host@6819.50,5259.50,0,nl-guest@10754.50,10214.50,0.
[13-09-26 19:53:21.784] LOG  : Lua          f:1738 st:195,517,830> NLQA MP NPC PRESENCE: revision=1789343601755 count=1 entries=marisol@6816.38,5259.50,0/w1.
[13-09-26 19:53:22.284] LOG  : Lua          f:1768 st:195,518,330> NLQA MP PRESENCE: revision=1789343602246 players=2 names=nl-host@6819.50,5259.50,0,nl-guest@10754.50,10214.50,0.
[13-09-26 19:53:22.790] LOG  : Lua          f:1799 st:195,518,836> NLQA MP REMOTE SCAN: IsoPlayerCount=4 [local=nl-guest] GameClient=unavailable RemoteSurvivorsCount=0 [] ObjectListForLuaCount=31 [username=Marisol Vega [Neighborhood Life] x=6815.17 y=5259.06 z=0 | local=nl-guest] OnlinePlayersCount=1 [local=nl-guest] productionRemoteMarkers=0.
[13-09-26 19:53:22.850] LOG  : Lua          f:1802 st:195,518,896> NLQA MP PRESENCE: revision=1789343602819 players=2 names=nl-host@6819.50,5259.50,0,nl-guest@10754.50,10214.50,0.
[13-09-26 19:53:27.267] LOG  : Lua          f:2067 st:195,523,313> NLQA MP PRESENCE: revision=1789343607243 players=2 names=nl-host@6819.50,5259.50,0,nl-guest@10754.50,10214.50,0.
[13-09-26 19:53:27.791] LOG  : Lua          f:2099 st:195,523,837> NLQA MP REMOTE SCAN: IsoPlayerCount=4 [local=nl-guest] GameClient=unavailable RemoteSurvivorsCount=0 [] ObjectListForLuaCount=31 [username=Marisol Vega [Neighborhood Life] x=6815.17 y=5259.06 z=0 | local=nl-guest] OnlinePlayersCount=1 [local=nl-guest] productionRemoteMarkers=0.
[13-09-26 19:53:27.850] LOG  : Lua          f:2102 st:195,523,896> NLQA MP PRESENCE: revision=1789343607815 players=2 names=nl-host@6819.50,5259.50,0,nl-guest@10754.50,10214.50,0.
[13-09-26 19:53:32.284] LOG  : Lua          f:2368 st:195,528,330> NLQA MP PRESENCE: revision=1789343612257 players=2 names=nl-host@6819.50,5259.50,0,nl-guest@10754.50,10214.50,0.
[13-09-26 19:53:32.791] LOG  : Lua          f:2399 st:195,528,837> NLQA MP REMOTE SCAN: IsoPlayerCount=4 [local=nl-guest] GameClient=unavailable RemoteSurvivorsCount=0 [] ObjectListForLuaCount=31 [username=Marisol Vega [Neighborhood Life] x=6815.17 y=5259.06 z=0 | local=nl-guest] OnlinePlayersCount=1 [local=nl-guest] productionRemoteMarkers=0.
[13-09-26 19:53:32.834] LOG  : Lua          f:2401 st:195,528,880> NLQA MP PRESENCE: revision=1789343612802 players=2 names=nl-host@6819.50,5259.50,0,nl-guest@10754.50,10214.50,0.
[13-09-26 19:53:33.783] LOG  : Lua          f:2458 st:195,529,830> NLQA MP NPC PRESENCE: revision=1789343613762 count=1 entries=marisol@6816.70,5259.50,0/w1.
[13-09-26 19:53:37.267] LOG  : Lua          f:2667 st:195,533,313> NLQA MP PRESENCE: revision=1789343617244 players=2 names=nl-host@6819.50,5259.50,0,nl-guest@10754.50,10214.50,0.
[13-09-26 19:53:37.850] LOG  : Lua          f:2702 st:195,533,896> NLQA MP PRESENCE: revision=1789343617814 players=2 names=nl-host@6819.50,5259.50,0,nl-guest@10754.50,10214.50,0.
[13-09-26 19:53:42.284] LOG  : Lua          f:2968 st:195,538,330> NLQA MP PRESENCE: revision=1789343622254 players=2 names=nl-host@6819.50,5259.50,0,nl-guest@10754.50,10214.50,0.
[13-09-26 19:53:42.833] LOG  : Lua          f:3001 st:195,538,880> NLQA MP PRESENCE: revision=1789343622809 players=2 names=nl-host@6819.50,5259.50,0,nl-guest@10754.50,10214.50,0.
[13-09-26 19:53:45.783] LOG  : Lua          f:3178 st:195,541,830> NLQA MP NPC PRESENCE: revision=1789343625758 count=1 entries=marisol@6817.02,5259.50,0/w1.
[13-09-26 19:53:47.283] LOG  : Lua          f:3268 st:195,543,330> NLQA MP PRESENCE: revision=1789343627258 players=2 names=nl-host@6819.50,5259.50,0,nl-guest@10754.50,10214.50,0.
[13-09-26 19:53:47.850] LOG  : Lua          f:3302 st:195,543,896> NLQA MP PRESENCE: revision=1789343627828 players=2 names=nl-host@6819.50,5259.50,0,nl-guest@10754.50,10214.50,0.
[13-09-26 19:53:52.284] LOG  : Lua          f:3568 st:195,548,330> NLQA MP PRESENCE: revision=1789343632257 players=2 names=nl-host@6819.50,5259.50,0,nl-guest@10754.50,10214.50,0.
[13-09-26 19:53:52.851] LOG  : Lua          f:3602 st:195,548,896> NLQA MP PRESENCE: revision=1789343632815 players=2 names=nl-host@6819.50,5259.50,0,nl-guest@10754.50,10214.50,0.
