[13-09-26 22:25:30.573] LOG  : Lua          f:0 st:0> NLQA MP CONNECTED: nl-guest.
[13-09-26 22:25:56.061] LOG  : Lua          f:0 st:0> NLQA MP CLIENT START: username=nl-guest isClient=true isServer=false.
[13-09-26 22:25:59.191] LOG  : Lua          f:120 st:204,675,239> NLQA MP PRESENCE: revision=1789352759169 players=2 names=nl-host@8284.50,11721.94,1,nl-guest@8469.50,11558.50,1.
[13-09-26 22:25:59.203] LOG  : Lua          f:120 st:204,675,251> NLQA MP NPC PRESENCE: revision=1789352759169 count=3 entries=marisol@8283.22,11721.25,1/w1,kenji@8283.22,11721.25,1/w2,amara@8283.22,11721.25,1/w2.
[13-09-26 22:26:01.040] LOG  : Lua          f:231 st:204,677,088> NLQA MP PRESENCE: revision=1789352761015 players=2 names=nl-host@8284.50,11721.50,1,nl-guest@8469.50,11558.50,1.
[13-09-26 22:26:01.040] LOG  : Lua          f:231 st:204,677,088> NLQA MP NPC PRESENCE: revision=1789352761015 count=3 entries=marisol@8283.20,11721.17,1/w1,kenji@8283.20,11721.17,1/w2,amara@8283.20,11721.17,1/w2.
[13-09-26 22:26:02.162] LOG  : Lua          f:299 st:204,678,210> NLQA MP REMOTE SCAN: IsoPlayerCount=4 [local=nl-guest] GameClient=unavailable RemoteSurvivorsCount=0 [] ObjectListForLuaCount=38 [username=Kenji Arakawa [Neighborhood Life] x=8283.14 y=11721.12 z=1 | username=Marisol Vega [Neighborhood Life] x=8283.14 y=11721.12 z=1 | username=Amara Okonkwo [Neighborhood Life] x=8283.14 y=11721.12 z=1 | local=nl-guest] productionNpcReplicas=3 OnlinePlayersCount=1 [local=nl-guest] productionRemoteMarkers=0 productionPresenceMarkers=1.
[13-09-26 22:26:02.190] LOG  : Lua          f:300 st:204,678,238> NLQA MP PRESENCE: revision=1789352762166 players=2 names=nl-host@8284.50,11721.50,1,nl-guest@8469.50,11558.50,1.
[13-09-26 22:26:02.190] LOG  : Lua          f:300 st:204,678,238> NLQA MP NPC PRESENCE: revision=1789352762166 count=3 entries=marisol@8283.20,11721.17,1/w1,kenji@8283.20,11721.17,1/w2,amara@8283.20,11721.17,1/w2.
[13-09-26 22:26:06.040] LOG  : Lua          f:531 st:204,682,088> NLQA MP PRESENCE: revision=1789352766022 players=2 names=nl-host@8284.50,11721.50,1,nl-guest@8469.50,11558.50,1.
[13-09-26 22:26:06.040] LOG  : Lua          f:531 st:204,682,088> NLQA MP NPC PRESENCE: revision=1789352766022 count=3 entries=marisol@8283.18,11721.09,1/w1,kenji@8283.18,11721.09,1/w2,amara@8283.18,11721.09,1/w2.
[13-09-26 22:26:06.606] LOG  : Lua          f:565 st:204,682,654> NLQA MP PRESENCE: revision=1789352766585 players=2 names=nl-host@8284.50,11721.50,1,nl-guest@8469.50,11558.50,1.
[13-09-26 22:26:06.606] LOG  : Lua          f:565 st:204,682,654> NLQA MP NPC PRESENCE: revision=1789352766585 count=3 entries=marisol@8283.18,11721.09,1/w1,kenji@8283.18,11721.09,1/w2,amara@8283.18,11721.09,1/w2.
[13-09-26 22:26:06.691] LOG  : Lua          f:570 st:204,682,738> NLQA MP NPC PRESENCE: revision=1789352766668 count=3 entries=marisol@8283.18,11721.09,1/w1,kenji@8283.18,11721.09,1/w2,amara@8283.18,11721.09,1/w2.
[13-09-26 22:26:07.107] LOG  : Lua          f:595 st:204,683,154> NLQA MP PRESENCE: revision=1789352767095 players=2 names=nl-host@8284.50,11721.50,1,nl-guest@8469.50,11558.50,1.
[13-09-26 22:26:07.108] LOG  : Lua          f:595 st:204,683,155> NLQA MP NPC PRESENCE: revision=1789352767095 count=3 entries=marisol@8283.17,11721.02,1/w1,kenji@8283.17,11721.02,1/w2,amara@8283.17,11721.02,1/w2.
[13-09-26 22:26:07.161] LOG  : Lua          f:599 st:204,683,209> NLQA MP REMOTE SCAN: IsoPlayerCount=4 [local=nl-guest] GameClient=unavailable RemoteSurvivorsCount=0 [] ObjectListForLuaCount=38 [username=Kenji Arakawa [Neighborhood Life] x=8283.17 y=11721.02 z=1 | username=Marisol Vega [Neighborhood Life] x=8283.17 y=11721.02 z=1 | username=Amara Okonkwo [Neighborhood Life] x=8283.17 y=11721.02 z=1 | local=nl-guest] productionNpcReplicas=3 OnlinePlayersCount=1 [local=nl-guest] productionRemoteMarkers=0 productionPresenceMarkers=1.
[13-09-26 22:26:07.190] LOG  : Lua          f:600 st:204,683,238> NLQA MP PRESENCE: revision=1789352767168 players=2 names=nl-host@8284.50,11721.50,1,nl-guest@8469.50,11558.50,1.
[13-09-26 22:26:07.190] LOG  : Lua          f:600 st:204,683,238> NLQA MP NPC PRESENCE: revision=1789352767168 count=3 entries=marisol@8283.17,11721.02,1/w1,kenji@8283.17,11721.02,1/w2,amara@8283.17,11721.02,1/w2.
[13-09-26 22:26:11.040] LOG  : Lua          f:831 st:204,687,088> NLQA MP PRESENCE: revision=1789352771015 players=2 names=nl-host@8284.50,11721.50,1,nl-guest@8469.50,11558.50,1.
[13-09-26 22:26:11.040] LOG  : Lua          f:831 st:204,687,088> NLQA MP NPC PRESENCE: revision=1789352771015 count=3 entries=marisol@8283.15,11720.94,1/w1,kenji@8283.15,11720.94,1/w2,amara@8283.15,11720.94,1/w2.
[13-09-26 22:26:12.161] LOG  : Lua          f:899 st:204,688,208> NLQA MP REMOTE SCAN: IsoPlayerCount=4 [local=nl-guest] GameClient=unavailable RemoteSurvivorsCount=0 [] ObjectListForLuaCount=38 [username=Kenji Arakawa [Neighborhood Life] x=8283.15 y=11720.94 z=1 | username=Marisol Vega [Neighborhood Life] x=8283.15 y=11720.94 z=1 | username=Amara Okonkwo [Neighborhood Life] x=8283.15 y=11720.94 z=1 | local=nl-guest] productionNpcReplicas=3 OnlinePlayersCount=1 [local=nl-guest] productionRemoteMarkers=0 productionPresenceMarkers=1.
[13-09-26 22:26:12.190] LOG  : Lua          f:900 st:204,688,238> NLQA MP PRESENCE: revision=1789352772174 players=2 names=nl-host@8284.50,11721.50,1,nl-guest@8469.50,11558.50,1.
[13-09-26 22:26:12.190] LOG  : Lua          f:900 st:204,688,238> NLQA MP NPC PRESENCE: revision=1789352772174 count=3 entries=marisol@8283.15,11720.94,1/w1,kenji@8283.15,11720.94,1/w2,amara@8283.15,11720.94,1/w2.
[13-09-26 22:26:16.040] LOG  : Lua          f:1131 st:204,692,088> NLQA MP PRESENCE: revision=1789352776016 players=2 names=nl-host@8284.50,11721.50,1,nl-guest@8469.50,11558.50,1.
[13-09-26 22:26:16.040] LOG  : Lua          f:1131 st:204,692,088> NLQA MP NPC PRESENCE: revision=1789352776016 count=3 entries=marisol@8283.13,11720.86,1/w1,kenji@8283.13,11720.86,1/w2,amara@8283.13,11720.86,1/w2.
[13-09-26 22:26:17.161] LOG  : Lua          f:1199 st:204,693,209> NLQA MP REMOTE SCAN: IsoPlayerCount=4 [local=nl-guest] GameClient=unavailable RemoteSurvivorsCount=0 [] ObjectListForLuaCount=38 [username=Kenji Arakawa [Neighborhood Life] x=8283.12 y=11720.87 z=1 | username=Marisol Vega [Neighborhood Life] x=8283.12 y=11720.87 z=1 | username=Amara Okonkwo [Neighborhood Life] x=8283.12 y=11720.87 z=1 | local=nl-guest] productionNpcReplicas=3 OnlinePlayersCount=1 [local=nl-guest] productionRemoteMarkers=0 productionPresenceMarkers=1.
[13-09-26 22:26:17.190] LOG  : Lua          f:1200 st:204,693,238> NLQA MP PRESENCE: revision=1789352777174 players=2 names=nl-host@8284.50,11721.50,1,nl-guest@8469.50,11558.50,1.
[13-09-26 22:26:17.190] LOG  : Lua          f:1200 st:204,693,238> NLQA MP NPC PRESENCE: revision=1789352777174 count=3 entries=marisol@8283.11,11720.78,1/w1,kenji@8283.11,11720.78,1/w2,amara@8283.11,11720.78,1/w2.
[13-09-26 22:26:18.690] LOG  : Lua          f:1290 st:204,694,738> NLQA MP NPC PRESENCE: revision=1789352778668 count=3 entries=marisol@8283.11,11720.78,1/w1,kenji@8283.11,11720.78,1/w2,amara@8283.11,11720.78,1/w2.
[13-09-26 22:26:22.161] LOG  : Lua          f:1499 st:204,698,208> NLQA MP REMOTE SCAN: IsoPlayerCount=4 [local=nl-guest] GameClient=unavailable RemoteSurvivorsCount=0 [] ObjectListForLuaCount=38 [username=Kenji Arakawa [Neighborhood Life] x=8283.08 y=11720.84 z=1 | username=Marisol Vega [Neighborhood Life] x=8283.08 y=11720.84 z=1 | username=Amara Okonkwo [Neighborhood Life] x=8283.08 y=11720.84 z=1 | local=nl-guest] productionNpcReplicas=3 OnlinePlayersCount=1 [local=nl-guest] productionRemoteMarkers=0 productionPresenceMarkers=1.
[13-09-26 22:26:27.161] LOG  : Lua          f:1799 st:204,703,209> NLQA MP REMOTE SCAN: IsoPlayerCount=4 [local=nl-guest] GameClient=unavailable RemoteSurvivorsCount=0 [] ObjectListForLuaCount=38 [username=Kenji Arakawa [Neighborhood Life] x=8283.08 y=11720.84 z=1 | username=Marisol Vega [Neighborhood Life] x=8283.08 y=11720.84 z=1 | username=Amara Okonkwo [Neighborhood Life] x=8283.08 y=11720.84 z=1 | local=nl-guest] productionNpcReplicas=3 OnlinePlayersCount=1 [local=nl-guest] productionRemoteMarkers=0 productionPresenceMarkers=1.
