LOG  : General      f:0 st:204,724,646> Pathfind init() start
LOG  : General      f:0 st:204,724,656> Pathfind init() end
WARN : Packet       f:0 st:204,724,993 at PacketsCache.<init>                 > No packet handler for type: Drink, EatBody, SandboxOptions, ReceiveCommand, Ping, SpawnRegion, WorldMapPlayerPosition, WorldMap, AddAmbient, ZombieSound, PlaySoundEveryPlayer, StartRain, StopRain, ClimateManagerPacket, IsoRegionServerPacket, IsoRegionClientRequestFullUpdate, SyncIsoObject, ClientCommand, BloodSplatter, ZombieDescriptors, UpdateItemSprite, SyncCompost, SyncPerks, SyncEquippedRadioFreq, AddAlarm, ChangeTextColor, ChunkObjectStateResponse, StartFishSplash, FishingData, ToxicBuilding, InvMngReqItem, InvMngGetItem, InvMngRemoveItem, InvMngUpdateItem, ChangePlayerStats, ConstructedZone, ViewBannedIPs, ViewBannedSteamIDs, InitPlayerChat, PlayerJoinChat, PlayerLeaveChat, ChatMessageFromPlayer, ChatMessageToPlayer, PlayerStartPMChat, AddChatTab, RemoveChatTab, PlayerConnectedToChat, PlayerNotFound, PlayerListensChannel, RadioServerData, RadioDeviceDataState, RadioPostSilenceEvent, SyncRadioData, SendItemListNet
LOG  : Lua          f:181 st:204,744,633> NLQA NPC PRODUCTION RESTORE id=marisol x=8283.24 y=11721.33 revision=225
LOG  : Lua          f:181 st:204,744,647> NLQA NPC PRODUCTION SPAWN id=marisol x=8283.24 y=11721.33 z=1
LOG  : Lua          f:181 st:204,744,647> NLQA NPC PRODUCTION RESTORE id=kenji x=8283.24 y=11721.33 revision=219
LOG  : Lua          f:181 st:204,744,649> NLQA NPC PRODUCTION SPAWN id=kenji x=8283.24 y=11721.33 z=1
LOG  : Lua          f:181 st:204,744,649> NLQA NPC PRODUCTION RESTORE id=amara x=8283.24 y=11721.33 revision=219
LOG  : Lua          f:181 st:204,744,651> NLQA NPC PRODUCTION SPAWN id=amara x=8283.24 y=11721.33 z=1
LOG  : Lua          f:182 st:204,744,734> NLQA NPC PRODUCTION PATH id=marisol from=8283.24,11721.33 to=6817.00,5259.00 waypoint=1
LOG  : Lua          f:182 st:204,744,741> NLQA NPC PRODUCTION PATH id=kenji from=8283.24,11721.33 to=6817.00,5261.00 waypoint=2
LOG  : Lua          f:182 st:204,744,744> NLQA NPC PRODUCTION PATH id=amara from=8283.24,11721.33 to=6819.00,5259.00 waypoint=2
LOG  : Lua          f:481 st:204,774,630> NLQA NPC PRODUCTION TICK id=marisol x=8283.08 y=11720.62
LOG  : Lua          f:481 st:204,774,631> NLQA NPC PRODUCTION TICK id=kenji x=8283.08 y=11720.62
LOG  : Lua          f:481 st:204,774,631> NLQA NPC PRODUCTION TICK id=amara x=8283.08 y=11720.62
LOG  : Lua          f:781 st:204,804,632> NLQA NPC PRODUCTION TICK id=marisol x=8282.88 y=11719.84
LOG  : Lua          f:781 st:204,804,633> NLQA NPC PRODUCTION TICK id=kenji x=8282.88 y=11719.84
LOG  : Lua          f:781 st:204,804,634> NLQA NPC PRODUCTION TICK id=amara x=8282.88 y=11719.84
LOG  : Lua          f:1081 st:204,834,632> NLQA NPC PRODUCTION TICK id=marisol x=8282.70 y=11719.14
LOG  : Lua          f:1081 st:204,834,634> NLQA NPC PRODUCTION TICK id=kenji x=8282.70 y=11719.14
LOG  : Lua          f:1081 st:204,834,634> NLQA NPC PRODUCTION TICK id=amara x=8282.70 y=11719.14
LOG  : Lua          f:1381 st:204,864,631> NLQA NPC PRODUCTION TICK id=marisol x=8282.53 y=11718.36
LOG  : Lua          f:1381 st:204,864,632> NLQA NPC PRODUCTION TICK id=kenji x=8282.53 y=11718.36
LOG  : Lua          f:1381 st:204,864,632> NLQA NPC PRODUCTION TICK id=amara x=8282.53 y=11718.36
