[14-09-26 00:39:51.204] LOG  : General      f:0> 14-09-2026 00:39:51.
[14-09-26 00:39:51.219] LOG  : General      f:0> SLF4J(I): Attempting to load provider "zombie.core.logger.Slf4jBridge" specified via "slf4j.provider" system property.
[14-09-26 00:39:51.390] LOG  : General      f:0> ===== System specs =====.
[14-09-26 00:39:51.390] LOG  : General      f:0> CPU: AMD Ryzen 7 7800X3D 8-Core Processor           , vendor: AuthenticAMD, cores: 8, threads: 16.
[14-09-26 00:39:51.396] LOG  : General      f:0> RAM: 31905 Mb.
[14-09-26 00:39:51.405] LOG  : General      f:0> Base board: MAG B650 TOMAHAWK WIFI (MS-7D75), vendor: Micro-Star International Co., Ltd..
[14-09-26 00:39:51.408] LOG  : General      f:0> GPU: AMD Radeon(TM) Graphics, vendor: Advanced Micro Devices, Inc., video memory: 512 Mb, driver: 31.0.24002.92.
[14-09-26 00:39:51.411] LOG  : General      f:0> GPU: NVIDIA GeForce RTX 4070, vendor: NVIDIA, video memory: 12282 Mb, driver: 32.0.15.9186.
[14-09-26 00:39:51.413] LOG  : General      f:0> Disk info: 1863.00 Gb, free space: 239.41 Gb, usable space: 239.41 Gb.
[14-09-26 00:39:51.528] LOG  : General      f:0> OS: Windows 11, version: 10.0, arch: amd64, build: 26200.
[14-09-26 00:39:51.528] LOG  : General      f:0> JVM (free: 474 Mb, max: 2048 Mb, total available: 502 Mb).
[14-09-26 00:39:51.528] LOG  : General      f:0> ========================.
[14-09-26 00:39:51.529] LOG  : General      f:0> java.specification.version=25.
[14-09-26 00:39:51.529] LOG  : General      f:0> sun.cpu.isalist=amd64.
[14-09-26 00:39:51.529] LOG  : General      f:0> sun.jnu.encoding=Cp1252.
[14-09-26 00:39:51.529] LOG  : General      f:0> java.vm.vendor=Azul Systems, Inc..
[14-09-26 00:39:51.529] LOG  : General      f:0> sun.arch.data.model=64.
[14-09-26 00:39:51.531] LOG  : General      f:0> java.vendor.url=http://www.azul.com/.
[14-09-26 00:39:51.531] LOG  : General      f:0> zomboid.steam=0.
[14-09-26 00:39:51.531] LOG  : General      f:0> java.vm.specification.version=25.
[14-09-26 00:39:51.531] LOG  : General      f:0> os.name=Windows 11.
[14-09-26 00:39:51.531] LOG  : General      f:0> sun.java.launcher=SUN_STANDARD.
[14-09-26 00:39:51.531] LOG  : General      f:0> sun.java.command=zombie.gameStates.MainScreenState -ca....
[14-09-26 00:39:51.531] LOG  : General      f:0> slf4j.provider=zombie.core.logger.Slf4jBridge.
[14-09-26 00:39:51.531] LOG  : General      f:0> jdk.debug=release.
[14-09-26 00:39:51.533] LOG  : General      f:0> sun.cpu.endian=little.
[14-09-26 00:39:51.533] LOG  : General      f:0> java.specification.vendor=Oracle Corporation.
[14-09-26 00:39:51.533] LOG  : General      f:0> java.version.date=2025-10-21.
[14-09-26 00:39:51.533] LOG  : General      f:0> java.home=E:\SteamLibrary\steamapps\common\Proj....
[14-09-26 00:39:51.533] LOG  : General      f:0> file.separator=\.
[14-09-26 00:39:51.533] LOG  : General      f:0> java.vm.compressedOopsMode=32-bit.
[14-09-26 00:39:51.534] LOG  : General      f:0> line.separator=.
[14-09-26 00:39:51.534] LOG  : General      f:0> java.vm.specification.vendor=Oracle Corporation.
[14-09-26 00:39:51.534] LOG  : General      f:0> java.specification.name=Java Platform API Specification.
[14-09-26 00:39:51.534] LOG  : General      f:0> java.awt.headless=true.
[14-09-26 00:39:51.534] LOG  : General      f:0> sun.management.compiler=HotSpot 64-Bit Tiered Compilers.
[14-09-26 00:39:51.534] LOG  : General      f:0> java.runtime.version=25.0.1+8-LTS.
[14-09-26 00:39:51.535] LOG  : General      f:0> stdout.encoding=Cp1252.
[14-09-26 00:39:51.535] LOG  : General      f:0> os.version=10.0.
[14-09-26 00:39:51.535] LOG  : General      f:0> jna.nosys=false.
[14-09-26 00:39:51.535] LOG  : General      f:0> java.runtime.name=OpenJDK Runtime Environment.
[14-09-26 00:39:51.535] LOG  : General      f:0> file.encoding=UTF-8.
[14-09-26 00:39:51.536] LOG  : General      f:0> java.vm.name=OpenJDK 64-Bit Server VM.
[14-09-26 00:39:51.536] LOG  : General      f:0> java.vendor.version=Zulu25.30+17-CA.
[14-09-26 00:39:51.536] LOG  : General      f:0> jna.loaded=true.
[14-09-26 00:39:51.536] LOG  : General      f:0> java.vendor.url.bug=http://www.azul.com/support/.
[14-09-26 00:39:51.536] LOG  : General      f:0> java.version=25.0.1.
[14-09-26 00:39:51.538] LOG  : General      f:0> os.arch=amd64.
[14-09-26 00:39:51.538] LOG  : General      f:0> java.vm.specification.name=Java Virtual Machine Specification.
[14-09-26 00:39:51.538] LOG  : General      f:0> sun.os.patch.level=.
[14-09-26 00:39:51.538] LOG  : General      f:0> native.encoding=Cp1252.
[14-09-26 00:39:51.538] LOG  : General      f:0> java.vm.info=mixed mode, sharing.
[14-09-26 00:39:51.538] LOG  : General      f:0> stderr.encoding=Cp1252.
[14-09-26 00:39:51.538] LOG  : General      f:0> java.vendor=Azul Systems, Inc..
[14-09-26 00:39:51.539] LOG  : General      f:0> java.vm.version=25.0.1+8-LTS.
[14-09-26 00:39:51.539] LOG  : General      f:0> stdin.encoding=Cp1252.
[14-09-26 00:39:51.539] LOG  : General      f:0> sun.io.unicode.encoding=UnicodeLittle.
[14-09-26 00:39:51.539] LOG  : General      f:0> java.class.version=69.0.
[14-09-26 00:39:51.539] LOG  : General      f:0> -----.
[14-09-26 00:39:51.544] LOG  : General      f:0> version=42.20.4 b0bbce05d5 demo=false.
[14-09-26 00:39:51.544] LOG  : General      f:0> revision=b0bbce05d5 pzbullet=1.0.0.28.
[14-09-26 00:39:51.586] LOG  : General      f:0> Logs configuration:.
[14-09-26 00:39:51.588] LOG  : General      f:0>      General: General.
[14-09-26 00:39:51.589] LOG  : General      f:0>      Network: General.
[14-09-26 00:39:51.589] LOG  : General      f:0>          Lua: General.
[14-09-26 00:39:51.589] LOG  : General      f:0>          Mod: General.
[14-09-26 00:39:51.589] LOG  : General      f:0>  Multiplayer: General.
[14-09-26 00:39:51.590] LOG  : General      f:0>      Default: Off.
[14-09-26 00:39:51.597] LOG  : General      f:0> LightingFPS set to 15.
[14-09-26 00:39:52.097] LOG  : General      f:0> Display mode changed to 1280x720 freq=0 fullScreen=false.
[14-09-26 00:39:52.098] LOG  : General      f:0> GraphicsCard: NVIDIA Corporation NVIDIA GeForce RTX 4070/PCIe/SSE2.
[14-09-26 00:39:52.098] LOG  : General      f:0> OpenGL version: 4.6.0 NVIDIA 591.86.
[14-09-26 00:39:52.098] LOG  : General      f:0> Desktop resolution 2560x1440.
[14-09-26 00:39:52.100] LOG  : General      f:0> Initial resolution 1280x720 fullScreen=false.
[14-09-26 00:39:52.101] LOG  : General      f:0> OpenGL 1.5 buffer objects supported.
[14-09-26 00:39:52.101] LOG  : General      f:0> VSync: OFF.
[14-09-26 00:39:54.896] LOG  : Mod          f:0> refusing to list examplemod.
[14-09-26 00:39:55.258] LOG  : General      f:0> Loading networking libraries....
[14-09-26 00:39:55.258] LOG  : General      f:0> Loading RakNet64....
[14-09-26 00:39:55.260] LOG  : General      f:0> Loading ZNetNoSteam64....
[14-09-26 00:39:55.278] LOG  : General      f:0> SteamUtils started without Steam.
[14-09-26 00:39:55.298] LOG  : General      f:0> Loading Mods.
[14-09-26 00:39:55.301] LOG  : Mod          f:0> refusing to list examplemod.
[14-09-26 00:39:55.316] LOG  : Mod          f:0> loading NeighborhoodLifeHUD.
[14-09-26 00:39:55.319] LOG  : Mod          f:0> loading NeighborhoodQA.
[14-09-26 00:39:55.320] LOG  : General      f:0> Loading Translations.
[14-09-26 00:39:56.848] LOG  : General      f:0> texturepack: loading UI.
[14-09-26 00:39:56.849] LOG  : General      f:0> Loading UI texture pack.
[14-09-26 00:39:56.872] LOG  : General      f:0> texturepack: loading UI2.
[14-09-26 00:39:56.872] LOG  : General      f:0> Loading UI2 texture pack.
[14-09-26 00:39:56.879] LOG  : General      f:0> texturepack: loading IconsMoveables.
[14-09-26 00:39:56.879] LOG  : General      f:0> Loading IconsMoveables texture pack.
[14-09-26 00:39:56.880] LOG  : General      f:0> texturepack: loading RadioIcons.
[14-09-26 00:39:56.880] LOG  : General      f:0> Loading RadioIcons texture pack.
[14-09-26 00:39:56.881] LOG  : General      f:0> texturepack: loading ApComUI.
[14-09-26 00:39:56.881] LOG  : General      f:0> Loading ApComUI texture pack.
[14-09-26 00:39:56.881] LOG  : General      f:0> texturepack: loading Mechanics.
[14-09-26 00:39:56.882] LOG  : General      f:0> Loading Mechanics texture pack.
[14-09-26 00:39:56.890] LOG  : General      f:0> texturepack: loading WeatherFx.
[14-09-26 00:39:56.890] LOG  : General      f:0> Loading WeatherFx texture pack.
[14-09-26 00:39:56.916] LOG  : General      f:0> Loading Scripts.
[14-09-26 00:39:58.365] ERROR: General      f:0 at FluidContainerScript.load           > Sanitizing container name 'Large Bucket', name may not contain whitespaces..
[14-09-26 00:39:58.846] ERROR: General      f:0 at FluidContainerScript.load           > Sanitizing container name 'Fuel Pump', name may not contain whitespaces..
[14-09-26 00:39:58.939] WARN : General      f:0 at XuiSkin$EntityUiStyle.Load          > Could not find icon: Build_AnvilStone, script = Stone Anvil.
[14-09-26 00:39:58.939] WARN : General      f:0 at XuiSkin$EntityUiStyle.LoadComponentInfo> Could not find icon: Build_AnvilStone.
[14-09-26 00:39:58.943] WARN : General      f:0 at XuiSkin$EntityUiStyle.Load          > Could not find icon: Build_AnvilStone, script = Stone Anvil.
[14-09-26 00:39:58.944] WARN : General      f:0 at XuiSkin$EntityUiStyle.LoadComponentInfo> Could not find icon: Build_AnvilStone.
[14-09-26 00:39:58.945] WARN : General      f:0 at XuiSkin$EntityUiStyle.Load          > Could not find icon: Build_AnvilStone, script = Stone Anvil.
[14-09-26 00:39:58.946] WARN : General      f:0 at XuiSkin$EntityUiStyle.LoadComponentInfo> Could not find icon: Build_AnvilStone.
[14-09-26 00:39:58.950] WARN : General      f:0 at XuiSkin$EntityUiStyle.Load          > Could not find icon: Build_AnvilStone, script = Stone Anvil.
[14-09-26 00:39:58.950] WARN : General      f:0 at XuiSkin$EntityUiStyle.LoadComponentInfo> Could not find icon: Build_AnvilStone.
[14-09-26 00:39:58.997] WARN : General      f:0 at TaggedObjectManager.createTagBits   > manager-> new tag discovered that was not preprocessed, tag: keyduplicator.
[14-09-26 00:39:58.998] WARN : General      f:0 at TaggedObjectManager.createTagBits   > manager-> new tag discovered that was not preprocessed, tag: choppingblock.
[14-09-26 00:39:59.068] LOG  : General      f:0> Loading Clothing.
[14-09-26 00:39:59.354] LOG  : General      f:0> .
[14-09-26 00:40:02.157] LOG  : General      f:0> Loading Lua.
[14-09-26 00:40:03.315] WARN : Lua          f:0 at Lua(Vanilla).corpseStorageCheck     > require("ISUI/ISInventoryPaneContextMenu") failed.
[14-09-26 00:40:03.316] WARN : Lua          f:0 at Lua(Vanilla).corpseStorageCheck     > require("ISUI/ISVehicleMenu") failed.
[14-09-26 00:40:03.316] WARN : Lua          f:0 at Lua(Vanilla).corpseStorageCheck     > require("ISUI/ISContextMenu") failed.
[14-09-26 00:40:03.332] WARN : Lua          f:0 at Lua(Vanilla).ISCampingMenu          > require("Camping/CCampfireSystem") failed.
[14-09-26 00:40:03.718] WARN : Lua          f:0 at Lua(Vanilla).ISInventoryTransferUtil> require("TimedActions/ISInventoryTransferAction") failed.
[14-09-26 00:40:03.719] WARN : Lua          f:0 at Lua(Vanilla).ISInventoryTransferUtil> require("ISUI/PlayerData/ISPlayerData") failed.
[14-09-26 00:40:04.854] WARN : Lua          f:0 at Lua(Vanilla).ISAnimalContextMenu    > require("BuildingObjects/ISAnimalPickMateCursor") failed.
[14-09-26 00:40:04.918] WARN : Lua          f:0 at Lua(Vanilla).TakeSameType           > require("ISUI/InventoryWindow/ISLootWindowControlHandler") failed.
[14-09-26 00:40:04.919] WARN : Lua          f:0 at Lua(Vanilla).FloorTakeSameType      > require("ISUI/InventoryWindow/ISLootWindowControlHandler") failed.
[14-09-26 00:40:05.255] WARN : Lua          f:0 at Lua(Vanilla).testUI                 > require("pzapi/ui/ui") failed.
[14-09-26 00:40:05.405] LOG  : Lua          f:0> OnLoadSoundbanks.
[14-09-26 00:40:05.409] LOG  : General      f:0> texturepack: loading Tiles2x.
[14-09-26 00:40:05.413] LOG  : General      f:0> Loading Tiles2x texture pack.
[14-09-26 00:40:05.460] LOG  : General      f:0> texturepack: loading Overlays2x.
[14-09-26 00:40:05.462] LOG  : General      f:0> Loading Overlays2x texture pack.
[14-09-26 00:40:05.463] LOG  : General      f:0> texturepack: loading JumboTrees2x.
[14-09-26 00:40:05.464] LOG  : General      f:0> Loading JumboTrees2x texture pack.
[14-09-26 00:40:05.603] LOG  : General      f:0> texturepack: loading JumboTreesBigs2x.
[14-09-26 00:40:05.603] LOG  : General      f:0> Loading JumboTreesBigs2x texture pack.
[14-09-26 00:40:05.606] LOG  : General      f:0> texturepack: loading Tiles2x.floor.
[14-09-26 00:40:05.606] LOG  : General      f:0> Loading Tiles2x.floor texture pack.
[14-09-26 00:40:05.609] LOG  : General      f:0> texturepack: loading B42ChunkCaching2x.
[14-09-26 00:40:05.609] LOG  : General      f:0> Loading B42ChunkCaching2x texture pack.
[14-09-26 00:40:05.610] LOG  : General      f:0> texturepack: loading B42ChunkCaching2x.floor.
[14-09-26 00:40:05.610] LOG  : General      f:0> Loading B42ChunkCaching2x.floor texture pack.
[14-09-26 00:40:05.610] LOG  : General      f:0> texturepack: loading Clock2x.
[14-09-26 00:40:05.610] LOG  : General      f:0> Loading Clock2x texture pack.
[14-09-26 00:40:05.615] LOG  : General      f:0> Loading models and animations.
[14-09-26 00:40:06.475] LOG  : General      f:0> Game booting.
[14-09-26 00:40:12.143] LOG  : General      f:0> STATE: exit zombie.gameStates.TISLogoState.
[14-09-26 00:40:12.160] LOG  : General      f:0> STATE: exit zombie.gameStates.TermsOfServiceState.
[14-09-26 00:40:12.727] LOG  : General      f:0> binkId: 1.
[14-09-26 00:40:12.800] WARN : Lua          f:0 at Lua(Vanilla).namedColorToTable      > env.lua-> namedColorToTable color not found: ProgressYellow.
[14-09-26 00:40:13.040] LOG  : Lua          f:0> NLQA MP CONNECT ARMED: 127.0.0.1:16261.
[14-09-26 00:40:13.040] LOG  : Lua          f:0> NLQA STAT HUNGER 0..1.
[14-09-26 00:40:13.040] LOG  : Lua          f:0> NLQA STAT THIRST 0..1.
[14-09-26 00:40:13.040] LOG  : Lua          f:0> NLQA STAT FATIGUE 0..1.
[14-09-26 00:40:13.040] LOG  : Lua          f:0> NLQA STAT BOREDOM 0..100.
[14-09-26 00:40:13.040] LOG  : Lua          f:0> NLQA STAT STRESS 0..1.
[14-09-26 00:40:13.040] LOG  : Lua          f:0> NLQA STAT UNHAPPINESS 0..100.
[14-09-26 00:40:13.042] LOG  : Lua          f:0> NLQA PASS: actual item/perk/stat APIs and real ISPanel journal construction.
[14-09-26 00:40:13.046] LOG  : General      f:0> binkId: 2.
[14-09-26 00:40:15.030] LOG  : Lua          f:0> NLQA MP CONNECT REQUEST: nl-guest -> 127.0.0.1:16261 accountPassword=true.
[14-09-26 00:40:15.324] LOG  : Network      f:0 st:0> Initialising RakNet....
[14-09-26 00:40:15.445] LOG  : General      f:0 st:0> LOGGED INTO : 76 millisecond.
[14-09-26 00:40:15.448] LOG  : General      f:0 st:0> ConnectToServerState: Start.
[14-09-26 00:40:15.460] LOG  : General      f:0 st:0> ConnectToServerState: TestTCP.
[14-09-26 00:40:15.494] LOG  : Lua          f:0 st:0> NLQA MP CONNECTION STATE: Connected message=nil arg=nil.
[14-09-26 00:40:17.587] LOG  : Mod          f:0 st:0> refusing to list examplemod.
[14-09-26 00:40:17.601] LOG  : Mod          f:0 st:0> loading NeighborhoodLifeHUD.
[14-09-26 00:40:17.603] LOG  : Mod          f:0 st:0> loading NeighborhoodQA.
[14-09-26 00:40:19.050] ERROR: General      f:0 st:0 at FluidContainerScript.load           > Sanitizing container name 'Large Bucket', name may not contain whitespaces..
[14-09-26 00:40:19.370] ERROR: General      f:0 st:0 at FluidContainerScript.load           > Sanitizing container name 'Fuel Pump', name may not contain whitespaces..
[14-09-26 00:40:19.424] WARN : General      f:0 st:0 at XuiSkin$EntityUiStyle.Load          > Could not find icon: Build_AnvilStone, script = Stone Anvil.
[14-09-26 00:40:19.424] WARN : General      f:0 st:0 at XuiSkin$EntityUiStyle.LoadComponentInfo> Could not find icon: Build_AnvilStone.
[14-09-26 00:40:19.426] WARN : General      f:0 st:0 at XuiSkin$EntityUiStyle.Load          > Could not find icon: Build_AnvilStone, script = Stone Anvil.
[14-09-26 00:40:19.426] WARN : General      f:0 st:0 at XuiSkin$EntityUiStyle.LoadComponentInfo> Could not find icon: Build_AnvilStone.
[14-09-26 00:40:19.428] WARN : General      f:0 st:0 at XuiSkin$EntityUiStyle.Load          > Could not find icon: Build_AnvilStone, script = Stone Anvil.
[14-09-26 00:40:19.428] WARN : General      f:0 st:0 at XuiSkin$EntityUiStyle.LoadComponentInfo> Could not find icon: Build_AnvilStone.
[14-09-26 00:40:19.429] WARN : General      f:0 st:0 at XuiSkin$EntityUiStyle.Load          > Could not find icon: Build_AnvilStone, script = Stone Anvil.
[14-09-26 00:40:19.429] WARN : General      f:0 st:0 at XuiSkin$EntityUiStyle.LoadComponentInfo> Could not find icon: Build_AnvilStone.
[14-09-26 00:40:19.448] WARN : General      f:0 st:0 at TaggedObjectManager.createTagBits   > manager-> new tag discovered that was not preprocessed, tag: keyduplicator.
[14-09-26 00:40:19.449] WARN : General      f:0 st:0 at TaggedObjectManager.createTagBits   > manager-> new tag discovered that was not preprocessed, tag: choppingblock.
[14-09-26 00:40:22.999] ERROR: General      f:0 st:0> AdvancedAnimator$1.visitFileFailed> Exception thrown
	java.nio.file.NoSuchFileException: E:\pzmod\test-profile\mp-guest\mods\NeighborhoodLife\common\media\AnimSets at WindowsException.translateToIOException(null:-1).
	Stack trace:
		java.base/sun.nio.fs.WindowsException.translateToIOException(Unknown Source)
		java.base/sun.nio.fs.WindowsException.rethrowAsIOException(Unknown Source)
		java.base/sun.nio.fs.WindowsException.rethrowAsIOException(Unknown Source)
		java.base/sun.nio.fs.WindowsFileAttributeViews$Basic.readAttributes(Unknown Source)
		java.base/sun.nio.fs.WindowsFileAttributeViews$Basic.readAttributes(Unknown Source)
		java.base/sun.nio.fs.WindowsFileSystemProvider.readAttributes(Unknown Source)
		java.base/java.nio.file.Files.readAttributes(Unknown Source)
		java.base/java.nio.file.FileTreeWalker.getAttributes(Unknown Source)
		java.base/java.nio.file.FileTreeWalker.visit(Unknown Source)
		java.base/java.nio.file.FileTreeWalker.walk(Unknown Source)
		java.base/java.nio.file.Files.walkFileTree(Unknown Source)
		java.base/java.nio.file.Files.walkFileTree(Unknown Source)
		zombie.core.skinnedmodel.advancedanimation.AdvancedAnimator.searchFolders(AdvancedAnimator.java:805)
		zombie.core.skinnedmodel.advancedanimation.AdvancedAnimator.loadModMedia(AdvancedAnimator.java:868)
		zombie.core.skinnedmodel.advancedanimation.AdvancedAnimator.collectModFiles(AdvancedAnimator.java:888)
		zombie.core.skinnedmodel.advancedanimation.AdvancedAnimator.load(AdvancedAnimator.java:928)
		zombie.core.Core.ResetLua(Core.java:4193)
		zombie.gameStates.ConnectToServerState.receiveServerOptions(ConnectToServerState.java:135)
		zombie.gameStates.ConnectToServerState.Finish(ConnectToServerState.java:696)
		zombie.gameStates.ConnectToServerState.update(ConnectToServerState.java:104)
		zombie.gameStates.MainScreenState.update(MainScreenState.java:778)
		zombie.gameStates.GameStateMachine.update(GameStateMachine.java:65)
		zombie.GameWindow.logic(GameWindow.java:390)
		zombie.GameWindow.frameStep(GameWindow.java:790)
		zombie.GameWindow.mainThreadStep(GameWindow.java:567)
		zombie.MainThread.mainLoop(MainThread.java:69)
		java.base/java.lang.Thread.run(Unknown Source).
[14-09-26 00:40:23.000] ERROR: General      f:0 st:0> AdvancedAnimator$1.visitFileFailed> Exception thrown
	java.nio.file.NoSuchFileException: E:\pzmod\test-profile\mp-guest\mods\NeighborhoodLife\common\media\actiongroups at WindowsException.translateToIOException(null:-1).
	Stack trace:
		java.base/sun.nio.fs.WindowsException.translateToIOException(Unknown Source)
		java.base/sun.nio.fs.WindowsException.rethrowAsIOException(Unknown Source)
		java.base/sun.nio.fs.WindowsException.rethrowAsIOException(Unknown Source)
		java.base/sun.nio.fs.WindowsFileAttributeViews$Basic.readAttributes(Unknown Source)
		java.base/sun.nio.fs.WindowsFileAttributeViews$Basic.readAttributes(Unknown Source)
		java.base/sun.nio.fs.WindowsFileSystemProvider.readAttributes(Unknown Source)
		java.base/java.nio.file.Files.readAttributes(Unknown Source)
		java.base/java.nio.file.FileTreeWalker.getAttributes(Unknown Source)
		java.base/java.nio.file.FileTreeWalker.visit(Unknown Source)
		java.base/java.nio.file.FileTreeWalker.walk(Unknown Source)
		java.base/java.nio.file.Files.walkFileTree(Unknown Source)
		java.base/java.nio.file.Files.walkFileTree(Unknown Source)
		zombie.core.skinnedmodel.advancedanimation.AdvancedAnimator.searchFolders(AdvancedAnimator.java:805)
		zombie.core.skinnedmodel.advancedanimation.AdvancedAnimator.loadModMedia(AdvancedAnimator.java:869)
		zombie.core.skinnedmodel.advancedanimation.AdvancedAnimator.collectModFiles(AdvancedAnimator.java:888)
		zombie.core.skinnedmodel.advancedanimation.AdvancedAnimator.load(AdvancedAnimator.java:928)
		zombie.core.Core.ResetLua(Core.java:4193)
		zombie.gameStates.ConnectToServerState.receiveServerOptions(ConnectToServerState.java:135)
		zombie.gameStates.ConnectToServerState.Finish(ConnectToServerState.java:696)
		zombie.gameStates.ConnectToServerState.update(ConnectToServerState.java:104)
		zombie.gameStates.MainScreenState.update(MainScreenState.java:778)
		zombie.gameStates.GameStateMachine.update(GameStateMachine.java:65)
		zombie.GameWindow.logic(GameWindow.java:390)
		zombie.GameWindow.frameStep(GameWindow.java:790)
		zombie.GameWindow.mainThreadStep(GameWindow.java:567)
		zombie.MainThread.mainLoop(MainThread.java:69)
		java.base/java.lang.Thread.run(Unknown Source).
[14-09-26 00:40:23.002] ERROR: General      f:0 st:0> AdvancedAnimator$1.visitFileFailed> Exception thrown
	java.nio.file.NoSuchFileException: E:\pzmod\test-profile\mp-guest\mods\NeighborhoodLife\42\media\AnimSets at WindowsException.translateToIOException(null:-1).
	Stack trace:
		java.base/sun.nio.fs.WindowsException.translateToIOException(Unknown Source)
		java.base/sun.nio.fs.WindowsException.rethrowAsIOException(Unknown Source)
		java.base/sun.nio.fs.WindowsException.rethrowAsIOException(Unknown Source)
		java.base/sun.nio.fs.WindowsFileAttributeViews$Basic.readAttributes(Unknown Source)
		java.base/sun.nio.fs.WindowsFileAttributeViews$Basic.readAttributes(Unknown Source)
		java.base/sun.nio.fs.WindowsFileSystemProvider.readAttributes(Unknown Source)
		java.base/java.nio.file.Files.readAttributes(Unknown Source)
		java.base/java.nio.file.FileTreeWalker.getAttributes(Unknown Source)
		java.base/java.nio.file.FileTreeWalker.visit(Unknown Source)
		java.base/java.nio.file.FileTreeWalker.walk(Unknown Source)
		java.base/java.nio.file.Files.walkFileTree(Unknown Source)
		java.base/java.nio.file.Files.walkFileTree(Unknown Source)
		zombie.core.skinnedmodel.advancedanimation.AdvancedAnimator.searchFolders(AdvancedAnimator.java:805)
		zombie.core.skinnedmodel.advancedanimation.AdvancedAnimator.loadModMedia(AdvancedAnimator.java:868)
		zombie.core.skinnedmodel.advancedanimation.AdvancedAnimator.collectModFiles(AdvancedAnimator.java:889)
		zombie.core.skinnedmodel.advancedanimation.AdvancedAnimator.load(AdvancedAnimator.java:928)
		zombie.core.Core.ResetLua(Core.java:4193)
		zombie.gameStates.ConnectToServerState.receiveServerOptions(ConnectToServerState.java:135)
		zombie.gameStates.ConnectToServerState.Finish(ConnectToServerState.java:696)
		zombie.gameStates.ConnectToServerState.update(ConnectToServerState.java:104)
		zombie.gameStates.MainScreenState.update(MainScreenState.java:778)
		zombie.gameStates.GameStateMachine.update(GameStateMachine.java:65)
		zombie.GameWindow.logic(GameWindow.java:390)
		zombie.GameWindow.frameStep(GameWindow.java:790)
		zombie.GameWindow.mainThreadStep(GameWindow.java:567)
		zombie.MainThread.mainLoop(MainThread.java:69)
		java.base/java.lang.Thread.run(Unknown Source).
[14-09-26 00:40:23.002] ERROR: General      f:0 st:0> AdvancedAnimator$1.visitFileFailed> Exception thrown
	java.nio.file.NoSuchFileException: E:\pzmod\test-profile\mp-guest\mods\NeighborhoodLife\42\media\actiongroups at WindowsException.translateToIOException(null:-1).
	Stack trace:
		java.base/sun.nio.fs.WindowsException.translateToIOException(Unknown Source)
		java.base/sun.nio.fs.WindowsException.rethrowAsIOException(Unknown Source)
		java.base/sun.nio.fs.WindowsException.rethrowAsIOException(Unknown Source)
		java.base/sun.nio.fs.WindowsFileAttributeViews$Basic.readAttributes(Unknown Source)
		java.base/sun.nio.fs.WindowsFileAttributeViews$Basic.readAttributes(Unknown Source)
		java.base/sun.nio.fs.WindowsFileSystemProvider.readAttributes(Unknown Source)
		java.base/java.nio.file.Files.readAttributes(Unknown Source)
		java.base/java.nio.file.FileTreeWalker.getAttributes(Unknown Source)
		java.base/java.nio.file.FileTreeWalker.visit(Unknown Source)
		java.base/java.nio.file.FileTreeWalker.walk(Unknown Source)
		java.base/java.nio.file.Files.walkFileTree(Unknown Source)
		java.base/java.nio.file.Files.walkFileTree(Unknown Source)
		zombie.core.skinnedmodel.advancedanimation.AdvancedAnimator.searchFolders(AdvancedAnimator.java:805)
		zombie.core.skinnedmodel.advancedanimation.AdvancedAnimator.loadModMedia(AdvancedAnimator.java:869)
		zombie.core.skinnedmodel.advancedanimation.AdvancedAnimator.collectModFiles(AdvancedAnimator.java:889)
		zombie.core.skinnedmodel.advancedanimation.AdvancedAnimator.load(AdvancedAnimator.java:928)
		zombie.core.Core.ResetLua(Core.java:4193)
		zombie.gameStates.ConnectToServerState.receiveServerOptions(ConnectToServerState.java:135)
		zombie.gameStates.ConnectToServerState.Finish(ConnectToServerState.java:696)
		zombie.gameStates.ConnectToServerState.update(ConnectToServerState.java:104)
		zombie.gameStates.MainScreenState.update(MainScreenState.java:778)
		zombie.gameStates.GameStateMachine.update(GameStateMachine.java:65)
		zombie.GameWindow.logic(GameWindow.java:390)
		zombie.GameWindow.frameStep(GameWindow.java:790)
		zombie.GameWindow.mainThreadStep(GameWindow.java:567)
		zombie.MainThread.mainLoop(MainThread.java:69)
		java.base/java.lang.Thread.run(Unknown Source).
[14-09-26 00:40:23.002] ERROR: General      f:0 st:0> AdvancedAnimator$1.visitFileFailed> Exception thrown
	java.nio.file.NoSuchFileException: E:\pzmod\test-profile\mp-guest\mods\NeighborhoodQA\common\media\AnimSets at WindowsException.translateToIOException(null:-1).
	Stack trace:
		java.base/sun.nio.fs.WindowsException.translateToIOException(Unknown Source)
		java.base/sun.nio.fs.WindowsException.rethrowAsIOException(Unknown Source)
		java.base/sun.nio.fs.WindowsException.rethrowAsIOException(Unknown Source)
		java.base/sun.nio.fs.WindowsFileAttributeViews$Basic.readAttributes(Unknown Source)
		java.base/sun.nio.fs.WindowsFileAttributeViews$Basic.readAttributes(Unknown Source)
		java.base/sun.nio.fs.WindowsFileSystemProvider.readAttributes(Unknown Source)
		java.base/java.nio.file.Files.readAttributes(Unknown Source)
		java.base/java.nio.file.FileTreeWalker.getAttributes(Unknown Source)
		java.base/java.nio.file.FileTreeWalker.visit(Unknown Source)
		java.base/java.nio.file.FileTreeWalker.walk(Unknown Source)
		java.base/java.nio.file.Files.walkFileTree(Unknown Source)
		java.base/java.nio.file.Files.walkFileTree(Unknown Source)
		zombie.core.skinnedmodel.advancedanimation.AdvancedAnimator.searchFolders(AdvancedAnimator.java:805)
		zombie.core.skinnedmodel.advancedanimation.AdvancedAnimator.loadModMedia(AdvancedAnimator.java:868)
		zombie.core.skinnedmodel.advancedanimation.AdvancedAnimator.collectModFiles(AdvancedAnimator.java:888)
		zombie.core.skinnedmodel.advancedanimation.AdvancedAnimator.load(AdvancedAnimator.java:928)
		zombie.core.Core.ResetLua(Core.java:4193)
		zombie.gameStates.ConnectToServerState.receiveServerOptions(ConnectToServerState.java:135)
		zombie.gameStates.ConnectToServerState.Finish(ConnectToServerState.java:696)
		zombie.gameStates.ConnectToServerState.update(ConnectToServerState.java:104)
		zombie.gameStates.MainScreenState.update(MainScreenState.java:778)
		zombie.gameStates.GameStateMachine.update(GameStateMachine.java:65)
		zombie.GameWindow.logic(GameWindow.java:390)
		zombie.GameWindow.frameStep(GameWindow.java:790)
		zombie.GameWindow.mainThreadStep(GameWindow.java:567)
		zombie.MainThread.mainLoop(MainThread.java:69)
		java.base/java.lang.Thread.run(Unknown Source).
[14-09-26 00:40:23.003] ERROR: General      f:0 st:0> AdvancedAnimator$1.visitFileFailed> Exception thrown
	java.nio.file.NoSuchFileException: E:\pzmod\test-profile\mp-guest\mods\NeighborhoodQA\common\media\actiongroups at WindowsException.translateToIOException(null:-1).
	Stack trace:
		java.base/sun.nio.fs.WindowsException.translateToIOException(Unknown Source)
		java.base/sun.nio.fs.WindowsException.rethrowAsIOException(Unknown Source)
		java.base/sun.nio.fs.WindowsException.rethrowAsIOException(Unknown Source)
		java.base/sun.nio.fs.WindowsFileAttributeViews$Basic.readAttributes(Unknown Source)
		java.base/sun.nio.fs.WindowsFileAttributeViews$Basic.readAttributes(Unknown Source)
		java.base/sun.nio.fs.WindowsFileSystemProvider.readAttributes(Unknown Source)
		java.base/java.nio.file.Files.readAttributes(Unknown Source)
		java.base/java.nio.file.FileTreeWalker.getAttributes(Unknown Source)
		java.base/java.nio.file.FileTreeWalker.visit(Unknown Source)
		java.base/java.nio.file.FileTreeWalker.walk(Unknown Source)
		java.base/java.nio.file.Files.walkFileTree(Unknown Source)
		java.base/java.nio.file.Files.walkFileTree(Unknown Source)
		zombie.core.skinnedmodel.advancedanimation.AdvancedAnimator.searchFolders(AdvancedAnimator.java:805)
		zombie.core.skinnedmodel.advancedanimation.AdvancedAnimator.loadModMedia(AdvancedAnimator.java:869)
		zombie.core.skinnedmodel.advancedanimation.AdvancedAnimator.collectModFiles(AdvancedAnimator.java:888)
		zombie.core.skinnedmodel.advancedanimation.AdvancedAnimator.load(AdvancedAnimator.java:928)
		zombie.core.Core.ResetLua(Core.java:4193)
		zombie.gameStates.ConnectToServerState.receiveServerOptions(ConnectToServerState.java:135)
		zombie.gameStates.ConnectToServerState.Finish(ConnectToServerState.java:696)
		zombie.gameStates.ConnectToServerState.update(ConnectToServerState.java:104)
		zombie.gameStates.MainScreenState.update(MainScreenState.java:778)
		zombie.gameStates.GameStateMachine.update(GameStateMachine.java:65)
		zombie.GameWindow.logic(GameWindow.java:390)
		zombie.GameWindow.frameStep(GameWindow.java:790)
		zombie.GameWindow.mainThreadStep(GameWindow.java:567)
		zombie.MainThread.mainLoop(MainThread.java:69)
		java.base/java.lang.Thread.run(Unknown Source).
[14-09-26 00:40:23.004] ERROR: General      f:0 st:0> AdvancedAnimator$1.visitFileFailed> Exception thrown
	java.nio.file.NoSuchFileException: E:\pzmod\test-profile\mp-guest\mods\NeighborhoodQA\42\media\AnimSets at WindowsException.translateToIOException(null:-1).
	Stack trace:
		java.base/sun.nio.fs.WindowsException.translateToIOException(Unknown Source)
		java.base/sun.nio.fs.WindowsException.rethrowAsIOException(Unknown Source)
		java.base/sun.nio.fs.WindowsException.rethrowAsIOException(Unknown Source)
		java.base/sun.nio.fs.WindowsFileAttributeViews$Basic.readAttributes(Unknown Source)
		java.base/sun.nio.fs.WindowsFileAttributeViews$Basic.readAttributes(Unknown Source)
		java.base/sun.nio.fs.WindowsFileSystemProvider.readAttributes(Unknown Source)
		java.base/java.nio.file.Files.readAttributes(Unknown Source)
		java.base/java.nio.file.FileTreeWalker.getAttributes(Unknown Source)
		java.base/java.nio.file.FileTreeWalker.visit(Unknown Source)
		java.base/java.nio.file.FileTreeWalker.walk(Unknown Source)
		java.base/java.nio.file.Files.walkFileTree(Unknown Source)
		java.base/java.nio.file.Files.walkFileTree(Unknown Source)
		zombie.core.skinnedmodel.advancedanimation.AdvancedAnimator.searchFolders(AdvancedAnimator.java:805)
		zombie.core.skinnedmodel.advancedanimation.AdvancedAnimator.loadModMedia(AdvancedAnimator.java:868)
		zombie.core.skinnedmodel.advancedanimation.AdvancedAnimator.collectModFiles(AdvancedAnimator.java:889)
		zombie.core.skinnedmodel.advancedanimation.AdvancedAnimator.load(AdvancedAnimator.java:928)
		zombie.core.Core.ResetLua(Core.java:4193)
		zombie.gameStates.ConnectToServerState.receiveServerOptions(ConnectToServerState.java:135)
		zombie.gameStates.ConnectToServerState.Finish(ConnectToServerState.java:696)
		zombie.gameStates.ConnectToServerState.update(ConnectToServerState.java:104)
		zombie.gameStates.MainScreenState.update(MainScreenState.java:778)
		zombie.gameStates.GameStateMachine.update(GameStateMachine.java:65)
		zombie.GameWindow.logic(GameWindow.java:390)
		zombie.GameWindow.frameStep(GameWindow.java:790)
		zombie.GameWindow.mainThreadStep(GameWindow.java:567)
		zombie.MainThread.mainLoop(MainThread.java:69)
		java.base/java.lang.Thread.run(Unknown Source).
[14-09-26 00:40:23.004] ERROR: General      f:0 st:0> AdvancedAnimator$1.visitFileFailed> Exception thrown
	java.nio.file.NoSuchFileException: E:\pzmod\test-profile\mp-guest\mods\NeighborhoodQA\42\media\actiongroups at WindowsException.translateToIOException(null:-1).
	Stack trace:
		java.base/sun.nio.fs.WindowsException.translateToIOException(Unknown Source)
		java.base/sun.nio.fs.WindowsException.rethrowAsIOException(Unknown Source)
		java.base/sun.nio.fs.WindowsException.rethrowAsIOException(Unknown Source)
		java.base/sun.nio.fs.WindowsFileAttributeViews$Basic.readAttributes(Unknown Source)
		java.base/sun.nio.fs.WindowsFileAttributeViews$Basic.readAttributes(Unknown Source)
		java.base/sun.nio.fs.WindowsFileSystemProvider.readAttributes(Unknown Source)
		java.base/java.nio.file.Files.readAttributes(Unknown Source)
		java.base/java.nio.file.FileTreeWalker.getAttributes(Unknown Source)
		java.base/java.nio.file.FileTreeWalker.visit(Unknown Source)
		java.base/java.nio.file.FileTreeWalker.walk(Unknown Source)
		java.base/java.nio.file.Files.walkFileTree(Unknown Source)
		java.base/java.nio.file.Files.walkFileTree(Unknown Source)
		zombie.core.skinnedmodel.advancedanimation.AdvancedAnimator.searchFolders(AdvancedAnimator.java:805)
		zombie.core.skinnedmodel.advancedanimation.AdvancedAnimator.loadModMedia(AdvancedAnimator.java:869)
		zombie.core.skinnedmodel.advancedanimation.AdvancedAnimator.collectModFiles(AdvancedAnimator.java:889)
		zombie.core.skinnedmodel.advancedanimation.AdvancedAnimator.load(AdvancedAnimator.java:928)
		zombie.core.Core.ResetLua(Core.java:4193)
		zombie.gameStates.ConnectToServerState.receiveServerOptions(ConnectToServerState.java:135)
		zombie.gameStates.ConnectToServerState.Finish(ConnectToServerState.java:696)
		zombie.gameStates.ConnectToServerState.update(ConnectToServerState.java:104)
		zombie.gameStates.MainScreenState.update(MainScreenState.java:778)
		zombie.gameStates.GameStateMachine.update(GameStateMachine.java:65)
		zombie.GameWindow.logic(GameWindow.java:390)
		zombie.GameWindow.frameStep(GameWindow.java:790)
		zombie.GameWindow.mainThreadStep(GameWindow.java:567)
		zombie.MainThread.mainLoop(MainThread.java:69)
		java.base/java.lang.Thread.run(Unknown Source).
[14-09-26 00:40:25.475] WARN : Lua          f:0 st:0 at Lua(Vanilla).corpseStorageCheck     > require("ISUI/ISInventoryPaneContextMenu") failed.
[14-09-26 00:40:25.475] WARN : Lua          f:0 st:0 at Lua(Vanilla).corpseStorageCheck     > require("ISUI/ISVehicleMenu") failed.
[14-09-26 00:40:25.475] WARN : Lua          f:0 st:0 at Lua(Vanilla).corpseStorageCheck     > require("ISUI/ISContextMenu") failed.
[14-09-26 00:40:25.484] WARN : Lua          f:0 st:0 at Lua(Vanilla).ISCampingMenu          > require("Camping/CCampfireSystem") failed.
[14-09-26 00:40:25.789] WARN : Lua          f:0 st:0 at Lua(Vanilla).ISInventoryTransferUtil> require("TimedActions/ISInventoryTransferAction") failed.
[14-09-26 00:40:25.790] WARN : Lua          f:0 st:0 at Lua(Vanilla).ISInventoryTransferUtil> require("ISUI/PlayerData/ISPlayerData") failed.
[14-09-26 00:40:26.907] WARN : Lua          f:0 st:0 at Lua(Vanilla).ISAnimalContextMenu    > require("BuildingObjects/ISAnimalPickMateCursor") failed.
[14-09-26 00:40:27.010] WARN : Lua          f:0 st:0 at Lua(Vanilla).TakeSameType           > require("ISUI/InventoryWindow/ISLootWindowControlHandler") failed.
[14-09-26 00:40:27.012] WARN : Lua          f:0 st:0 at Lua(Vanilla).FloorTakeSameType      > require("ISUI/InventoryWindow/ISLootWindowControlHandler") failed.
[14-09-26 00:40:27.288] LOG  : Lua          f:0 st:0> WARN:MISSING in SettingsTable: PVPLogToolChat.
[14-09-26 00:40:27.289] LOG  : Lua          f:0 st:0> WARN:MISSING in SettingsTable: PVPLogToolFile.
[14-09-26 00:40:27.289] LOG  : Lua          f:0 st:0> WARN:MISSING in SettingsTable: ChatStreams.
[14-09-26 00:40:27.290] LOG  : Lua          f:0 st:0> WARN:MISSING in SettingsTable: SwitchZombiesOwnershipEachUpdate.
[14-09-26 00:40:27.290] LOG  : Lua          f:0 st:0> WARN:MISSING in SettingsTable: SpawnPoint.
[14-09-26 00:40:27.290] LOG  : Lua          f:0 st:0> WARN:MISSING in SettingsTable: SafetyDisconnectDelay.
[14-09-26 00:40:27.290] LOG  : Lua          f:0 st:0> WARN:MISSING in SettingsTable: Mods.
[14-09-26 00:40:27.290] LOG  : Lua          f:0 st:0> WARN:MISSING in SettingsTable: Map.
[14-09-26 00:40:27.290] LOG  : Lua          f:0 st:0> WARN:MISSING in SettingsTable: DenyLoginOnOverloadedServer.
[14-09-26 00:40:27.290] LOG  : Lua          f:0 st:0> WARN:MISSING in SettingsTable: MaxSafezoneSize.
[14-09-26 00:40:27.290] LOG  : Lua          f:0 st:0> WARN:MISSING in SettingsTable: WebhookAddress.
[14-09-26 00:40:27.291] LOG  : Lua          f:0 st:0> WARN:MISSING in SettingsTable: KnockedDownAllowed.
[14-09-26 00:40:27.291] LOG  : Lua          f:0 st:0> WARN:MISSING in SettingsTable: SneakModeHideFromOtherPlayers.
[14-09-26 00:40:27.291] LOG  : Lua          f:0 st:0> WARN:MISSING in SettingsTable: UltraSpeedDoesnotAffectToAnimals.
[14-09-26 00:40:27.291] LOG  : Lua          f:0 st:0> WARN:MISSING in SettingsTable: WorkshopItems.
[14-09-26 00:40:27.291] LOG  : Lua          f:0 st:0> WARN:MISSING in SettingsTable: SteamVAC.
[14-09-26 00:40:27.291] LOG  : Lua          f:0 st:0> WARN:MISSING in SettingsTable: LoginQueueEnabled.
[14-09-26 00:40:27.291] LOG  : Lua          f:0 st:0> WARN:MISSING in SettingsTable: LoginQueueConnectTimeout.
[14-09-26 00:40:27.291] LOG  : Lua          f:0 st:0> WARN:MISSING in SettingsTable: server_browser_announced_ip.
[14-09-26 00:40:27.292] LOG  : Lua          f:0 st:0> WARN:MISSING in SettingsTable: BanKickGlobalSound.
[14-09-26 00:40:27.292] LOG  : Lua          f:0 st:0> WARN:MISSING in SettingsTable: CarEngineAttractionModifier.
[14-09-26 00:40:27.292] LOG  : Lua          f:0 st:0> WARN:MISSING in SettingsTable: DisableVehicleTowing.
[14-09-26 00:40:27.292] LOG  : Lua          f:0 st:0> WARN:MISSING in SettingsTable: DisableTrailerTowing.
[14-09-26 00:40:27.292] LOG  : Lua          f:0 st:0> WARN:MISSING in SettingsTable: DisableBurntTowing.
[14-09-26 00:40:27.292] LOG  : Lua          f:0 st:0> WARN:MISSING in SettingsTable: BadWordListFile.
[14-09-26 00:40:27.292] LOG  : Lua          f:0 st:0> WARN:MISSING in SettingsTable: GoodWordListFile.
[14-09-26 00:40:27.292] LOG  : Lua          f:0 st:0> WARN:MISSING in SettingsTable: BadWordPolicy.
[14-09-26 00:40:27.292] LOG  : Lua          f:0 st:0> WARN:MISSING in SettingsTable: BadWordReplacement.
[14-09-26 00:40:27.292] LOG  : Lua          f:0 st:0> WARN:MISSING in SettingsTable: AntiCheatSafety.
[14-09-26 00:40:27.295] LOG  : Lua          f:0 st:0> WARN:MISSING in SettingsTable: AntiCheatSpeed.
[14-09-26 00:40:27.295] LOG  : Lua          f:0 st:0> WARN:MISSING in SettingsTable: AntiCheatNoClip.
[14-09-26 00:40:27.295] LOG  : Lua          f:0 st:0> WARN:MISSING in SettingsTable: AntiCheatHit.
[14-09-26 00:40:27.295] LOG  : Lua          f:0 st:0> WARN:MISSING in SettingsTable: AntiCheatPacketException.
[14-09-26 00:40:27.295] LOG  : Lua          f:0 st:0> WARN:MISSING in SettingsTable: AntiCheatPermission.
[14-09-26 00:40:27.295] LOG  : Lua          f:0 st:0> WARN:MISSING in SettingsTable: AntiCheatXP.
[14-09-26 00:40:27.296] LOG  : Lua          f:0 st:0> WARN:MISSING in SettingsTable: AntiCheatSafeHouse.
[14-09-26 00:40:27.296] LOG  : Lua          f:0 st:0> WARN:MISSING in SettingsTable: AntiCheatPlayer.
[14-09-26 00:40:27.296] LOG  : Lua          f:0 st:0> WARN:MISSING in SettingsTable: AntiCheatChecksum.
[14-09-26 00:40:27.296] LOG  : Lua          f:0 st:0> WARN:MISSING in SettingsTable: MultiplayerStatisticsPeriod.
[14-09-26 00:40:27.296] LOG  : Lua          f:0 st:0> WARN:MISSING in SettingsTable: DisableScoreboard.
[14-09-26 00:40:27.296] LOG  : Lua          f:0 st:0> WARN:MISSING in SettingsTable: HideAdminsInPlayerList.
[14-09-26 00:40:27.296] LOG  : Lua          f:0 st:0> WARN:MISSING in SettingsTable: MaxPacketsPerSecond.
[14-09-26 00:40:27.296] LOG  : Lua          f:0 st:0> WARN:MISSING in SettingsTable: ShowCoordinates.
[14-09-26 00:40:27.297] LOG  : Lua          f:0 st:0> WARN:MISSING in SettingsTable: Seed.
[14-09-26 00:40:27.297] LOG  : Lua          f:0 st:0> WARN:MISSING in SettingsTable: UsePhysicsHitReaction.
[14-09-26 00:40:27.297] LOG  : Lua          f:0 st:0> WARN:MISSING in SettingsTable: StartYear.
[14-09-26 00:40:27.297] LOG  : Lua          f:0 st:0> WARN:MISSING in SettingsTable: AlarmDecayModifier.
[14-09-26 00:40:27.297] LOG  : Lua          f:0 st:0> WARN:MISSING in SettingsTable: InsaneLootFactor.
[14-09-26 00:40:27.297] LOG  : Lua          f:0 st:0> WARN:MISSING in SettingsTable: ExtremeLootFactor.
[14-09-26 00:40:27.298] LOG  : Lua          f:0 st:0> WARN:MISSING in SettingsTable: RareLootFactor.
[14-09-26 00:40:27.298] LOG  : Lua          f:0 st:0> WARN:MISSING in SettingsTable: NormalLootFactor.
[14-09-26 00:40:27.298] LOG  : Lua          f:0 st:0> WARN:MISSING in SettingsTable: CommonLootFactor.
[14-09-26 00:40:27.298] LOG  : Lua          f:0 st:0> WARN:MISSING in SettingsTable: AbundantLootFactor.
[14-09-26 00:40:27.298] LOG  : Lua          f:0 st:0> WARN:MISSING in SettingsTable: Farming.
[14-09-26 00:40:27.299] LOG  : Lua          f:0 st:0> WARN:MISSING in SettingsTable: PlantAbundance.
[14-09-26 00:40:27.300] LOG  : Lua          f:0 st:0> WARN:MISSING in SettingsTable: NightLength.
[14-09-26 00:40:27.300] LOG  : Lua          f:0 st:0> WARN:MISSING in SettingsTable: AnimalMetaStatsModifier.
[14-09-26 00:40:27.397] WARN : Lua          f:0 st:0 at Lua(Vanilla).testUI                 > require("pzapi/ui/ui") failed.
[14-09-26 00:40:27.732] WARN : Lua          f:0 st:0 at Lua(Vanilla).namedColorToTable      > env.lua-> namedColorToTable color not found: ProgressYellow.
[14-09-26 00:40:27.784] LOG  : Lua          f:0 st:0> NLQA STAT HUNGER 0..1.
[14-09-26 00:40:27.784] LOG  : Lua          f:0 st:0> NLQA STAT THIRST 0..1.
[14-09-26 00:40:27.784] LOG  : Lua          f:0 st:0> NLQA STAT FATIGUE 0..1.
[14-09-26 00:40:27.784] LOG  : Lua          f:0 st:0> NLQA STAT BOREDOM 0..100.
[14-09-26 00:40:27.785] LOG  : Lua          f:0 st:0> NLQA STAT STRESS 0..1.
[14-09-26 00:40:27.785] LOG  : Lua          f:0 st:0> NLQA STAT UNHAPPINESS 0..100.
[14-09-26 00:40:27.785] LOG  : Lua          f:0 st:0> NLQA PASS: actual item/perk/stat APIs and real ISPanel journal construction.
[14-09-26 00:40:27.844] LOG  : Lua          f:0 st:0> NLQA MP CONNECTED: nl-guest.
[14-09-26 00:40:27.863] LOG  : General      f:0 st:0> STATE: exit zombie.gameStates.MainScreenState.
[14-09-26 00:40:27.863] LOG  : General      f:0 st:0> LOADED UP A TOTAL OF 613 TEXTURES.
[14-09-26 00:40:28.160] LOG  : General      f:0 st:0> STATE: exit zombie.gameStates.LoadingQueueState.
[14-09-26 00:40:28.700] LOG  : Lua          f:0 st:0> Initializing Randomized World Tabletop Clutter Tables.
[14-09-26 00:40:28.740] WARN : Lua          f:0 st:0 at Lua(Vanilla).Features               > recursive require(): E:/SteamLibrary/steamapps/common/ProjectZomboid/media/lua/server/WorldGen/WorldGen.lua.
[14-09-26 00:40:28.767] WARN : Lua          f:0 st:0 at Lua(Vanilla).Biomes                 > recursive require(): E:/SteamLibrary/steamapps/common/ProjectZomboid/media/lua/server/WorldGen/WorldGen.lua.
[14-09-26 00:40:28.780] WARN : Lua          f:0 st:0 at Lua(Vanilla).Selection              > recursive require(): E:/SteamLibrary/steamapps/common/ProjectZomboid/media/lua/server/WorldGen/WorldGen.lua.
[14-09-26 00:40:28.780] WARN : Lua          f:0 st:0 at Lua(Vanilla).Veins                  > recursive require(): E:/SteamLibrary/steamapps/common/ProjectZomboid/media/lua/server/WorldGen/WorldGen.lua.
[14-09-26 00:40:28.782] WARN : Lua          f:0 st:0 at Lua(Vanilla).Roads                  > recursive require(): E:/SteamLibrary/steamapps/common/ProjectZomboid/media/lua/server/WorldGen/WorldGen.lua.
[14-09-26 00:40:28.782] WARN : Lua          f:0 st:0 at Lua(Vanilla).WorldGen               > recursive require(): E:/SteamLibrary/steamapps/common/ProjectZomboid/media/lua/server/WorldGen/attachments/Priorities.lua.
[14-09-26 00:40:28.842] ERROR: General      f:0 st:0 at CraftRecipeComponentScript.getIconTexture> CraftRecipeComponentScript: Recipe Piano missing UiConfigScript - falling back to SpriteConfigScript first world object face for recipe icon..
[14-09-26 00:40:28.848] LOG  : General      f:0 st:0> SafeMode is off.
[14-09-26 00:40:29.076] LOG  : General      f:0 st:0> IsoMetaGrid.Create: begin scanning directories.
[14-09-26 00:40:29.082] LOG  : General      f:0 st:0> Looking in these map folders:.
[14-09-26 00:40:29.082] LOG  : General      f:0 st:0> <End of map-folders list>.
[14-09-26 00:40:29.125] LOG  : General      f:0 st:0> IsoMetaGrid.Create: X: [ -250 250 ], Y: [ -250 250 ].
[14-09-26 00:40:29.125] LOG  : General      f:0 st:0> World seed: kHvsIRSOHLqXsuzn 1479264160.
[14-09-26 00:40:29.126] LOG  : General      f:0 st:0> IsoMetaGrid.Create: finished scanning directories in 0.05 seconds.
[14-09-26 00:40:29.200] LOG  : General      f:0 st:0> IsoMetaGrid.Create: begin loading.
[14-09-26 00:40:29.201] LOG  : General      f:0 st:0> VehiclesDB2.init() start.
[14-09-26 00:40:29.259] LOG  : General      f:0 st:0> VehiclesDB2.init() end.
[14-09-26 00:40:29.260] LOG  : General      f:0 st:0> triggerEvent OnInitWorld.
[14-09-26 00:40:29.262] LOG  : General      f:0 st:0> ItemPickerJava.Parse() start.
[14-09-26 00:40:29.683] LOG  : General      f:0 st:0> ItemPickerJava.Parse() end.
[14-09-26 00:40:29.684] LOG  : General      f:0 st:0> LoadTileDefinitions start.
[14-09-26 00:40:31.692] LOG  : General      f:0 st:0> LoadTileDefinitions end.
[14-09-26 00:40:31.709] LOG  : General      f:0 st:0> triggerEvent OnLoadedTileDefinitions.
[14-09-26 00:40:31.832] LOG  : General      f:0 st:0> loadAnimalDefinitions start.
[14-09-26 00:40:31.918] LOG  : General      f:0 st:0> loadAnimalDefinitions end.
[14-09-26 00:40:31.926] LOG  : General      f:0 st:0> GameTime.init() and load() start.
[14-09-26 00:40:31.939] LOG  : General      f:0 st:0> GameTime.init() and load() end.
[14-09-26 00:40:31.939] LOG  : General      f:0 st:0> ZomboidRadio.Init() start.
[14-09-26 00:40:31.967] LOG  : General      f:0 st:0> ZomboidRadio.Init() end.
[14-09-26 00:40:31.967] LOG  : General      f:0 st:0> GlobalModData.init() start.
[14-09-26 00:40:31.968] LOG  : General      f:0 st:0> GlobalModData.init() end.
[14-09-26 00:40:31.968] LOG  : General      f:0 st:0> InstanceTracker.load() start.
[14-09-26 00:40:31.970] LOG  : General      f:0 st:0> InstanceTracker.load() end.
[14-09-26 00:40:31.970] LOG  : General      f:0 st:0> ErosionGlobals.Boot() start.
[14-09-26 00:40:32.000] LOG  : General      f:0 st:0> ErosionGlobals.Boot() end.
[14-09-26 00:40:32.000] LOG  : General      f:0 st:0> WorldDictionary.init() start.
[14-09-26 00:40:32.002] LOG  : General      f:0 st:0> WorldDictionary: Checking dictionary....
[14-09-26 00:40:32.110] LOG  : General      f:0 st:0> WorldDictionary.init() end.
[14-09-26 00:40:32.113] LOG  : General      f:0 st:0> GameEntityManager.Init() start.
[14-09-26 00:40:32.124] LOG  : General      f:0 st:0> GameEntityManager.Init() end.
[14-09-26 00:40:32.124] LOG  : General      f:0 st:0> PersistentOutfits.init() start.
[14-09-26 00:40:32.129] LOG  : General      f:0 st:0> PersistentOutfits.init() end.
[14-09-26 00:40:32.186] LOG  : General      f:0 st:0> IsoMetaGrid.Create: finished loading in 2.986 seconds.
[14-09-26 00:40:32.565] ERROR: Lua          f:0 st:0 at Lua(Vanilla).handleMannequinZone    > ERROR: Mannequin zone missing properties in media/maps/Muldraugh, KY/objects.lua coords: 13583, 1299, 0.
[14-09-26 00:40:33.392] ERROR: General      f:0 st:0 at Basements.mergeRoomsOntoMetaCell    > duplicate RoomDef.metaID for room at 10707,9484,0.
[14-09-26 00:40:33.473] LOG  : General      f:0 st:0> triggerEvent OnLoadedMapZones.
[14-09-26 00:40:33.689] LOG  : General      f:0 st:0> ItemConfigurator.Preprocess() start.
[14-09-26 00:40:33.738] LOG  : General      f:0 st:0> ItemConfigurator.Preprocess() end.
[14-09-26 00:40:33.738] LOG  : General      f:0 st:0> MapCollisionData.init() start.
[14-09-26 00:40:33.738] LOG  : General      f:0 st:0> MapCollisionData.init() end.
[14-09-26 00:40:33.738] LOG  : General      f:0 st:0> AnimalPopulationManager.init() start.
[14-09-26 00:40:33.740] LOG  : General      f:0 st:0> AnimalPopulationManager.init() end.
[14-09-26 00:40:33.740] LOG  : General      f:0 st:0> ZombiePopulationManager.init() start.
[14-09-26 00:40:33.740] LOG  : General      f:0 st:0> ZombiePopulationManager.init() end.
[14-09-26 00:40:33.740] LOG  : General      f:0 st:0> Pathfind init() start.
[14-09-26 00:40:33.757] LOG  : General      f:0 st:0> Pathfind init() end.
[14-09-26 00:40:33.761] LOG  : General      f:0 st:0> WorldStreamer.create() start.
[14-09-26 00:40:33.761] LOG  : General      f:0 st:0> WorldStreamer.create() end.
[14-09-26 00:40:33.761] LOG  : General      f:0 st:0> CellLoader.LoadCellBinaryChunk start.
[14-09-26 00:40:33.765] LOG  : General      f:0 st:0> CellLoader.LoadCellBinaryChunk start.
[14-09-26 00:40:33.765] LOG  : General      f:0 st:0> MapItem.LoadWorldMap() start.
[14-09-26 00:40:33.768] LOG  : General      f:0 st:0> MapItem.LoadWorldMap() start.
[14-09-26 00:40:33.769] LOG  : General      f:0 st:0> WorldStreamer.isBusy() loop start.
[14-09-26 00:40:35.524] LOG  : General      f:0 st:0> WorldStreamer.isBusy() loop end.
[14-09-26 00:40:37.472] LOG  : General      f:0 st:0> MetaTracker.load() start.
[14-09-26 00:40:37.472] LOG  : General      f:0 st:0> MetaTracker.load() end.
[14-09-26 00:40:37.479] LOG  : General      f:0 st:0> triggerEvent OnGameTimeLoaded.
[14-09-26 00:40:37.479] LOG  : Lua          f:0 st:0> LuaNet: Loading....
[14-09-26 00:40:37.479] LOG  : Lua          f:0 st:0> LuaNet: Registering client listener....
[14-09-26 00:40:37.479] LOG  : Lua          f:0 st:0> LuaNet: Initialization [DONE], triggering events for 'LuaNet.onInitAdd'..
[14-09-26 00:40:37.479] LOG  : General      f:0 st:0> GlobalObjects.initSystems() start.
[14-09-26 00:40:37.484] LOG  : General      f:0 st:0> GlobalObjects.initSystems() end.
[14-09-26 00:40:37.485] LOG  : General      f:0 st:0> GameWindow.save() start.
[14-09-26 00:40:37.485] LOG  : General      f:0 st:0> GameWindow.save() end.
[14-09-26 00:40:37.511] LOG  : General      f:0 st:0> bWaitForAssetLoadingToFinish2 start.
[14-09-26 00:40:50.989] LOG  : General      f:0 st:0> bWaitForAssetLoadingToFinish2 end.
[14-09-26 00:40:50.990] LOG  : General      f:0 st:0> FBORenderChunkManager.gameLoaded() start.
[14-09-26 00:40:50.992] LOG  : General      f:0 st:0> FBORenderChunkManager.gameLoaded() end.
[14-09-26 00:40:50.993] LOG  : General      f:0 st:0> Bullet.initPhysicsMeshes() start.
[14-09-26 00:40:50.997] LOG  : General      f:0 st:0> Bullet.initPhysicsMeshes() end.
[14-09-26 00:40:50.999] LOG  : General      f:0 st:0> game loading took 23 seconds.
[14-09-26 00:40:51.128] LOG  : General      f:0 st:0> STATE: exit zombie.gameStates.GameLoadingState.
[14-09-26 00:40:51.514] LOG  : Lua          f:0 st:0> 1 players found.
[14-09-26 00:40:51.515] LOG  : Lua          f:0 st:0> player 0 is mouse.
[14-09-26 00:40:51.538] LOG  : General      f:0 st:0> Game Mode: Multiplayer.
[14-09-26 00:40:51.538] LOG  : General      f:0 st:0> Sandbox Options:.
[14-09-26 00:40:51.538] LOG  : General      f:0 st:0> Zombies 4.
[14-09-26 00:40:51.538] LOG  : General      f:0 st:0> Distribution 1.
[14-09-26 00:40:51.538] LOG  : General      f:0 st:0> ZombieVoronoiNoise true.
[14-09-26 00:40:51.538] LOG  : General      f:0 st:0> ZombieRespawn 4.
[14-09-26 00:40:51.538] LOG  : General      f:0 st:0> ZombieMigrate true.
[14-09-26 00:40:51.538] LOG  : General      f:0 st:0> DayLength 4.
[14-09-26 00:40:51.538] LOG  : General      f:0 st:0> StartYear 1.
[14-09-26 00:40:51.538] LOG  : General      f:0 st:0> StartMonth 7.
[14-09-26 00:40:51.538] LOG  : General      f:0 st:0> StartDay 9.
[14-09-26 00:40:51.538] LOG  : General      f:0 st:0> StartTime 2.
[14-09-26 00:40:51.538] LOG  : General      f:0 st:0> DayNightCycle 1.
[14-09-26 00:40:51.539] LOG  : General      f:0 st:0> ClimateCycle 1.
[14-09-26 00:40:51.539] LOG  : General      f:0 st:0> FogCycle 1.
[14-09-26 00:40:51.539] LOG  : General      f:0 st:0> WaterShut 2.
[14-09-26 00:40:51.539] LOG  : General      f:0 st:0> ElecShut 2.
[14-09-26 00:40:51.539] LOG  : General      f:0 st:0> AlarmDecay 2.
[14-09-26 00:40:51.539] LOG  : General      f:0 st:0> WaterShutModifier 14.
[14-09-26 00:40:51.539] LOG  : General      f:0 st:0> ElecShutModifier 14.
[14-09-26 00:40:51.539] LOG  : General      f:0 st:0> AlarmDecayModifier 14.
[14-09-26 00:40:51.539] LOG  : General      f:0 st:0> FoodLootNew 0.8.
[14-09-26 00:40:51.539] LOG  : General      f:0 st:0> LiteratureLootNew 0.6.
[14-09-26 00:40:51.539] LOG  : General      f:0 st:0> SkillBookLoot 0.6.
[14-09-26 00:40:51.539] LOG  : General      f:0 st:0> RecipeResourceLoot 0.6.
[14-09-26 00:40:51.539] LOG  : General      f:0 st:0> MedicalLootNew 0.6.
[14-09-26 00:40:51.539] LOG  : General      f:0 st:0> SurvivalGearsLootNew 0.6.
[14-09-26 00:40:51.539] LOG  : General      f:0 st:0> CannedFoodLootNew 0.6.
[14-09-26 00:40:51.539] LOG  : General      f:0 st:0> WeaponLootNew 0.6.
[14-09-26 00:40:51.539] LOG  : General      f:0 st:0> RangedWeaponLootNew 1.2.
[14-09-26 00:40:51.539] LOG  : General      f:0 st:0> AmmoLootNew 0.6.
[14-09-26 00:40:51.539] LOG  : General      f:0 st:0> MechanicsLootNew 0.6.
[14-09-26 00:40:51.539] LOG  : General      f:0 st:0> OtherLootNew 0.8.
[14-09-26 00:40:51.540] LOG  : General      f:0 st:0> ClothingLootNew 0.6.
[14-09-26 00:40:51.540] LOG  : General      f:0 st:0> ContainerLootNew 0.6.
[14-09-26 00:40:51.540] LOG  : General      f:0 st:0> KeyLootNew 0.4.
[14-09-26 00:40:51.540] LOG  : General      f:0 st:0> MediaLootNew 0.6.
[14-09-26 00:40:51.540] LOG  : General      f:0 st:0> MementoLootNew 0.6.
[14-09-26 00:40:51.540] LOG  : General      f:0 st:0> CookwareLootNew 0.6.
[14-09-26 00:40:51.540] LOG  : General      f:0 st:0> MaterialLootNew 0.6.
[14-09-26 00:40:51.540] LOG  : General      f:0 st:0> FarmingLootNew 0.6.
[14-09-26 00:40:51.540] LOG  : General      f:0 st:0> ToolLootNew 0.6.
[14-09-26 00:40:51.540] LOG  : General      f:0 st:0> RollsMultiplier 1.0.
[14-09-26 00:40:51.540] LOG  : General      f:0 st:0> LootItemRemovalList .
[14-09-26 00:40:51.540] LOG  : General      f:0 st:0> RemoveStoryLoot false.
[14-09-26 00:40:51.540] LOG  : General      f:0 st:0> RemoveZombieLoot false.
[14-09-26 00:40:51.540] LOG  : General      f:0 st:0> ZombiePopLootEffect 0.
[14-09-26 00:40:51.540] LOG  : General      f:0 st:0> InsaneLootFactor 0.05.
[14-09-26 00:40:51.540] LOG  : General      f:0 st:0> ExtremeLootFactor 0.2.
[14-09-26 00:40:51.540] LOG  : General      f:0 st:0> RareLootFactor 0.6.
[14-09-26 00:40:51.540] LOG  : General      f:0 st:0> NormalLootFactor 1.0.
[14-09-26 00:40:51.540] LOG  : General      f:0 st:0> CommonLootFactor 2.0.
[14-09-26 00:40:51.540] LOG  : General      f:0 st:0> AbundantLootFactor 3.0.
[14-09-26 00:40:51.540] LOG  : General      f:0 st:0> Temperature 3.
[14-09-26 00:40:51.540] LOG  : General      f:0 st:0> Rain 3.
[14-09-26 00:40:51.540] LOG  : General      f:0 st:0> ErosionSpeed 4.
[14-09-26 00:40:51.540] LOG  : General      f:0 st:0> ErosionDays 0.
[14-09-26 00:40:51.540] LOG  : General      f:0 st:0> Farming 3.
[14-09-26 00:40:51.540] LOG  : General      f:0 st:0> CompostTime 2.
[14-09-26 00:40:51.540] LOG  : General      f:0 st:0> StatsDecrease 3.
[14-09-26 00:40:51.542] LOG  : General      f:0 st:0> NatureAbundance 3.
[14-09-26 00:40:51.542] LOG  : General      f:0 st:0> Alarm 4.
[14-09-26 00:40:51.542] LOG  : General      f:0 st:0> LockedHouses 6.
[14-09-26 00:40:51.542] LOG  : General      f:0 st:0> StarterKit false.
[14-09-26 00:40:51.542] LOG  : General      f:0 st:0> Nutrition true.
[14-09-26 00:40:51.542] LOG  : General      f:0 st:0> FoodRotSpeed 3.
[14-09-26 00:40:51.542] LOG  : General      f:0 st:0> FridgeFactor 3.
[14-09-26 00:40:51.542] LOG  : General      f:0 st:0> SeenHoursPreventLootRespawn 0.
[14-09-26 00:40:51.542] LOG  : General      f:0 st:0> HoursForLootRespawn 0.
[14-09-26 00:40:51.542] LOG  : General      f:0 st:0> MaxItemsForLootRespawn 5.
[14-09-26 00:40:51.542] LOG  : General      f:0 st:0> ConstructionPreventsLootRespawn true.
[14-09-26 00:40:51.542] LOG  : General      f:0 st:0> WorldItemRemovalList Base.Hat, Base.Glasses, Base.Maggots, Base.Slug, Base.Slug2, Base.Snail, Base.Worm, Base.Dung_Mouse, Base.Dung_Rat.
[14-09-26 00:40:51.542] LOG  : General      f:0 st:0> HoursForWorldItemRemoval 24.0.
[14-09-26 00:40:51.542] LOG  : General      f:0 st:0> ItemRemovalListBlacklistToggle false.
[14-09-26 00:40:51.542] LOG  : General      f:0 st:0> TimeSinceApo 1.
[14-09-26 00:40:51.542] LOG  : General      f:0 st:0> PlantResilience 3.
[14-09-26 00:40:51.542] LOG  : General      f:0 st:0> PlantAbundance 3.
[14-09-26 00:40:51.542] LOG  : General      f:0 st:0> EndRegen 3.
[14-09-26 00:40:51.542] LOG  : General      f:0 st:0> Helicopter 2.
[14-09-26 00:40:51.542] LOG  : General      f:0 st:0> MetaEvent 2.
[14-09-26 00:40:51.542] LOG  : General      f:0 st:0> SleepingEvent 1.
[14-09-26 00:40:51.542] LOG  : General      f:0 st:0> GeneratorFuelConsumption 0.1.
[14-09-26 00:40:51.542] LOG  : General      f:0 st:0> GeneratorSpawning 4.
[14-09-26 00:40:51.543] LOG  : General      f:0 st:0> AnnotatedMapChance 4.
[14-09-26 00:40:51.543] LOG  : General      f:0 st:0> CharacterFreePoints 0.
[14-09-26 00:40:51.543] LOG  : General      f:0 st:0> ConstructionBonusPoints 3.
[14-09-26 00:40:51.543] LOG  : General      f:0 st:0> NightDarkness 3.
[14-09-26 00:40:51.543] LOG  : General      f:0 st:0> NightLength 3.
[14-09-26 00:40:51.543] LOG  : General      f:0 st:0> BoneFracture true.
[14-09-26 00:40:51.543] LOG  : General      f:0 st:0> InjurySeverity 2.
[14-09-26 00:40:51.543] LOG  : General      f:0 st:0> HoursForCorpseRemoval 216.0.
[14-09-26 00:40:51.543] LOG  : General      f:0 st:0> DecayingCorpseHealthImpact 3.
[14-09-26 00:40:51.543] LOG  : General      f:0 st:0> ZombieHealthImpact false.
[14-09-26 00:40:51.543] LOG  : General      f:0 st:0> BloodLevel 3.
[14-09-26 00:40:51.543] LOG  : General      f:0 st:0> ClothingDegradation 3.
[14-09-26 00:40:51.543] LOG  : General      f:0 st:0> FireSpread true.
[14-09-26 00:40:51.543] LOG  : General      f:0 st:0> DaysForRottenFoodRemoval -1.
[14-09-26 00:40:51.543] LOG  : General      f:0 st:0> AllowExteriorGenerator true.
[14-09-26 00:40:51.543] LOG  : General      f:0 st:0> MaxFogIntensity 1.
[14-09-26 00:40:51.543] LOG  : General      f:0 st:0> MaxRainFxIntensity 1.
[14-09-26 00:40:51.543] LOG  : General      f:0 st:0> EnableSnowOnGround true.
[14-09-26 00:40:51.543] LOG  : General      f:0 st:0> AttackBlockMovements true.
[14-09-26 00:40:51.543] LOG  : General      f:0 st:0> SurvivorHouseChance 3.
[14-09-26 00:40:51.543] LOG  : General      f:0 st:0> VehicleStoryChance 3.
[14-09-26 00:40:51.543] LOG  : General      f:0 st:0> ZoneStoryChance 3.
[14-09-26 00:40:51.544] LOG  : General      f:0 st:0> AllClothesUnlocked false.
[14-09-26 00:40:51.544] LOG  : General      f:0 st:0> EnableTaintedWaterText true.
[14-09-26 00:40:51.544] LOG  : General      f:0 st:0> EnableVehicles true.
[14-09-26 00:40:51.544] LOG  : General      f:0 st:0> CarSpawnRate 3.
[14-09-26 00:40:51.544] LOG  : General      f:0 st:0> ZombieAttractionMultiplier 1.0.
[14-09-26 00:40:51.544] LOG  : General      f:0 st:0> VehicleEasyUse false.
[14-09-26 00:40:51.544] LOG  : General      f:0 st:0> InitialGas 2.
[14-09-26 00:40:51.544] LOG  : General      f:0 st:0> FuelStationGasInfinite false.
[14-09-26 00:40:51.544] LOG  : General      f:0 st:0> FuelStationGasMin 0.0.
[14-09-26 00:40:51.544] LOG  : General      f:0 st:0> FuelStationGasMax 0.8.
[14-09-26 00:40:51.544] LOG  : General      f:0 st:0> FuelStationGasEmptyChance 20.
[14-09-26 00:40:51.544] LOG  : General      f:0 st:0> LockedCar 4.
[14-09-26 00:40:51.544] LOG  : General      f:0 st:0> CarGasConsumption 1.0.
[14-09-26 00:40:51.544] LOG  : General      f:0 st:0> CarGeneralCondition 3.
[14-09-26 00:40:51.544] LOG  : General      f:0 st:0> CarDamageOnImpact 3.
[14-09-26 00:40:51.544] LOG  : General      f:0 st:0> DamageToPlayerFromHitByACar 1.
[14-09-26 00:40:51.544] LOG  : General      f:0 st:0> TrafficJam true.
[14-09-26 00:40:51.544] LOG  : General      f:0 st:0> CarAlarm 3.
[14-09-26 00:40:51.544] LOG  : General      f:0 st:0> PlayerDamageFromCrash true.
[14-09-26 00:40:51.544] LOG  : General      f:0 st:0> SirenShutoffHours 0.0.
[14-09-26 00:40:51.544] LOG  : General      f:0 st:0> ChanceHasGas 2.
[14-09-26 00:40:51.544] LOG  : General      f:0 st:0> RecentlySurvivorVehicles 2.
[14-09-26 00:40:51.544] LOG  : General      f:0 st:0> MultiHitZombies false.
[14-09-26 00:40:51.544] LOG  : General      f:0 st:0> RearVulnerability 3.
[14-09-26 00:40:51.545] LOG  : General      f:0 st:0> SirenEffectsZombies true.
[14-09-26 00:40:51.545] LOG  : General      f:0 st:0> AnimalStatsModifier 4.
[14-09-26 00:40:51.545] LOG  : General      f:0 st:0> AnimalMetaStatsModifier 4.
[14-09-26 00:40:51.545] LOG  : General      f:0 st:0> AnimalPregnancyTime 4.
[14-09-26 00:40:51.545] LOG  : General      f:0 st:0> AnimalAgeModifier 4.
[14-09-26 00:40:51.545] LOG  : General      f:0 st:0> AnimalMilkIncModifier 4.
[14-09-26 00:40:51.545] LOG  : General      f:0 st:0> AnimalWoolIncModifier 4.
[14-09-26 00:40:51.545] LOG  : General      f:0 st:0> AnimalRanchChance 5.
[14-09-26 00:40:51.545] LOG  : General      f:0 st:0> AnimalGrassRegrowTime 240.
[14-09-26 00:40:51.545] LOG  : General      f:0 st:0> AnimalMetaPredator false.
[14-09-26 00:40:51.545] LOG  : General      f:0 st:0> AnimalMatingSeason true.
[14-09-26 00:40:51.545] LOG  : General      f:0 st:0> AnimalEggHatch 4.
[14-09-26 00:40:51.545] LOG  : General      f:0 st:0> AnimalSoundAttractZombies true.
[14-09-26 00:40:51.545] LOG  : General      f:0 st:0> AnimalTrackChance 4.
[14-09-26 00:40:51.545] LOG  : General      f:0 st:0> AnimalPathChance 4.
[14-09-26 00:40:51.545] LOG  : General      f:0 st:0> MaximumRatIndex 25.
[14-09-26 00:40:51.545] LOG  : General      f:0 st:0> DaysUntilMaximumRatIndex 90.
[14-09-26 00:40:51.545] LOG  : General      f:0 st:0> MetaKnowledge 3.
[14-09-26 00:40:51.545] LOG  : General      f:0 st:0> SeeNotLearntRecipe true.
[14-09-26 00:40:51.545] LOG  : General      f:0 st:0> MaximumLootedBuildingRooms 50.
[14-09-26 00:40:51.545] LOG  : General      f:0 st:0> EnablePoisoning 1.
[14-09-26 00:40:51.545] LOG  : General      f:0 st:0> MaggotSpawn 1.
[14-09-26 00:40:51.545] LOG  : General      f:0 st:0> LightBulbLifespan 2.0.
[14-09-26 00:40:51.546] LOG  : General      f:0 st:0> FishAbundance 2.
[14-09-26 00:40:51.546] LOG  : General      f:0 st:0> LevelForMediaXPCutoff 3.
[14-09-26 00:40:51.546] LOG  : General      f:0 st:0> LevelForDismantleXPCutoff 0.
[14-09-26 00:40:51.546] LOG  : General      f:0 st:0> BloodSplatLifespanDays 0.
[14-09-26 00:40:51.546] LOG  : General      f:0 st:0> LiteratureCooldown 45.
[14-09-26 00:40:51.546] LOG  : General      f:0 st:0> NegativeTraitsPenalty 1.
[14-09-26 00:40:51.546] LOG  : General      f:0 st:0> MinutesPerPage 2.0.
[14-09-26 00:40:51.546] LOG  : General      f:0 st:0> KillInsideCrops true.
[14-09-26 00:40:51.546] LOG  : General      f:0 st:0> PlantGrowingSeasons true.
[14-09-26 00:40:51.546] LOG  : General      f:0 st:0> PlaceDirtAboveground false.
[14-09-26 00:40:51.546] LOG  : General      f:0 st:0> FarmingSpeedNew 1.0.
[14-09-26 00:40:51.546] LOG  : General      f:0 st:0> FarmingAmountNew 1.0.
[14-09-26 00:40:51.546] LOG  : General      f:0 st:0> MaximumLooted 25.
[14-09-26 00:40:51.546] LOG  : General      f:0 st:0> DaysUntilMaximumLooted 90.
[14-09-26 00:40:51.546] LOG  : General      f:0 st:0> RuralLooted 0.5.
[14-09-26 00:40:51.546] LOG  : General      f:0 st:0> MaximumDiminishedLoot 20.
[14-09-26 00:40:51.546] LOG  : General      f:0 st:0> DaysUntilMaximumDiminishedLoot 3650.
[14-09-26 00:40:51.547] LOG  : General      f:0 st:0> MuscleStrainFactor 0.7.
[14-09-26 00:40:51.547] LOG  : General      f:0 st:0> DiscomfortFactor 0.8.
[14-09-26 00:40:51.547] LOG  : General      f:0 st:0> WoundInfectionFactor 1.0.
[14-09-26 00:40:51.547] LOG  : General      f:0 st:0> NoBlackClothes true.
[14-09-26 00:40:51.547] LOG  : General      f:0 st:0> EasyClimbing false.
[14-09-26 00:40:51.547] LOG  : General      f:0 st:0> MaximumFireFuelHours 8.
[14-09-26 00:40:51.547] LOG  : General      f:0 st:0> FirearmUseDamageChance 2.
[14-09-26 00:40:51.547] LOG  : General      f:0 st:0> FirearmNoiseMultiplier 1.0.
[14-09-26 00:40:51.547] LOG  : General      f:0 st:0> FirearmJamMultiplier 1.0.
[14-09-26 00:40:51.547] LOG  : General      f:0 st:0> FirearmMoodleMultiplier 1.0.
[14-09-26 00:40:51.547] LOG  : General      f:0 st:0> FirearmWeatherMultiplier 1.0.
[14-09-26 00:40:51.547] LOG  : General      f:0 st:0> FirearmHeadGearEffect true.
[14-09-26 00:40:51.547] LOG  : General      f:0 st:0> ClayLakeChance 0.05.
[14-09-26 00:40:51.547] LOG  : General      f:0 st:0> ClayRiverChance 0.05.
[14-09-26 00:40:51.547] LOG  : General      f:0 st:0> GeneratorTileRange 20.
[14-09-26 00:40:51.547] LOG  : General      f:0 st:0> GeneratorVerticalPowerRange 3.
[14-09-26 00:40:51.547] LOG  : General      f:0 st:0> SpawnFrequency 4.
[14-09-26 00:40:51.547] LOG  : General      f:0 st:0> AllowMiniMap false.
[14-09-26 00:40:51.547] LOG  : General      f:0 st:0> AllowWorldMap true.
[14-09-26 00:40:51.547] LOG  : General      f:0 st:0> MapAllKnown false.
[14-09-26 00:40:51.547] LOG  : General      f:0 st:0> MapNeedsLight true.
[14-09-26 00:40:51.548] LOG  : General      f:0 st:0> Speed 4.
[14-09-26 00:40:51.548] LOG  : General      f:0 st:0> SprinterPercentage 0.
[14-09-26 00:40:51.548] LOG  : General      f:0 st:0> Strength 2.
[14-09-26 00:40:51.548] LOG  : General      f:0 st:0> Toughness 4.
[14-09-26 00:40:51.548] LOG  : General      f:0 st:0> Transmission 1.
[14-09-26 00:40:51.548] LOG  : General      f:0 st:0> Mortality 5.
[14-09-26 00:40:51.548] LOG  : General      f:0 st:0> Reanimate 3.
[14-09-26 00:40:51.548] LOG  : General      f:0 st:0> Cognition 3.
[14-09-26 00:40:51.548] LOG  : General      f:0 st:0> DoorOpeningPercentage 0.
[14-09-26 00:40:51.548] LOG  : General      f:0 st:0> CrawlUnderVehicle 5.
[14-09-26 00:40:51.548] LOG  : General      f:0 st:0> Memory 2.
[14-09-26 00:40:51.548] LOG  : General      f:0 st:0> Sight 5.
[14-09-26 00:40:51.548] LOG  : General      f:0 st:0> Hearing 5.
[14-09-26 00:40:51.548] LOG  : General      f:0 st:0> SpottedLogic true.
[14-09-26 00:40:51.548] LOG  : General      f:0 st:0> ThumpNoChasing false.
[14-09-26 00:40:51.548] LOG  : General      f:0 st:0> ThumpOnConstruction true.
[14-09-26 00:40:51.548] LOG  : General      f:0 st:0> ActiveOnly 1.
[14-09-26 00:40:51.548] LOG  : General      f:0 st:0> TriggerHouseAlarm true.
[14-09-26 00:40:51.548] LOG  : General      f:0 st:0> ZombiesDragDown true.
[14-09-26 00:40:51.548] LOG  : General      f:0 st:0> ZombiesCrawlersDragDown false.
[14-09-26 00:40:51.548] LOG  : General      f:0 st:0> ZombiesFenceLunge true.
[14-09-26 00:40:51.548] LOG  : General      f:0 st:0> ZombiesArmorFactor 2.0.
[14-09-26 00:40:51.548] LOG  : General      f:0 st:0> ZombiesMaxDefense 85.
[14-09-26 00:40:51.548] LOG  : General      f:0 st:0> ChanceOfAttachedWeapon 6.
[14-09-26 00:40:51.549] LOG  : General      f:0 st:0> ZombiesFallDamage 1.0.
[14-09-26 00:40:51.549] LOG  : General      f:0 st:0> DisableFakeDead 1.
[14-09-26 00:40:51.549] LOG  : General      f:0 st:0> PlayerSpawnZombieRemoval 1.
[14-09-26 00:40:51.549] LOG  : General      f:0 st:0> FenceThumpersRequired 25.
[14-09-26 00:40:51.549] LOG  : General      f:0 st:0> FenceDamageMultiplier 1.0.
[14-09-26 00:40:51.549] LOG  : General      f:0 st:0> PopulationMultiplier 0.65.
[14-09-26 00:40:51.549] LOG  : General      f:0 st:0> PopulationStartMultiplier 1.0.
[14-09-26 00:40:51.549] LOG  : General      f:0 st:0> PopulationPeakMultiplier 1.5.
[14-09-26 00:40:51.549] LOG  : General      f:0 st:0> PopulationPeakDay 28.
[14-09-26 00:40:51.549] LOG  : General      f:0 st:0> RespawnHours 0.0.
[14-09-26 00:40:51.549] LOG  : General      f:0 st:0> RespawnUnseenHours 0.0.
[14-09-26 00:40:51.549] LOG  : General      f:0 st:0> RespawnMultiplier 0.0.
[14-09-26 00:40:51.549] LOG  : General      f:0 st:0> RedistributeHours 12.0.
[14-09-26 00:40:51.549] LOG  : General      f:0 st:0> FollowSoundDistance 100.
[14-09-26 00:40:51.549] LOG  : General      f:0 st:0> RallyGroupSize 20.
[14-09-26 00:40:51.549] LOG  : General      f:0 st:0> RallyGroupSizeVariance 50.
[14-09-26 00:40:51.549] LOG  : General      f:0 st:0> RallyTravelDistance 20.
[14-09-26 00:40:51.549] LOG  : General      f:0 st:0> RallyGroupSeparation 15.
[14-09-26 00:40:51.549] LOG  : General      f:0 st:0> RallyGroupRadius 3.
[14-09-26 00:40:51.549] LOG  : General      f:0 st:0> ZombiesCountBeforeDelete 300.
[14-09-26 00:40:51.549] LOG  : General      f:0 st:0> Global 1.0.
[14-09-26 00:40:51.549] LOG  : General      f:0 st:0> GlobalToggle true.
[14-09-26 00:40:51.549] LOG  : General      f:0 st:0> Fitness 1.0.
[14-09-26 00:40:51.550] LOG  : General      f:0 st:0> Strength 1.0.
[14-09-26 00:40:51.550] LOG  : General      f:0 st:0> Sprinting 1.0.
[14-09-26 00:40:51.550] LOG  : General      f:0 st:0> Lightfoot 1.0.
[14-09-26 00:40:51.550] LOG  : General      f:0 st:0> Nimble 1.0.
[14-09-26 00:40:51.550] LOG  : General      f:0 st:0> Sneak 1.0.
[14-09-26 00:40:51.550] LOG  : General      f:0 st:0> Axe 1.0.
[14-09-26 00:40:51.550] LOG  : General      f:0 st:0> Blunt 1.0.
[14-09-26 00:40:51.550] LOG  : General      f:0 st:0> SmallBlunt 1.0.
[14-09-26 00:40:51.550] LOG  : General      f:0 st:0> LongBlade 1.0.
[14-09-26 00:40:51.550] LOG  : General      f:0 st:0> SmallBlade 1.0.
[14-09-26 00:40:51.550] LOG  : General      f:0 st:0> Spear 1.0.
[14-09-26 00:40:51.550] LOG  : General      f:0 st:0> Maintenance 1.0.
[14-09-26 00:40:51.550] LOG  : General      f:0 st:0> Woodwork 1.0.
[14-09-26 00:40:51.550] LOG  : General      f:0 st:0> Cooking 1.0.
[14-09-26 00:40:51.550] LOG  : General      f:0 st:0> Farming 1.0.
[14-09-26 00:40:51.550] LOG  : General      f:0 st:0> Doctor 1.0.
[14-09-26 00:40:51.550] LOG  : General      f:0 st:0> Electricity 1.0.
[14-09-26 00:40:51.550] LOG  : General      f:0 st:0> MetalWelding 1.0.
[14-09-26 00:40:51.550] LOG  : General      f:0 st:0> Mechanics 1.0.
[14-09-26 00:40:51.550] LOG  : General      f:0 st:0> Tailoring 1.0.
[14-09-26 00:40:51.550] LOG  : General      f:0 st:0> Aiming 1.0.
[14-09-26 00:40:51.550] LOG  : General      f:0 st:0> Reloading 1.0.
[14-09-26 00:40:51.550] LOG  : General      f:0 st:0> Fishing 1.0.
[14-09-26 00:40:51.551] LOG  : General      f:0 st:0> Trapping 1.0.
[14-09-26 00:40:51.551] LOG  : General      f:0 st:0> PlantScavenging 1.0.
[14-09-26 00:40:51.551] LOG  : General      f:0 st:0> FlintKnapping 1.0.
[14-09-26 00:40:51.551] LOG  : General      f:0 st:0> Masonry 1.0.
[14-09-26 00:40:51.551] LOG  : General      f:0 st:0> Pottery 1.0.
[14-09-26 00:40:51.551] LOG  : General      f:0 st:0> Carving 1.0.
[14-09-26 00:40:51.551] LOG  : General      f:0 st:0> Husbandry 1.0.
[14-09-26 00:40:51.551] LOG  : General      f:0 st:0> Tracking 1.0.
[14-09-26 00:40:51.551] LOG  : General      f:0 st:0> Blacksmith 1.0.
[14-09-26 00:40:51.551] LOG  : General      f:0 st:0> Butchering 1.0.
[14-09-26 00:40:51.551] LOG  : General      f:0 st:0> Glassmaking 1.0.
[14-09-26 00:40:52.055] LOG  : General      f:0 st:0> binkId: 3.
[14-09-26 00:40:52.056] LOG  : Lua          f:0 st:0> NLQA MP CLIENT START: username=nl-guest isClient=true isServer=false.
[14-09-26 00:40:52.059] LOG  : General      f:0 st:0> Waiting for player-connect response from server.
[14-09-26 00:40:52.070] LOG  : Network      f:0 st:0> Processing delayed packets....
[14-09-26 00:40:52.091] LOG  : Lua          f:0 st:212,768,134> LuaNet: Loading....
[14-09-26 00:40:52.092] WARN : General      f:0 st:212,768,134 at ConnectedPacket.parse               > ReceivePlayerConnect: guid=166633398890736747 mtu=1492.
[14-09-26 00:40:52.560] LOG  : Lua          f:1 st:212,768,603> NLQA MP PRESENCE: revision=1789360852419 players=2 names=nl-host@8282.50,11720.50,1,nl-guest@8469.50,11558.50,1.
[14-09-26 00:40:52.579] LOG  : Lua          f:1 st:212,768,622> NLQA MP NPC PRESENCE: revision=1789360852419 count=3 entries=marisol@8277.57,11696.33,0/w1,kenji@8282.01,11719.99,0/w2,amara@8283.01,11718.99,0/w2.
[14-09-26 00:40:55.183] LOG  : Lua          f:119 st:212,771,226> NLQA MP REFRESH SENT: attempt=1 player=nl-guest.
[14-09-26 00:40:55.210] LOG  : Lua          f:120 st:212,771,253> NLQA MP SNAPSHOT: username=nl-guest revision=17 snapshotCount=1 message=Updated.
[14-09-26 00:40:55.210] LOG  : Lua          f:120 st:212,771,253> NLQA MP PRESENCE: revision=1789360855198 players=2 names=nl-host@8282.50,11720.50,1,nl-guest@8469.50,11558.50,1.
[14-09-26 00:40:55.210] LOG  : Lua          f:120 st:212,771,253> NLQA MP NPC PRESENCE: revision=1789360855198 count=3 entries=marisol@8277.55,11696.25,0/w1,kenji@8281.95,11720.05,0/w2,amara@8282.95,11719.05,0/w2.
[14-09-26 00:40:57.443] LOG  : Lua          f:254 st:212,773,486> NLQA MP PRESENCE: revision=1789360857429 players=2 names=nl-host@8282.50,11720.50,1,nl-guest@8469.50,11558.50,1.
[14-09-26 00:40:57.443] LOG  : Lua          f:254 st:212,773,486> NLQA MP NPC PRESENCE: revision=1789360857429 count=3 entries=marisol@8277.55,11696.25,0/w1,kenji@8281.95,11720.05,0/w2,amara@8282.95,11719.05,0/w2.
[14-09-26 00:40:58.181] LOG  : Lua          f:299 st:212,774,224> NLQA MP REMOTE SCAN: IsoPlayerCount=4 [local=nl-guest] GameClient=unavailable RemoteSurvivorsCount=0 [] ObjectListForLuaCount=37 [username=Kenji Arakawa [Neighborhood Life] x=8282.00 y=11719.00 z=0 | username=Marisol Vega [Neighborhood Life] x=8277.00 y=11696.00 z=0 | username=Amara Okonkwo [Neighborhood Life] x=8283.00 y=11718.00 z=0 | local=nl-guest] productionNpcReplicas=3 productionHouseholdFurnishings=0 OnlinePlayersCount=1 [local=nl-guest] productionRemoteMarkers=0 productionPresenceMarkers=1 productionNpcNativePaths=3 productionNpcFallbackReplicas=0.
[14-09-26 00:40:58.210] LOG  : Lua          f:300 st:212,774,253> NLQA MP PRESENCE: revision=1789360858194 players=2 names=nl-host@8282.50,11720.50,1,nl-guest@8469.50,11558.50,1.
[14-09-26 00:40:58.210] LOG  : Lua          f:300 st:212,774,253> NLQA MP NPC PRESENCE: revision=1789360858194 count=3 entries=marisol@8277.53,11696.17,0/w1,kenji@8281.90,11720.10,0/w2,amara@8282.90,11719.10,0/w2.
[14-09-26 00:41:02.460] LOG  : Lua          f:555 st:212,778,503> NLQA MP PRESENCE: revision=1789360862436 players=2 names=nl-host@8282.50,11720.50,1,nl-guest@8469.50,11558.50,1.
[14-09-26 00:41:02.461] LOG  : Lua          f:555 st:212,778,503> NLQA MP NPC PRESENCE: revision=1789360862436 count=3 entries=marisol@8277.52,11696.09,0/w1,kenji@8281.84,11720.16,0/w2,amara@8282.84,11719.16,0/w2.
[14-09-26 00:41:03.183] LOG  : Lua          f:599 st:212,779,226> NLQA MP REMOTE SCAN: IsoPlayerCount=4 [local=nl-guest] GameClient=unavailable RemoteSurvivorsCount=0 [] ObjectListForLuaCount=37 [username=Kenji Arakawa [Neighborhood Life] x=8282.00 y=11719.00 z=0 | username=Marisol Vega [Neighborhood Life] x=8277.00 y=11696.00 z=0 | username=Amara Okonkwo [Neighborhood Life] x=8283.00 y=11718.00 z=0 | local=nl-guest] productionNpcReplicas=3 productionHouseholdFurnishings=0 OnlinePlayersCount=1 [local=nl-guest] productionRemoteMarkers=0 productionPresenceMarkers=1 productionNpcNativePaths=3 productionNpcFallbackReplicas=0.
[14-09-26 00:41:03.210] LOG  : Lua          f:600 st:212,779,253> NLQA MP PRESENCE: revision=1789360863197 players=2 names=nl-host@8282.50,11720.50,1,nl-guest@8469.50,11558.50,1.
[14-09-26 00:41:03.210] LOG  : Lua          f:600 st:212,779,253> NLQA MP NPC PRESENCE: revision=1789360863197 count=3 entries=marisol@8277.52,11696.09,0/w1,kenji@8281.84,11720.16,0/w2,amara@8282.84,11719.16,0/w2.
[14-09-26 00:41:03.593] LOG  : Lua          f:623 st:212,779,636> NLQA MP NPC PRESENCE: revision=1789360863573 count=3 entries=marisol@8277.52,11696.09,0/w1,kenji@8281.84,11720.16,0/w2,amara@8282.84,11719.16,0/w2.
[14-09-26 00:41:05.127] LOG  : Lua          f:715 st:212,781,170> NLQA MP PRESENCE: revision=1789360865114 players=2 names=nl-host@8282.50,11720.50,1,nl-guest@8469.50,11558.50,1.
[14-09-26 00:41:05.127] LOG  : Lua          f:715 st:212,781,170> NLQA MP NPC PRESENCE: revision=1789360865114 count=3 entries=marisol@8277.50,11696.02,0/w1,kenji@8281.78,11720.22,0/w2,amara@8282.78,11719.22,0/w2.
[14-09-26 00:41:05.643] LOG  : Lua          f:746 st:212,781,686> NLQA MP PRESENCE: revision=1789360865628 players=2 names=nl-host@8282.50,11720.50,1,nl-guest@8469.50,11558.50,1.
[14-09-26 00:41:05.644] LOG  : Lua          f:746 st:212,781,686> NLQA MP NPC PRESENCE: revision=1789360865628 count=3 entries=marisol@8277.50,11696.02,0/w1,kenji@8281.78,11720.22,0/w2,amara@8282.78,11719.22,0/w2.
[14-09-26 00:41:06.193] LOG  : Lua          f:779 st:212,782,236> NLQA MP HOUSEHOLD INVITE: from=nl-host id=home:nl-host.
[14-09-26 00:41:06.193] LOG  : Lua          f:779 st:212,782,236> NLQA MP HOUSEHOLD ACCEPT: shared home.
[14-09-26 00:41:06.193] LOG  : Lua          f:779 st:212,782,236> NLQA MP HOUSEHOLD SNAPSHOT: username=nl-guest members=0 furnishing=nil furnishingTile=nil,nil,nil message=Household invitation received.
[14-09-26 00:41:06.226] LOG  : Lua          f:781 st:212,782,269> NLQA HOUSEHOLD FURNISHING CLIENT: SKIP reason=no-square.
[14-09-26 00:41:06.227] LOG  : Lua          f:781 st:212,782,270> NLQA MP HOUSEHOLD SNAPSHOT: username=nl-guest members=2 furnishing=storage furnishingTile=8282,11720,1 message=nl-guest joined the household.
[14-09-26 00:41:06.227] LOG  : Lua          f:781 st:212,782,270> NLQA MP HOUSEHOLD JOIN RESULT: shared home members=2.
[14-09-26 00:41:07.227] LOG  : Lua          f:841 st:212,783,270> NLQA HOUSEHOLD FURNISHING CLIENT: SKIP reason=no-square.
[14-09-26 00:41:07.227] LOG  : Lua          f:841 st:212,783,270> NLQA MP HOUSEHOLD SNAPSHOT: username=nl-guest members=2 furnishing=storage furnishingTile=8282,11720,1 message=nl-host updated shared storage.
[14-09-26 00:41:07.227] LOG  : Lua          f:841 st:212,783,270> NLQA MP HOUSEHOLD RETRIEVE: Base.RippedSheets x1.
[14-09-26 00:41:07.260] LOG  : Lua          f:843 st:212,783,303> NLQA HOUSEHOLD FURNISHING CLIENT: SKIP reason=no-square.
[14-09-26 00:41:07.260] LOG  : Lua          f:843 st:212,783,303> NLQA MP HOUSEHOLD SNAPSHOT: username=nl-guest members=2 furnishing=storage furnishingTile=8282,11720,1 message=nl-guest updated shared storage.
[14-09-26 00:41:07.260] LOG  : Lua          f:843 st:212,783,303> NLQA MP HOUSEHOLD RETRIEVE RESULT: nl-guest updated shared storage.
[14-09-26 00:41:07.460] LOG  : Lua          f:855 st:212,783,503> NLQA MP PRESENCE: revision=1789360867433 players=2 names=nl-host@8282.50,11720.50,1,nl-guest@8469.50,11558.50,1.
[14-09-26 00:41:07.460] LOG  : Lua          f:855 st:212,783,503> NLQA MP NPC PRESENCE: revision=1789360867433 count=3 entries=marisol@8277.48,11695.94,0/w1,kenji@8281.73,11720.27,0/w2,amara@8282.73,11719.27,0/w2.
[14-09-26 00:41:08.181] LOG  : Lua          f:899 st:212,784,224> NLQA MP SOCIAL REFRESH: nl-guest.
[14-09-26 00:41:08.181] LOG  : Lua          f:899 st:212,784,224> NLQA MP REMOTE SCAN: IsoPlayerCount=4 [local=nl-guest] GameClient=unavailable RemoteSurvivorsCount=0 [] ObjectListForLuaCount=37 [username=Kenji Arakawa [Neighborhood Life] x=8282.00 y=11719.00 z=0 | username=Marisol Vega [Neighborhood Life] x=8277.00 y=11696.00 z=0 | username=Amara Okonkwo [Neighborhood Life] x=8283.00 y=11718.00 z=0 | local=nl-guest] productionNpcReplicas=3 productionHouseholdFurnishings=0 OnlinePlayersCount=1 [local=nl-guest] productionRemoteMarkers=0 productionPresenceMarkers=1 productionNpcNativePaths=3 productionNpcFallbackReplicas=0.
[14-09-26 00:41:08.210] LOG  : Lua          f:900 st:212,784,253> NLQA MP PRESENCE: revision=1789360868190 players=2 names=nl-host@8282.50,11720.50,1,nl-guest@8469.50,11558.50,1.
[14-09-26 00:41:08.210] LOG  : Lua          f:900 st:212,784,253> NLQA MP NPC PRESENCE: revision=1789360868190 count=3 entries=marisol@8277.48,11695.94,0/w1,kenji@8281.73,11720.27,0/w2,amara@8282.73,11719.27,0/w2.
[14-09-26 00:41:08.210] LOG  : Lua          f:900 st:212,784,253> NLQA MP SOCIAL SNAPSHOT: message=Updated username=nl-guest entries=marisol/canInteract=false/met=false/friendship=0,kenji/canInteract=false/met=false/friendship=0,amara/canInteract=false/met=false/friendship=0.
[14-09-26 00:41:08.217] LOG  : Lua          f:901 st:212,784,261> NLQA MP SOCIAL ACTION: guest refresh-only; no local interaction stimulus.
[14-09-26 00:41:08.277] LOG  : Lua          f:904 st:212,784,319> NLQA HOUSEHOLD FURNISHING CLIENT: SKIP reason=no-square.
[14-09-26 00:41:08.277] LOG  : Lua          f:904 st:212,784,320> NLQA MP HOUSEHOLD SNAPSHOT: username=nl-guest members=2 furnishing=storage furnishingTile=8282,11720,1 message=Tidy shared home complete: +5 credits.
[14-09-26 00:41:12.443] LOG  : Lua          f:1154 st:212,788,486> NLQA MP PRESENCE: revision=1789360872431 players=2 names=nl-host@8282.50,11720.50,1,nl-guest@8469.50,11558.50,1.
[14-09-26 00:41:12.443] LOG  : Lua          f:1154 st:212,788,486> NLQA MP NPC PRESENCE: revision=1789360872431 count=3 entries=marisol@8277.46,11695.86,0/w1,kenji@8281.67,11720.33,0/w2,amara@8282.67,11719.33,0/w2.
[14-09-26 00:41:13.180] LOG  : Lua          f:1199 st:212,789,223> NLQA MP REMOTE SCAN: IsoPlayerCount=4 [local=nl-guest] GameClient=unavailable RemoteSurvivorsCount=0 [] ObjectListForLuaCount=37 [username=Kenji Arakawa [Neighborhood Life] x=8282.00 y=11719.00 z=0 | username=Marisol Vega [Neighborhood Life] x=8277.00 y=11696.00 z=0 | username=Amara Okonkwo [Neighborhood Life] x=8283.00 y=11718.00 z=0 | local=nl-guest] productionNpcReplicas=3 productionHouseholdFurnishings=0 OnlinePlayersCount=1 [local=nl-guest] productionRemoteMarkers=0 productionPresenceMarkers=1 productionNpcNativePaths=3 productionNpcFallbackReplicas=0.
[14-09-26 00:41:13.210] LOG  : Lua          f:1200 st:212,789,253> NLQA MP PRESENCE: revision=1789360873191 players=2 names=nl-host@8282.50,11720.50,1,nl-guest@8469.50,11558.50,1.
[14-09-26 00:41:13.210] LOG  : Lua          f:1200 st:212,789,253> NLQA MP NPC PRESENCE: revision=1789360873191 count=3 entries=marisol@8277.45,11695.78,0/w1,kenji@8281.61,11720.39,0/w2,amara@8282.61,11719.39,0/w2.
[14-09-26 00:41:15.593] LOG  : Lua          f:1343 st:212,791,636> NLQA MP NPC PRESENCE: revision=1789360875572 count=3 entries=marisol@8277.45,11695.78,0/w1,kenji@8281.61,11720.39,0/w2,amara@8282.61,11719.39,0/w2.
[14-09-26 00:41:17.444] LOG  : Lua          f:1454 st:212,793,486> NLQA MP PRESENCE: revision=1789360877430 players=2 names=nl-host@8282.50,11720.50,1,nl-guest@8469.50,11558.50,1.
[14-09-26 00:41:17.444] LOG  : Lua          f:1454 st:212,793,486> NLQA MP NPC PRESENCE: revision=1789360877430 count=3 entries=marisol@8277.43,11695.70,0/w1,kenji@8281.56,11720.44,0/w1,amara@8282.56,11719.44,0/w1.
[14-09-26 00:41:18.180] LOG  : Lua          f:1499 st:212,794,223> NLQA MP REMOTE SCAN: IsoPlayerCount=4 [local=nl-guest] GameClient=unavailable RemoteSurvivorsCount=0 [] ObjectListForLuaCount=37 [username=Kenji Arakawa [Neighborhood Life] x=8282.00 y=11719.00 z=0 | username=Marisol Vega [Neighborhood Life] x=8277.00 y=11696.00 z=0 | username=Amara Okonkwo [Neighborhood Life] x=8283.00 y=11718.00 z=0 | local=nl-guest] productionNpcReplicas=3 productionHouseholdFurnishings=0 OnlinePlayersCount=1 [local=nl-guest] productionRemoteMarkers=0 productionPresenceMarkers=1 productionNpcNativePaths=3 productionNpcFallbackReplicas=0.
[14-09-26 00:41:18.210] LOG  : Lua          f:1500 st:212,794,253> NLQA MP PRESENCE: revision=1789360878190 players=2 names=nl-host@8282.50,11720.50,1,nl-guest@8469.50,11558.50,1.
[14-09-26 00:41:18.210] LOG  : Lua          f:1500 st:212,794,253> NLQA MP NPC PRESENCE: revision=1789360878190 count=3 entries=marisol@8277.43,11695.70,0/w1,kenji@8281.56,11720.44,0/w1,amara@8282.56,11719.44,0/w1.
[14-09-26 00:41:22.460] LOG  : Lua          f:1755 st:212,798,503> NLQA MP PRESENCE: revision=1789360882436 players=2 names=nl-host@8282.50,11720.50,1,nl-guest@8469.50,11558.50,1.
[14-09-26 00:41:22.460] LOG  : Lua          f:1755 st:212,798,503> NLQA MP NPC PRESENCE: revision=1789360882436 count=3 entries=marisol@8277.41,11695.62,0/w1,kenji@8281.67,11720.33,0/w1,amara@8282.67,11719.33,0/w1.
[14-09-26 00:41:23.181] LOG  : Lua          f:1799 st:212,799,224> NLQA MP REMOTE SCAN: IsoPlayerCount=4 [local=nl-guest] GameClient=unavailable RemoteSurvivorsCount=0 [] ObjectListForLuaCount=37 [username=Kenji Arakawa [Neighborhood Life] x=8282.00 y=11719.00 z=0 | username=Marisol Vega [Neighborhood Life] x=8277.00 y=11696.00 z=0 | username=Amara Okonkwo [Neighborhood Life] x=8283.00 y=11718.00 z=0 | local=nl-guest] productionNpcReplicas=3 productionHouseholdFurnishings=0 OnlinePlayersCount=1 [local=nl-guest] productionRemoteMarkers=0 productionPresenceMarkers=1 productionNpcNativePaths=3 productionNpcFallbackReplicas=0.
[14-09-26 00:41:23.210] LOG  : Lua          f:1800 st:212,799,253> NLQA MP PRESENCE: revision=1789360883195 players=2 names=nl-host@8282.50,11720.50,1,nl-guest@8469.50,11558.50,1.
[14-09-26 00:41:23.210] LOG  : Lua          f:1800 st:212,799,253> NLQA MP NPC PRESENCE: revision=1789360883195 count=3 entries=marisol@8277.39,11695.55,0/w1,kenji@8281.67,11720.33,0/w1,amara@8282.67,11719.33,0/w1.
[14-09-26 00:41:27.443] LOG  : Lua          f:2054 st:212,803,486> NLQA MP PRESENCE: revision=1789360887431 players=2 names=nl-host@8282.50,11720.50,1,nl-guest@8469.50,11558.50,1.
[14-09-26 00:41:27.443] LOG  : Lua          f:2054 st:212,803,486> NLQA MP NPC PRESENCE: revision=1789360887431 count=3 entries=marisol@8277.38,11695.47,0/w1,kenji@8281.73,11720.27,0/w1,amara@8282.73,11719.27,0/w1.
[14-09-26 00:41:27.593] LOG  : Lua          f:2063 st:212,803,636> NLQA MP NPC PRESENCE: revision=1789360887573 count=3 entries=marisol@8277.38,11695.47,0/w1,kenji@8281.73,11720.27,0/w1,amara@8282.73,11719.27,0/w1.
[14-09-26 00:41:28.181] LOG  : Lua          f:2099 st:212,804,225> NLQA MP REMOTE SCAN: IsoPlayerCount=4 [local=nl-guest] GameClient=unavailable RemoteSurvivorsCount=0 [] ObjectListForLuaCount=37 [username=Kenji Arakawa [Neighborhood Life] x=8282.00 y=11719.00 z=0 | username=Marisol Vega [Neighborhood Life] x=8277.00 y=11696.00 z=0 | username=Amara Okonkwo [Neighborhood Life] x=8283.00 y=11718.00 z=0 | local=nl-guest] productionNpcReplicas=3 productionHouseholdFurnishings=0 OnlinePlayersCount=1 [local=nl-guest] productionRemoteMarkers=0 productionPresenceMarkers=1 productionNpcNativePaths=3 productionNpcFallbackReplicas=0.
[14-09-26 00:41:28.210] LOG  : Lua          f:2100 st:212,804,253> NLQA MP PRESENCE: revision=1789360888191 players=2 names=nl-host@8282.50,11720.50,1,nl-guest@8469.50,11558.50,1.
[14-09-26 00:41:28.210] LOG  : Lua          f:2100 st:212,804,253> NLQA MP NPC PRESENCE: revision=1789360888191 count=3 entries=marisol@8277.38,11695.47,0/w1,kenji@8281.73,11720.27,0/w1,amara@8282.73,11719.27,0/w1.
[14-09-26 00:41:32.443] LOG  : Lua          f:2354 st:212,808,486> NLQA MP PRESENCE: revision=1789360892429 players=2 names=nl-host@8282.50,11720.50,1,nl-guest@8469.50,11558.50,1.
[14-09-26 00:41:32.444] LOG  : Lua          f:2354 st:212,808,486> NLQA MP NPC PRESENCE: revision=1789360892429 count=3 entries=marisol@8277.34,11695.31,0/w1,kenji@8281.84,11720.16,0/w1,amara@8282.84,11719.16,0/w1.
[14-09-26 00:41:33.180] LOG  : Lua          f:2399 st:212,809,223> NLQA MP REMOTE SCAN: IsoPlayerCount=4 [local=nl-guest] GameClient=unavailable RemoteSurvivorsCount=0 [] ObjectListForLuaCount=37 [username=Kenji Arakawa [Neighborhood Life] x=8282.00 y=11719.00 z=0 | username=Marisol Vega [Neighborhood Life] x=8277.00 y=11696.00 z=0 | username=Amara Okonkwo [Neighborhood Life] x=8283.00 y=11718.00 z=0 | local=nl-guest] productionNpcReplicas=3 productionHouseholdFurnishings=0 OnlinePlayersCount=1 [local=nl-guest] productionRemoteMarkers=0 productionPresenceMarkers=1 productionNpcNativePaths=3 productionNpcFallbackReplicas=0.
[14-09-26 00:41:33.210] LOG  : Lua          f:2400 st:212,809,253> NLQA MP PRESENCE: revision=1789360893196 players=2 names=nl-host@8282.50,11720.50,1,nl-guest@8469.50,11558.50,1.
[14-09-26 00:41:33.210] LOG  : Lua          f:2400 st:212,809,253> NLQA MP NPC PRESENCE: revision=1789360893196 count=3 entries=marisol@8277.34,11695.31,0/w1,kenji@8281.84,11720.16,0/w1,amara@8282.84,11719.16,0/w1.
[14-09-26 00:41:37.460] LOG  : Lua          f:2655 st:212,813,503> NLQA MP PRESENCE: revision=1789360897438 players=2 names=nl-host@8282.50,11720.50,1,nl-guest@8469.50,11558.50,1.
[14-09-26 00:41:37.460] LOG  : Lua          f:2655 st:212,813,503> NLQA MP NPC PRESENCE: revision=1789360897438 count=3 entries=marisol@8277.32,11695.23,0/w1,kenji@8281.90,11720.10,0/w1,amara@8282.90,11719.10,0/w1.
[14-09-26 00:41:38.210] LOG  : Lua          f:2700 st:212,814,253> NLQA MP PRESENCE: revision=1789360898196 players=2 names=nl-host@8282.50,11720.50,1,nl-guest@8469.50,11558.50,1.
[14-09-26 00:41:38.210] LOG  : Lua          f:2700 st:212,814,253> NLQA MP NPC PRESENCE: revision=1789360898196 count=3 entries=marisol@8277.31,11695.16,0/w1,kenji@8281.95,11720.05,0/w1,amara@8282.95,11719.05,0/w1.
[14-09-26 00:41:39.593] LOG  : Lua          f:2783 st:212,815,636> NLQA MP NPC PRESENCE: revision=1789360899573 count=3 entries=marisol@8277.31,11695.16,0/w1,kenji@8281.95,11720.05,0/w1,amara@8282.95,11719.05,0/w1.
[14-09-26 00:41:42.443] LOG  : Lua          f:2954 st:212,818,486> NLQA MP PRESENCE: revision=1789360902428 players=2 names=nl-host@8282.50,11720.50,1,nl-guest@8469.50,11558.50,1.
[14-09-26 00:41:42.443] LOG  : Lua          f:2954 st:212,818,486> NLQA MP NPC PRESENCE: revision=1789360902428 count=3 entries=marisol@8277.29,11695.08,0/w1,kenji@8282.01,11719.99,0/w1,amara@8283.01,11718.99,0/w1.
[14-09-26 00:41:43.210] LOG  : Lua          f:3000 st:212,819,253> NLQA MP PRESENCE: revision=1789360903192 players=2 names=nl-host@8282.50,11720.50,1,nl-guest@8469.50,11558.50,1.
[14-09-26 00:41:43.210] LOG  : Lua          f:3000 st:212,819,253> NLQA MP NPC PRESENCE: revision=1789360903192 count=3 entries=marisol@8277.29,11695.08,0/w1,kenji@8282.01,11719.99,0/w1,amara@8283.01,11718.99,0/w1.
[14-09-26 00:41:47.460] LOG  : Lua          f:3255 st:212,823,503> NLQA MP PRESENCE: revision=1789360907433 players=2 names=nl-host@8282.50,11720.50,1,nl-guest@8469.50,11558.50,1.
[14-09-26 00:41:47.460] LOG  : Lua          f:3255 st:212,823,503> NLQA MP NPC PRESENCE: revision=1789360907433 count=3 entries=marisol@8277.25,11694.92,0/w1,kenji@8282.12,11719.88,0/w1,amara@8283.12,11718.88,0/w1.
[14-09-26 00:41:48.210] LOG  : Lua          f:3300 st:212,824,253> NLQA MP PRESENCE: revision=1789360908198 players=2 names=nl-host@8282.50,11720.50,1,nl-guest@8469.50,11558.50,1.
[14-09-26 00:41:48.210] LOG  : Lua          f:3300 st:212,824,253> NLQA MP NPC PRESENCE: revision=1789360908198 count=3 entries=marisol@8277.25,11694.92,0/w1,kenji@8282.12,11719.88,0/w1,amara@8283.12,11718.88,0/w1.
