LOG  : General      f:0> 12-09-2026 20:52:46
LOG  : General      f:0> SLF4J(I): Attempting to load provider "zombie.core.logger.Slf4jBridge" specified via "slf4j.provider" system property
LOG  : General      f:0> ===== System specs =====
LOG  : General      f:0> CPU: AMD Ryzen 7 7800X3D 8-Core Processor           , vendor: AuthenticAMD, cores: 8, threads: 16
LOG  : General      f:0> RAM: 31905 Mb
LOG  : General      f:0> Base board: MAG B650 TOMAHAWK WIFI (MS-7D75), vendor: Micro-Star International Co., Ltd.
LOG  : General      f:0> GPU: AMD Radeon(TM) Graphics, vendor: Advanced Micro Devices, Inc., video memory: 512 Mb, driver: 31.0.24002.92
LOG  : General      f:0> GPU: NVIDIA GeForce RTX 4070, vendor: NVIDIA, video memory: 12282 Mb, driver: 32.0.15.9186
LOG  : General      f:0> Disk info: 1863.00 Gb, free space: 240.02 Gb, usable space: 240.02 Gb
LOG  : General      f:0> OS: Windows 11, version: 10.0, arch: amd64, build: 26200
LOG  : General      f:0> JVM (free: 476 Mb, max: 2048 Mb, total available: 502 Mb)
LOG  : General      f:0> ========================
LOG  : General      f:0> java.specification.version=25
LOG  : General      f:0> sun.cpu.isalist=amd64
LOG  : General      f:0> sun.jnu.encoding=Cp1252
LOG  : General      f:0> java.vm.vendor=Azul Systems, Inc.
LOG  : General      f:0> sun.arch.data.model=64
LOG  : General      f:0> java.vendor.url=http://www.azul.com/
LOG  : General      f:0> zomboid.steam=0
LOG  : General      f:0> java.vm.specification.version=25
LOG  : General      f:0> os.name=Windows 11
LOG  : General      f:0> sun.java.launcher=SUN_STANDARD
LOG  : General      f:0> sun.java.command=zombie.gameStates.MainScreenState -ca...
LOG  : General      f:0> slf4j.provider=zombie.core.logger.Slf4jBridge
LOG  : General      f:0> jdk.debug=release
LOG  : General      f:0> sun.cpu.endian=little
LOG  : General      f:0> java.specification.vendor=Oracle Corporation
LOG  : General      f:0> java.version.date=2025-10-21
LOG  : General      f:0> java.home=E:\SteamLibrary\steamapps\common\Proj...
LOG  : General      f:0> file.separator=\
LOG  : General      f:0> java.vm.compressedOopsMode=32-bit
LOG  : General      f:0> line.separator=

LOG  : General      f:0> java.vm.specification.vendor=Oracle Corporation
LOG  : General      f:0> java.specification.name=Java Platform API Specification
LOG  : General      f:0> java.awt.headless=true
LOG  : General      f:0> sun.management.compiler=HotSpot 64-Bit Tiered Compilers
LOG  : General      f:0> java.runtime.version=25.0.1+8-LTS
LOG  : General      f:0> stdout.encoding=Cp1252
LOG  : General      f:0> os.version=10.0
LOG  : General      f:0> jna.nosys=false
LOG  : General      f:0> java.runtime.name=OpenJDK Runtime Environment
LOG  : General      f:0> file.encoding=UTF-8
LOG  : General      f:0> java.vm.name=OpenJDK 64-Bit Server VM
LOG  : General      f:0> java.vendor.version=Zulu25.30+17-CA
LOG  : General      f:0> jna.loaded=true
LOG  : General      f:0> java.vendor.url.bug=http://www.azul.com/support/
LOG  : General      f:0> java.version=25.0.1
LOG  : General      f:0> os.arch=amd64
LOG  : General      f:0> java.vm.specification.name=Java Virtual Machine Specification
LOG  : General      f:0> sun.os.patch.level=
LOG  : General      f:0> native.encoding=Cp1252
LOG  : General      f:0> java.vm.info=mixed mode, sharing
LOG  : General      f:0> stderr.encoding=Cp1252
LOG  : General      f:0> java.vendor=Azul Systems, Inc.
LOG  : General      f:0> java.vm.version=25.0.1+8-LTS
LOG  : General      f:0> stdin.encoding=Cp1252
LOG  : General      f:0> sun.io.unicode.encoding=UnicodeLittle
LOG  : General      f:0> java.class.version=69.0
LOG  : General      f:0> -----
LOG  : General      f:0> version=42.20.4 b0bbce05d5 demo=false
LOG  : General      f:0> revision=b0bbce05d5 pzbullet=1.0.0.28
LOG  : General      f:0> Logs configuration:
LOG  : General      f:0>      General: General
LOG  : General      f:0>      Network: General
LOG  : General      f:0>          Lua: General
LOG  : General      f:0>          Mod: General
LOG  : General      f:0>  Multiplayer: General
LOG  : General      f:0>      Default: Off
LOG  : General      f:0> LightingFPS set to 15
LOG  : General      f:0> Display mode changed to 1280x720 freq=0 fullScreen=false
LOG  : General      f:0> GraphicsCard: NVIDIA Corporation NVIDIA GeForce RTX 4070/PCIe/SSE2
LOG  : General      f:0> OpenGL version: 4.6.0 NVIDIA 591.86
LOG  : General      f:0> Desktop resolution 2560x1440
LOG  : General      f:0> Initial resolution 1280x720 fullScreen=false
LOG  : General      f:0> OpenGL 1.5 buffer objects supported
LOG  : General      f:0> VSync: OFF
LOG  : General      f:0> Loading networking libraries...
LOG  : General      f:0> Loading RakNet64...
LOG  : General      f:0> Loading ZNetNoSteam64...
LOG  : General      f:0> SteamUtils started without Steam
LOG  : General      f:0> Loading Mods
LOG  : Mod          f:0> loading NeighborhoodLifeHUD
LOG  : Mod          f:0> loading NeighborhoodQA
LOG  : General      f:0> Loading Translations
LOG  : General      f:0> texturepack: loading UI
LOG  : General      f:0> Loading UI texture pack
LOG  : General      f:0> texturepack: loading UI2
LOG  : General      f:0> Loading UI2 texture pack
LOG  : General      f:0> texturepack: loading IconsMoveables
LOG  : General      f:0> Loading IconsMoveables texture pack
LOG  : General      f:0> texturepack: loading RadioIcons
LOG  : General      f:0> Loading RadioIcons texture pack
LOG  : General      f:0> texturepack: loading ApComUI
LOG  : General      f:0> Loading ApComUI texture pack
LOG  : General      f:0> texturepack: loading Mechanics
LOG  : General      f:0> Loading Mechanics texture pack
LOG  : General      f:0> texturepack: loading WeatherFx
LOG  : General      f:0> Loading WeatherFx texture pack
LOG  : General      f:0> Loading Scripts
ERROR: General      f:0 at FluidContainerScript.load           > Sanitizing container name 'Large Bucket', name may not contain whitespaces.
ERROR: General      f:0 at FluidContainerScript.load           > Sanitizing container name 'Fuel Pump', name may not contain whitespaces.
WARN : General      f:0 at XuiSkin$EntityUiStyle.Load          > Could not find icon: Build_AnvilStone, script = Stone Anvil
WARN : General      f:0 at XuiSkin$EntityUiStyle.LoadComponentInfo> Could not find icon: Build_AnvilStone
WARN : General      f:0 at XuiSkin$EntityUiStyle.Load          > Could not find icon: Build_AnvilStone, script = Stone Anvil
WARN : General      f:0 at XuiSkin$EntityUiStyle.LoadComponentInfo> Could not find icon: Build_AnvilStone
WARN : General      f:0 at XuiSkin$EntityUiStyle.Load          > Could not find icon: Build_AnvilStone, script = Stone Anvil
WARN : General      f:0 at XuiSkin$EntityUiStyle.LoadComponentInfo> Could not find icon: Build_AnvilStone
WARN : General      f:0 at XuiSkin$EntityUiStyle.Load          > Could not find icon: Build_AnvilStone, script = Stone Anvil
WARN : General      f:0 at XuiSkin$EntityUiStyle.LoadComponentInfo> Could not find icon: Build_AnvilStone
WARN : General      f:0 at TaggedObjectManager.createTagBits   > manager-> new tag discovered that was not preprocessed, tag: keyduplicator
WARN : General      f:0 at TaggedObjectManager.createTagBits   > manager-> new tag discovered that was not preprocessed, tag: choppingblock
LOG  : General      f:0> Loading Clothing
LOG  : General      f:0> 
LOG  : General      f:0> Loading Lua
WARN : Lua          f:0 at Lua(Vanilla).corpseStorageCheck     > require("ISUI/ISInventoryPaneContextMenu") failed
WARN : Lua          f:0 at Lua(Vanilla).corpseStorageCheck     > require("ISUI/ISVehicleMenu") failed
WARN : Lua          f:0 at Lua(Vanilla).corpseStorageCheck     > require("ISUI/ISContextMenu") failed
WARN : Lua          f:0 at Lua(Vanilla).ISCampingMenu          > require("Camping/CCampfireSystem") failed
WARN : Lua          f:0 at Lua(Vanilla).ISInventoryTransferUtil> require("TimedActions/ISInventoryTransferAction") failed
WARN : Lua          f:0 at Lua(Vanilla).ISInventoryTransferUtil> require("ISUI/PlayerData/ISPlayerData") failed
WARN : Lua          f:0 at Lua(Vanilla).ISAnimalContextMenu    > require("BuildingObjects/ISAnimalPickMateCursor") failed
WARN : Lua          f:0 at Lua(Vanilla).TakeSameType           > require("ISUI/InventoryWindow/ISLootWindowControlHandler") failed
WARN : Lua          f:0 at Lua(Vanilla).FloorTakeSameType      > require("ISUI/InventoryWindow/ISLootWindowControlHandler") failed
WARN : Lua          f:0 at Lua(Vanilla).testUI                 > require("pzapi/ui/ui") failed
LOG  : Lua          f:0> OnLoadSoundbanks
LOG  : General      f:0> texturepack: loading Tiles2x
LOG  : General      f:0> Loading Tiles2x texture pack
LOG  : General      f:0> texturepack: loading Overlays2x
LOG  : General      f:0> Loading Overlays2x texture pack
LOG  : General      f:0> texturepack: loading JumboTrees2x
LOG  : General      f:0> Loading JumboTrees2x texture pack
LOG  : General      f:0> texturepack: loading JumboTreesBigs2x
LOG  : General      f:0> Loading JumboTreesBigs2x texture pack
LOG  : General      f:0> texturepack: loading Tiles2x.floor
LOG  : General      f:0> Loading Tiles2x.floor texture pack
LOG  : General      f:0> texturepack: loading B42ChunkCaching2x
LOG  : General      f:0> Loading B42ChunkCaching2x texture pack
LOG  : General      f:0> texturepack: loading B42ChunkCaching2x.floor
LOG  : General      f:0> Loading B42ChunkCaching2x.floor texture pack
LOG  : General      f:0> texturepack: loading Clock2x
LOG  : General      f:0> Loading Clock2x texture pack
LOG  : General      f:0> Loading models and animations
LOG  : General      f:0> Game booting
LOG  : General      f:0> STATE: exit zombie.gameStates.TISLogoState
LOG  : General      f:0> STATE: exit zombie.gameStates.TermsOfServiceState
LOG  : General      f:0> binkId: 1
WARN : Lua          f:0 at Lua(Vanilla).namedColorToTable      > env.lua-> namedColorToTable color not found: ProgressYellow
LOG  : Lua          f:0> NLQA STAT HUNGER 0..1
LOG  : Lua          f:0> NLQA STAT THIRST 0..1
LOG  : Lua          f:0> NLQA STAT FATIGUE 0..1
LOG  : Lua          f:0> NLQA STAT BOREDOM 0..100
LOG  : Lua          f:0> NLQA STAT STRESS 0..1
LOG  : Lua          f:0> NLQA STAT UNHAPPINESS 0..100
LOG  : Lua          f:0> NLQA PASS: actual item/perk/stat APIs and real ISPanel journal construction
LOG  : General      f:0> binkId: 2
LOG  : General      f:0> STATE: exit zombie.gameStates.MainScreenState
LOG  : General      f:0> LOADED UP A TOTAL OF 575 TEXTURES
LOG  : General      f:0> STATE: exit zombie.gameStates.LoadingQueueState
LOG  : Lua          f:0> Initializing Randomized World Tabletop Clutter Tables
WARN : Lua          f:0 at Lua(Vanilla).Features               > recursive require(): E:/SteamLibrary/steamapps/common/ProjectZomboid/media/lua/server/WorldGen/WorldGen.lua
WARN : Lua          f:0 at Lua(Vanilla).Biomes                 > recursive require(): E:/SteamLibrary/steamapps/common/ProjectZomboid/media/lua/server/WorldGen/WorldGen.lua
WARN : Lua          f:0 at Lua(Vanilla).Selection              > recursive require(): E:/SteamLibrary/steamapps/common/ProjectZomboid/media/lua/server/WorldGen/WorldGen.lua
WARN : Lua          f:0 at Lua(Vanilla).Veins                  > recursive require(): E:/SteamLibrary/steamapps/common/ProjectZomboid/media/lua/server/WorldGen/WorldGen.lua
WARN : Lua          f:0 at Lua(Vanilla).Roads                  > recursive require(): E:/SteamLibrary/steamapps/common/ProjectZomboid/media/lua/server/WorldGen/WorldGen.lua
WARN : Lua          f:0 at Lua(Vanilla).WorldGen               > recursive require(): E:/SteamLibrary/steamapps/common/ProjectZomboid/media/lua/server/WorldGen/attachments/Priorities.lua
ERROR: General      f:0 at CraftRecipeComponentScript.getIconTexture> CraftRecipeComponentScript: Recipe Piano missing UiConfigScript - falling back to SpriteConfigScript first world object face for recipe icon.
LOG  : General      f:0> SafeMode is off
LOG  : General      f:0> Loading worldgen params
LOG  : General      f:0> IsoMetaGrid.Create: begin scanning directories
LOG  : General      f:0> Looking in these map folders:
LOG  : General      f:0> <End of map-folders list>
LOG  : General      f:0> IsoMetaGrid.Create: X: [ -250 250 ], Y: [ -250 250 ]
LOG  : General      f:0> World seed: vaeZfszPtLptRCtp 1004588780
LOG  : General      f:0> IsoMetaGrid.Create: finished scanning directories in 0.043 seconds
LOG  : General      f:0> IsoMetaGrid.Create: begin loading
LOG  : General      f:0> VehiclesDB2.init() start
LOG  : General      f:0> VehiclesDB2.init() end
LOG  : General      f:0> triggerEvent OnInitWorld
LOG  : General      f:0> SandboxOptions.load() start
LOG  : General      f:0> SandboxOptions.load() end
LOG  : General      f:0> ItemPickerJava.Parse() start
LOG  : General      f:0> ItemPickerJava.Parse() end
LOG  : General      f:0> LoadTileDefinitions start
LOG  : General      f:0> LoadTileDefinitions end
LOG  : General      f:0> triggerEvent OnLoadedTileDefinitions
LOG  : General      f:0> loadAnimalDefinitions start
LOG  : General      f:0> loadAnimalDefinitions end
LOG  : General      f:0> GameTime.init() and load() start
LOG  : General      f:0> GameTime.init() and load() end
LOG  : General      f:0> ZomboidRadio.Init() start
LOG  : Lua          f:0> scriptmanager = zombie.radio.scripting.RadioScriptManager@41b3ed8e, isNewGame = false
LOG  : Lua          f:0> name = Automated Emergency Broadcast System, freq = 91800, cat = Emergency, uuid = EMRG-711984
LOG  : General      f:0> Radio Loading channels...
LOG  : General      f:0> ZomboidRadio.Init() end
LOG  : General      f:0> GlobalModData.init() start
LOG  : General      f:0> GlobalModData.init() end
LOG  : General      f:0> InstanceTracker.load() start
LOG  : General      f:0> InstanceTracker.load() end
LOG  : General      f:0> ErosionGlobals.Boot() start
LOG  : General      f:0> ErosionGlobals.Boot() end
LOG  : General      f:0> WorldDictionary.init() start
LOG  : General      f:0> WorldDictionary: Checking dictionary...
LOG  : General      f:0> Loading WorldDictionary:E:\pzmod\test-profile\Saves\Apocalypse\2026-09-12_20-19-59\WorldDictionary.bin
LOG  : General      f:0> WorldDictionary.init() end
LOG  : General      f:0> GameEntityManager.Init() start
LOG  : General      f:0> GameEntityManager.Init() end
LOG  : General      f:0> PersistentOutfits.init() start
LOG  : General      f:0> PersistentOutfits.init() end
LOG  : General      f:0> IsoMetaGrid.Create: finished loading in 3.605 seconds
ERROR: Lua          f:0 at Lua(Vanilla).handleMannequinZone    > ERROR: Mannequin zone missing properties in media/maps/Muldraugh, KY/objects.lua coords: 13583, 1299, 0
WARN : Lua          f:0 at Lua(Vanilla).doMapZones             > can't find map objects file: media/maps/West Point, KY/objects.lua
WARN : Lua          f:0 at Lua(Vanilla).doMapZones             > can't find map objects file: media/maps/Valley Station, KY/objects.lua
WARN : Lua          f:0 at Lua(Vanilla).doMapZones             > can't find map objects file: media/maps/Rosewood, KY/objects.lua
WARN : Lua          f:0 at Lua(Vanilla).doMapZones             > can't find map objects file: media/maps/Riverside, KY/objects.lua
WARN : Lua          f:0 at Lua(Vanilla).doMapZones             > can't find map objects file: media/maps/March Ridge, KY/objects.lua
WARN : Lua          f:0 at Lua(Vanilla).doMapZones             > can't find map objects file: media/maps/Irvington, KY/objects.lua
WARN : Lua          f:0 at Lua(Vanilla).doMapZones             > can't find map objects file: media/maps/Fallas Lake, KY/objects.lua
WARN : Lua          f:0 at Lua(Vanilla).doMapZones             > can't find map objects file: media/maps/Ekron, KY/objects.lua
WARN : Lua          f:0 at Lua(Vanilla).doMapZones             > can't find map objects file: media/maps/Echo Creek, KY/objects.lua
WARN : Lua          f:0 at Lua(Vanilla).doMapZones             > can't find map objects file: media/maps/Brandenburg, KY/objects.lua
ERROR: General      f:0 at Basements.mergeRoomsOntoMetaCell    > duplicate RoomDef.metaID for room at 10707,9484,0
ERROR: General      f:0 at IsoMetaGrid.load                    > invalid room metaID #231 in cell 25,33 while reading map_meta.bin
ERROR: General      f:0 at IsoMetaGrid.load                    > invalid room metaID #327914 in cell 25,33 while reading map_meta.bin
ERROR: General      f:0 at IsoMetaGrid.load                    > invalid room metaID #327911 in cell 25,33 while reading map_meta.bin
ERROR: General      f:0 at IsoMetaGrid.load                    > invalid room metaID #655594 in cell 25,33 while reading map_meta.bin
LOG  : General      f:0> loading 8867 zones from map_zone.bin
LOG  : General      f:0> loading 121 zones from map_animals.bin
LOG  : General      f:0> Max #ZONES on one chunk is 27
LOG  : General      f:0> triggerEvent OnLoadedMapZones
LOG  : General      f:0> ItemConfigurator.Preprocess() start
LOG  : General      f:0> ItemConfigurator.Preprocess() end
LOG  : General      f:0> MapCollisionData.init() start
LOG  : General      f:0> MapCollisionData.init() end
LOG  : General      f:0> AnimalPopulationManager.init() start
LOG  : General      f:0> AnimalPopulationManager.init() end
LOG  : General      f:0> ZombiePopulationManager.init() start
LOG  : General      f:0> GameThread exited.
LOG  : General      f:0> ZombiePopulationManager.init() end
LOG  : General      f:0> Pathfind init() start
LOG  : General      f:0> Pathfind init() end
LOG  : General      f:0> WorldStreamer.create() start
LOG  : General      f:0> WorldStreamer.create() end
LOG  : General      f:0> CellLoader.LoadCellBinaryChunk start
LOG  : General      f:0> CellLoader.LoadCellBinaryChunk start
LOG  : General      f:0> MapItem.LoadWorldMap() start
LOG  : General      f:0> MapItem.LoadWorldMap() start
LOG  : General      f:0> WorldStreamer.isBusy() loop start
